<html>
<body>
<pre>
<h1>µVision Build Log</h1>
<h2>Tool Versions:</h2>
IDE-Version: µVision V5.28.0.0
Copyright (C) 2019 ARM Ltd and ARM Germany GmbH. All rights reserved.
License Information: hamas khan, taraz, LIC=IC9VE-5S9H8-IM99B-2XE0L-DMA3A-3B9D3
 
Tool Versions:
Toolchain:       MDK-ARM Professional  Version: 5.28.0.0
Toolchain Path:  C:\Keil_v5\ARM\ARMCC\Bin
C Compiler:      Armcc.exe V5.06 update 6 (build 750)
Assembler:       Armasm.exe V5.06 update 6 (build 750)
Linker/Locator:  ArmLink.exe V5.06 update 6 (build 750)
Library Manager: ArmAr.exe V5.06 update 6 (build 750)
Hex Converter:   FromElf.exe V5.06 update 6 (build 750)
CPU DLL:         SARMCM3.DLL V5.28.0.0
Dialog DLL:      DCM.DLL V1.17.3.0
Target DLL:      Segger\JL2CM3.dll V2.99.36.0
Dialog DLL:      TCM.DLL V1.36.2.0
 
<h2>Project:</h2>
C:\TarazWorkDir\IntellisensSpiMaster\application\k66\IntellisensSpiMaster.uvprojx
Project File Date:  07/16/2020

<h2>Output:</h2>
*** Using Compiler 'V5.06 update 6 (build 750)', folder: 'C:\Keil_v5\ARM\ARMCC\Bin'
Build target 'Target 1'
compiling mainApp.c...
..\..\application\UserConfig.h(72): warning:  #1-D: last line of file ends without a newline
  /* EOF */
..\..\spiApp\spiParams.h(110): warning:  #1295-D: Deprecated declaration InitSetup - give arg types
  	void InitSetup();
..\..\spiApp\spiParams.h(118): warning:  #1295-D: Deprecated declaration AutoTestMode1 - give arg types
  	bool AutoTestMode1();
..\..\spiApp\spiParams.h(119): warning:  #1295-D: Deprecated declaration AutoTestMode2 - give arg types
  	bool AutoTestMode2();
..\..\spiApp\spiParams.h(120): warning:  #1295-D: Deprecated declaration AutoTestMode3 - give arg types
  	bool AutoTestMode3();
..\..\spiApp\spiParams.h(121): warning:  #1295-D: Deprecated declaration AutoTestMode4 - give arg types
  	bool AutoTestMode4();
..\..\spiApp\spiParams.h(131): warning:  #1295-D: Deprecated declaration SendStopConv - give arg types
  	void SendStopConv();
..\..\spiApp\spiParams.h(132): warning:  #1295-D: Deprecated declaration SendStartConv - give arg types
  	void SendStartConv();
..\..\spiApp\spiParams.h(133): warning:  #1295-D: Deprecated declaration WaitTillIdle - give arg types
  	void WaitTillIdle();
..\..\spiApp\spiParams.h(149): warning:  #1-D: last line of file ends without a newline
  /* EOF */
mainApp.c(68): warning:  #111-D: statement is unreachable
  return 0;
mainApp.c(69): warning:  #1-D: last line of file ends without a newline
  }
mainApp.c: 12 warnings, 0 errors
linking...
..\..\devices\MK66F18\arm\MK66FN2M0xxx18_flash.scf(67): warning: L6314W: No section matches pattern *(NonCacheable.init).
..\..\devices\MK66F18\arm\MK66FN2M0xxx18_flash.scf(68): warning: L6314W: No section matches pattern *(NonCacheable).
Program Size: Code=14128 RO-data=1440 RW-data=140 ZI-data=2224  
Finished: 0 information, 2 warning and 0 error messages.
".\Objects\IntellisensSpiMaster.axf" - 0 Error(s), 14 Warning(s).

<h2>Software Packages used:</h2>

Package Vendor: Keil
                http://www.keil.com/pack/Keil.Kinetis_K60_DFP.1.5.0.pack
                Keil.Kinetis_K60_DFP.1.5.0
                NXP Kinetis K60 Series Device Support and Examples

<h2>Collection of Component include folders:</h2>
  .\RTE\_Target_1
  C:\Users\Taraz Tech1\AppData\Local\Arm\Packs\Keil\Kinetis_K60_DFP\1.5.0\Device\Include

<h2>Collection of Component Files used:</h2>
Build Time Elapsed:  00:00:05
</pre>
</body>
</html>
