<html>
<body>
<pre>
<h1>µVision Build Log</h1>
<h2>Tool Versions:</h2>
IDE-Version: µVision V5.28.0.0
Copyright (C) 2019 ARM Ltd and ARM Germany GmbH. All rights reserved.
License Information: hamas khan, taraz, LIC=IC9VE-5S9H8-IM99B-2XE0L-DMA3A-3B9D3
 
Tool Versions:
Toolchain:       MDK-ARM Professional  Version: 5.28.0.0
Toolchain Path:  C:\Keil_v5\ARM\ARMCC\Bin
C Compiler:      Armcc.exe V5.06 update 6 (build 750)
Assembler:       Armasm.exe V5.06 update 6 (build 750)
Linker/Locator:  ArmLink.exe V5.06 update 6 (build 750)
Library Manager: ArmAr.exe V5.06 update 6 (build 750)
Hex Converter:   FromElf.exe V5.06 update 6 (build 750)
CPU DLL:         SARMCM3.DLL V5.28.0.0
Dialog DLL:      DCM.DLL V1.17.3.0
Target DLL:      Segger\JL2CM3.dll V2.99.36.0
Dialog DLL:      TCM.DLL V1.36.2.0
 
<h2>Project:</h2>
C:\TarazWorkDir\IntellisensSpiMaster\application\k66\IntellisensSpiMaster.uvprojx
Project File Date:  07/17/2020

<h2>Output:</h2>
*** Using Compiler 'V5.06 update 6 (build 750)', folder: 'C:\Keil_v5\ARM\ARMCC\Bin'
Build target 'Target 1'
compiling pin_mux.c...
compiling clock_config.c...
compiling mainApp.c...
..\..\application\UserConfig.h(72): warning:  #1-D: last line of file ends without a newline
  /* EOF */
..\..\spiApp\spiParams.h(110): warning:  #1295-D: Deprecated declaration InitSetup - give arg types
  	void InitSetup();
..\..\spiApp\spiParams.h(118): warning:  #1295-D: Deprecated declaration AutoTestMode1 - give arg types
  	bool AutoTestMode1();
..\..\spiApp\spiParams.h(119): warning:  #1295-D: Deprecated declaration AutoTestMode2 - give arg types
  	bool AutoTestMode2();
..\..\spiApp\spiParams.h(120): warning:  #1295-D: Deprecated declaration AutoTestMode3 - give arg types
  	bool AutoTestMode3();
..\..\spiApp\spiParams.h(121): warning:  #1295-D: Deprecated declaration AutoTestMode4 - give arg types
  	bool AutoTestMode4();
..\..\spiApp\spiParams.h(131): warning:  #1295-D: Deprecated declaration SendStopConv - give arg types
  	void SendStopConv();
..\..\spiApp\spiParams.h(132): warning:  #1295-D: Deprecated declaration SendStartConv - give arg types
  	void SendStartConv();
..\..\spiApp\spiParams.h(133): warning:  #1295-D: Deprecated declaration WaitTillIdle - give arg types
  	void WaitTillIdle();
..\..\spiApp\spiParams.h(149): warning:  #1-D: last line of file ends without a newline
  /* EOF */
mainApp.c(68): warning:  #111-D: statement is unreachable
  return 0;
mainApp.c(69): warning:  #1-D: last line of file ends without a newline
  }
mainApp.c: 12 warnings, 0 errors
compiling spiTestApp.c...
..\..\application\UserConfig.h(72): warning:  #1-D: last line of file ends without a newline
  /* EOF */
..\..\spiApp\spiParams.h(110): warning:  #1295-D: Deprecated declaration InitSetup - give arg types
  	void InitSetup();
..\..\spiApp\spiParams.h(118): warning:  #1295-D: Deprecated declaration AutoTestMode1 - give arg types
  	bool AutoTestMode1();
..\..\spiApp\spiParams.h(119): warning:  #1295-D: Deprecated declaration AutoTestMode2 - give arg types
  	bool AutoTestMode2();
..\..\spiApp\spiParams.h(120): warning:  #1295-D: Deprecated declaration AutoTestMode3 - give arg types
  	bool AutoTestMode3();
..\..\spiApp\spiParams.h(121): warning:  #1295-D: Deprecated declaration AutoTestMode4 - give arg types
  	bool AutoTestMode4();
..\..\spiApp\spiParams.h(131): warning:  #1295-D: Deprecated declaration SendStopConv - give arg types
  	void SendStopConv();
..\..\spiApp\spiParams.h(132): warning:  #1295-D: Deprecated declaration SendStartConv - give arg types
  	void SendStartConv();
..\..\spiApp\spiParams.h(133): warning:  #1295-D: Deprecated declaration WaitTillIdle - give arg types
  	void WaitTillIdle();
..\..\spiApp\spiParams.h(149): warning:  #1-D: last line of file ends without a newline
  /* EOF */
..\..\SpiCommunication\spiComm.h(35): warning:  #1295-D: Deprecated declaration SpiInit - give arg types
   void SpiInit();
..\..\SpiCommunication\spiComm.h(36): warning:  #1295-D: Deprecated declaration HaltSpiTransfer - give arg types
   void HaltSpiTransfer();
..\..\SpiCommunication\spiComm.h(37): warning:  #1295-D: Deprecated declaration SpiDeInit - give arg types
   void SpiDeInit();
..\..\SpiCommunication\spiComm.h(39): warning:  #1295-D: Deprecated declaration SendDummy - give arg types
   void SendDummy();
..\..\SpiCommunication\spiComm.h(41): warning:  #1295-D: Deprecated declaration ReadSpi - give arg types
   uint16_t ReadSpi();
..\..\SpiCommunication\spiComm.h(42): warning:  #1295-D: Deprecated declaration ReadSpiBurst - give arg types
   uint16_t ReadSpiBurst();
..\..\SpiCommunication\spiComm.h(56): warning:  #1-D: last line of file ends without a newline
  /* EOF */
..\..\HelpingModules\timers.h(37): warning:  #1295-D: Deprecated declaration PitInit - give arg types
   void PitInit();
..\..\HelpingModules\timers.h(52): warning:  #1-D: last line of file ends without a newline
  /* EOF */
..\..\HelpingModules\dma.h(42): warning:  #1295-D: Deprecated declaration StopDma - give arg types
  void StopDma();
..\..\HelpingModules\dma.h(44): warning:  #1295-D: Deprecated declaration DmaInit - give arg types
  void DmaInit() ;
..\..\HelpingModules\dma.h(58): warning:  #1-D: last line of file ends without a newline
  /* EOF */
..\..\I2Commands\I2Commands.h(35): warning:  #1295-D: Deprecated declaration ActivateSlaveSpi - give arg types
   void ActivateSlaveSpi();
..\..\I2Commands\I2Commands.h(45): warning:  #1295-D: Deprecated declaration SendStopConv - give arg types
   void SendStopConv();
..\..\I2Commands\I2Commands.h(46): warning:  #1295-D: Deprecated declaration SendStartConv - give arg types
   void SendStartConv();
..\..\I2Commands\I2Commands.h(52): warning:  #1295-D: Deprecated declaration WaitTillIdle - give arg types
   void WaitTillIdle();
..\..\I2Commands\I2Commands.h(67): warning:  #1-D: last line of file ends without a newline
  /* EOF */
..\..\HelpingModules\gpio.h(34): warning:  #1295-D: Deprecated declaration GpioInit - give arg types
  void GpioInit();
..\..\HelpingModules\gpio.h(35): warning:  #1295-D: Deprecated declaration ErrorSet - give arg types
  void ErrorSet();
..\..\HelpingModules\gpio.h(50): warning:  #1-D: last line of file ends without a newline
  /* EOF */
..\..\spiApp\spiTestApp.c(93): warning:  #1-D: last line of file ends without a newline
  /* EOF */
..\..\spiApp\spiTestApp.c: 31 warnings, 0 errors
compiling fsl_cache.c...
compiling fsl_cmp.c...
compiling fsl_adc16.c...
compiling fsl_clock.c...
compiling fsl_dac.c...
compiling fsl_cmt.c...
compiling fsl_crc.c...
compiling fsl_common.c...
compiling fsl_dmamux.c...
compiling fsl_edma.c...
compiling fsl_dspi_edma.c...
compiling fsl_dspi.c...
compiling fsl_ewm.c...
compiling fsl_flexbus.c...
compiling fsl_flexcan.c...
compiling fsl_enet.c...
compiling fsl_ftfx_cache.c...
compiling fsl_ftfx_flexnvm.c...
compiling fsl_ftfx_controller.c...
..\..\devices\MK66F18\drivers\fsl_ftfx_controller.c(162): warning:  #1296-D: extended constant initialiser used
  static volatile uint32_t *const kFCCOBx = (volatile uint32_t *)(uint32_t)&FTFx_FCCOB3_REG;
..\..\devices\MK66F18\drivers\fsl_ftfx_controller.c: 1 warning, 0 errors
compiling fsl_ftfx_flash.c...
..\..\devices\MK66F18\drivers\fsl_ftfx_flash.c(64): warning:  #1296-D: extended constant initialiser used
  static volatile uint32_t *const kFPROTL = (volatile uint32_t *)(uint32_t)&FTFx_FPROT_LOW_REG;
..\..\devices\MK66F18\drivers\fsl_ftfx_flash.c: 1 warning, 0 errors
compiling fsl_gpio.c...
compiling fsl_i2c_edma.c...
compiling fsl_ftm.c...
compiling fsl_i2c.c...
compiling fsl_lpuart.c...
compiling fsl_llwu.c...
compiling fsl_lptmr.c...
compiling fsl_lmem_cache.c...
compiling fsl_pdb.c...
compiling fsl_pmc.c...
compiling fsl_pit.c...
compiling fsl_lpuart_edma.c...
compiling fsl_rnga.c...
compiling fsl_rtc.c...
compiling fsl_rcm.c...
compiling fsl_sai.c...
compiling fsl_sdramc.c...
compiling fsl_sim.c...
compiling fsl_sdhc.c...
compiling fsl_sai_edma.c...
compiling fsl_tsi_v4.c...
compiling fsl_sysmpu.c...
compiling fsl_smc.c...
compiling fsl_tpm.c...
compiling fsl_wdog.c...
compiling fsl_vref.c...
compiling fsl_uart_edma.c...
assembling startup_MK66F18.s...
compiling fsl_uart.c...
compiling system_MK66F18.c...
compiling spiComm.c...
..\..\application\UserConfig.h(72): warning:  #1-D: last line of file ends without a newline
  /* EOF */
..\..\spiApp\spiParams.h(110): warning:  #1295-D: Deprecated declaration InitSetup - give arg types
  	void InitSetup();
..\..\spiApp\spiParams.h(118): warning:  #1295-D: Deprecated declaration AutoTestMode1 - give arg types
  	bool AutoTestMode1();
..\..\spiApp\spiParams.h(119): warning:  #1295-D: Deprecated declaration AutoTestMode2 - give arg types
  	bool AutoTestMode2();
..\..\spiApp\spiParams.h(120): warning:  #1295-D: Deprecated declaration AutoTestMode3 - give arg types
  	bool AutoTestMode3();
..\..\spiApp\spiParams.h(121): warning:  #1295-D: Deprecated declaration AutoTestMode4 - give arg types
  	bool AutoTestMode4();
..\..\spiApp\spiParams.h(131): warning:  #1295-D: Deprecated declaration SendStopConv - give arg types
  	void SendStopConv();
..\..\spiApp\spiParams.h(132): warning:  #1295-D: Deprecated declaration SendStartConv - give arg types
  	void SendStartConv();
..\..\spiApp\spiParams.h(133): warning:  #1295-D: Deprecated declaration WaitTillIdle - give arg types
  	void WaitTillIdle();
..\..\spiApp\spiParams.h(149): warning:  #1-D: last line of file ends without a newline
  /* EOF */
..\..\SpiCommunication\spiComm.c(34): warning:  #1295-D: Deprecated declaration StartSpiTransfer - give arg types
  static void StartSpiTransfer();
..\..\SpiCommunication\spiComm.c(35): warning:  #1295-D: Deprecated declaration ClearSpiFlags - give arg types
  static void ClearSpiFlags();
..\..\SpiCommunication\spiComm.c(167): warning:  #1-D: last line of file ends without a newline
  /* EOF */
..\..\SpiCommunication\spiComm.c(50): warning:  #177-D: function "ClearSpiFlags"  was declared but never referenced
  static void ClearSpiFlags()
..\..\SpiCommunication\spiComm.c: 14 warnings, 0 errors
compiling I2Commands.c...
..\..\application\UserConfig.h(72): warning:  #1-D: last line of file ends without a newline
  /* EOF */
..\..\spiApp\spiParams.h(110): warning:  #1295-D: Deprecated declaration InitSetup - give arg types
  	void InitSetup();
..\..\spiApp\spiParams.h(118): warning:  #1295-D: Deprecated declaration AutoTestMode1 - give arg types
  	bool AutoTestMode1();
..\..\spiApp\spiParams.h(119): warning:  #1295-D: Deprecated declaration AutoTestMode2 - give arg types
  	bool AutoTestMode2();
..\..\spiApp\spiParams.h(120): warning:  #1295-D: Deprecated declaration AutoTestMode3 - give arg types
  	bool AutoTestMode3();
..\..\spiApp\spiParams.h(121): warning:  #1295-D: Deprecated declaration AutoTestMode4 - give arg types
  	bool AutoTestMode4();
..\..\spiApp\spiParams.h(131): warning:  #1295-D: Deprecated declaration SendStopConv - give arg types
  	void SendStopConv();
..\..\spiApp\spiParams.h(132): warning:  #1295-D: Deprecated declaration SendStartConv - give arg types
  	void SendStartConv();
..\..\spiApp\spiParams.h(133): warning:  #1295-D: Deprecated declaration WaitTillIdle - give arg types
  	void WaitTillIdle();
..\..\spiApp\spiParams.h(149): warning:  #1-D: last line of file ends without a newline
  /* EOF */
..\..\SpiCommunication\spiComm.h(35): warning:  #1295-D: Deprecated declaration SpiInit - give arg types
   void SpiInit();
..\..\SpiCommunication\spiComm.h(36): warning:  #1295-D: Deprecated declaration HaltSpiTransfer - give arg types
   void HaltSpiTransfer();
..\..\SpiCommunication\spiComm.h(37): warning:  #1295-D: Deprecated declaration SpiDeInit - give arg types
   void SpiDeInit();
..\..\SpiCommunication\spiComm.h(39): warning:  #1295-D: Deprecated declaration SendDummy - give arg types
   void SendDummy();
..\..\SpiCommunication\spiComm.h(41): warning:  #1295-D: Deprecated declaration ReadSpi - give arg types
   uint16_t ReadSpi();
..\..\SpiCommunication\spiComm.h(42): warning:  #1295-D: Deprecated declaration ReadSpiBurst - give arg types
   uint16_t ReadSpiBurst();
..\..\SpiCommunication\spiComm.h(56): warning:  #1-D: last line of file ends without a newline
  /* EOF */
..\..\HelpingModules\timers.h(37): warning:  #1295-D: Deprecated declaration PitInit - give arg types
   void PitInit();
..\..\HelpingModules\timers.h(52): warning:  #1-D: last line of file ends without a newline
  /* EOF */
..\..\HelpingModules\dma.h(42): warning:  #1295-D: Deprecated declaration StopDma - give arg types
  void StopDma();
..\..\HelpingModules\dma.h(44): warning:  #1295-D: Deprecated declaration DmaInit - give arg types
  void DmaInit() ;
..\..\HelpingModules\dma.h(58): warning:  #1-D: last line of file ends without a newline
  /* EOF */
..\..\I2Commands\I2Commands.h(35): warning:  #1295-D: Deprecated declaration ActivateSlaveSpi - give arg types
   void ActivateSlaveSpi();
..\..\I2Commands\I2Commands.h(45): warning:  #1295-D: Deprecated declaration SendStopConv - give arg types
   void SendStopConv();
..\..\I2Commands\I2Commands.h(46): warning:  #1295-D: Deprecated declaration SendStartConv - give arg types
   void SendStartConv();
..\..\I2Commands\I2Commands.h(52): warning:  #1295-D: Deprecated declaration WaitTillIdle - give arg types
   void WaitTillIdle();
..\..\I2Commands\I2Commands.h(67): warning:  #1-D: last line of file ends without a newline
  /* EOF */
..\..\I2Commands\I2Commands.c(178): warning:  #188-D: enumerated type mixed with another type
  		burstSizeEnum = burstSize;
..\..\I2Commands\I2Commands.c(204): warning:  #167-D: argument of type "uint16_t *" is incompatible with parameter of type "short *"
  	ReadReg16(REGRCFG3,&temp);
..\..\I2Commands\I2Commands.c(216): warning:  #188-D: enumerated type mixed with another type
  			spiI2Props.runMode = mode;
..\..\I2Commands\I2Commands.c(221): warning:  #188-D: enumerated type mixed with another type
  			spiI2Props.runMode = mode;
..\..\I2Commands\I2Commands.c(226): warning:  #188-D: enumerated type mixed with another type
  			spiI2Props.runMode = mode;
..\..\I2Commands\I2Commands.c(231): warning:  #188-D: enumerated type mixed with another type
  			spiI2Props.runMode = mode;
..\..\I2Commands\I2Commands.c(433): warning:  #1-D: last line of file ends without a newline
  /* EOF */
..\..\I2Commands\I2Commands.c: 34 warnings, 0 errors
compiling dma.c...
..\..\application\UserConfig.h(72): warning:  #1-D: last line of file ends without a newline
  /* EOF */
..\..\spiApp\spiParams.h(110): warning:  #1295-D: Deprecated declaration InitSetup - give arg types
  	void InitSetup();
..\..\spiApp\spiParams.h(118): warning:  #1295-D: Deprecated declaration AutoTestMode1 - give arg types
  	bool AutoTestMode1();
..\..\spiApp\spiParams.h(119): warning:  #1295-D: Deprecated declaration AutoTestMode2 - give arg types
  	bool AutoTestMode2();
..\..\spiApp\spiParams.h(120): warning:  #1295-D: Deprecated declaration AutoTestMode3 - give arg types
  	bool AutoTestMode3();
..\..\spiApp\spiParams.h(121): warning:  #1295-D: Deprecated declaration AutoTestMode4 - give arg types
  	bool AutoTestMode4();
..\..\spiApp\spiParams.h(131): warning:  #1295-D: Deprecated declaration SendStopConv - give arg types
  	void SendStopConv();
..\..\spiApp\spiParams.h(132): warning:  #1295-D: Deprecated declaration SendStartConv - give arg types
  	void SendStartConv();
..\..\spiApp\spiParams.h(133): warning:  #1295-D: Deprecated declaration WaitTillIdle - give arg types
  	void WaitTillIdle();
..\..\spiApp\spiParams.h(149): warning:  #1-D: last line of file ends without a newline
  /* EOF */
..\..\HelpingModules\dma.h(42): warning:  #1295-D: Deprecated declaration StopDma - give arg types
  void StopDma();
..\..\HelpingModules\dma.h(44): warning:  #1295-D: Deprecated declaration DmaInit - give arg types
  void DmaInit() ;
..\..\HelpingModules\dma.h(58): warning:  #1-D: last line of file ends without a newline
  /* EOF */
..\..\HelpingModules\dma.c(56): warning:  #513-D: a value of type "short *" cannot be assigned to an entity of type "uint32_t"
  	DMA->TCD[DMA_RX_CHNL].DADDR = resBuffer;
..\..\HelpingModules\dma.c(57): warning:  #513-D: a value of type "short *" cannot be assigned to an entity of type "uint32_t"
  	DMA->TCD[DMA_TX_CHNL].SADDR = dummy;
..\..\HelpingModules\dma.c(94): warning:  #1-D: last line of file ends without a newline
  /* EOF */
..\..\HelpingModules\dma.c: 16 warnings, 0 errors
compiling gpio.c...
..\..\application\UserConfig.h(72): warning:  #1-D: last line of file ends without a newline
  /* EOF */
..\..\HelpingModules\gpio.c(48): warning:  #1-D: last line of file ends without a newline
  /* EOF */
..\..\HelpingModules\gpio.c: 2 warnings, 0 errors
compiling TestMode1.c...
..\..\application\UserConfig.h(72): warning:  #1-D: last line of file ends without a newline
  /* EOF */
..\..\spiApp\spiParams.h(110): warning:  #1295-D: Deprecated declaration InitSetup - give arg types
  	void InitSetup();
..\..\spiApp\spiParams.h(118): warning:  #1295-D: Deprecated declaration AutoTestMode1 - give arg types
  	bool AutoTestMode1();
..\..\spiApp\spiParams.h(119): warning:  #1295-D: Deprecated declaration AutoTestMode2 - give arg types
  	bool AutoTestMode2();
..\..\spiApp\spiParams.h(120): warning:  #1295-D: Deprecated declaration AutoTestMode3 - give arg types
  	bool AutoTestMode3();
..\..\spiApp\spiParams.h(121): warning:  #1295-D: Deprecated declaration AutoTestMode4 - give arg types
  	bool AutoTestMode4();
..\..\spiApp\spiParams.h(131): warning:  #1295-D: Deprecated declaration SendStopConv - give arg types
  	void SendStopConv();
..\..\spiApp\spiParams.h(132): warning:  #1295-D: Deprecated declaration SendStartConv - give arg types
  	void SendStartConv();
..\..\spiApp\spiParams.h(133): warning:  #1295-D: Deprecated declaration WaitTillIdle - give arg types
  	void WaitTillIdle();
..\..\spiApp\spiParams.h(149): warning:  #1-D: last line of file ends without a newline
  /* EOF */
..\..\I2Commands\I2Commands.h(35): warning:  #1295-D: Deprecated declaration ActivateSlaveSpi - give arg types
   void ActivateSlaveSpi();
..\..\I2Commands\I2Commands.h(45): warning:  #1295-D: Deprecated declaration SendStopConv - give arg types
   void SendStopConv();
..\..\I2Commands\I2Commands.h(46): warning:  #1295-D: Deprecated declaration SendStartConv - give arg types
   void SendStartConv();
..\..\I2Commands\I2Commands.h(52): warning:  #1295-D: Deprecated declaration WaitTillIdle - give arg types
   void WaitTillIdle();
..\..\I2Commands\I2Commands.h(67): warning:  #1-D: last line of file ends without a newline
  /* EOF */
..\..\TestingFiles\TestMode1.c(41): warning:  #177-D: variable "mult"  was declared but never referenced
  	float success = 0, mult = 0.0;
..\..\TestingFiles\TestMode1.c(107): warning:  #1-D: last line of file ends without a newline
  /* EOF */
..\..\TestingFiles\TestMode1.c: 17 warnings, 0 errors
compiling timers.c...
..\..\application\UserConfig.h(72): warning:  #1-D: last line of file ends without a newline
  /* EOF */
..\..\spiApp\spiParams.h(110): warning:  #1295-D: Deprecated declaration InitSetup - give arg types
  	void InitSetup();
..\..\spiApp\spiParams.h(118): warning:  #1295-D: Deprecated declaration AutoTestMode1 - give arg types
  	bool AutoTestMode1();
..\..\spiApp\spiParams.h(119): warning:  #1295-D: Deprecated declaration AutoTestMode2 - give arg types
  	bool AutoTestMode2();
..\..\spiApp\spiParams.h(120): warning:  #1295-D: Deprecated declaration AutoTestMode3 - give arg types
  	bool AutoTestMode3();
..\..\spiApp\spiParams.h(121): warning:  #1295-D: Deprecated declaration AutoTestMode4 - give arg types
  	bool AutoTestMode4();
..\..\spiApp\spiParams.h(131): warning:  #1295-D: Deprecated declaration SendStopConv - give arg types
  	void SendStopConv();
..\..\spiApp\spiParams.h(132): warning:  #1295-D: Deprecated declaration SendStartConv - give arg types
  	void SendStartConv();
..\..\spiApp\spiParams.h(133): warning:  #1295-D: Deprecated declaration WaitTillIdle - give arg types
  	void WaitTillIdle();
..\..\spiApp\spiParams.h(149): warning:  #1-D: last line of file ends without a newline
  /* EOF */
..\..\HelpingModules\timers.h(37): warning:  #1295-D: Deprecated declaration PitInit - give arg types
   void PitInit();
..\..\HelpingModules\timers.h(52): warning:  #1-D: last line of file ends without a newline
  /* EOF */
..\..\HelpingModules\timers.c(61): warning:  #1-D: last line of file ends without a newline
  /* EOF */
..\..\HelpingModules\timers.c: 13 warnings, 0 errors
compiling TestMode2.c...
..\..\application\UserConfig.h(72): warning:  #1-D: last line of file ends without a newline
  /* EOF */
..\..\spiApp\spiParams.h(110): warning:  #1295-D: Deprecated declaration InitSetup - give arg types
  	void InitSetup();
..\..\spiApp\spiParams.h(118): warning:  #1295-D: Deprecated declaration AutoTestMode1 - give arg types
  	bool AutoTestMode1();
..\..\spiApp\spiParams.h(119): warning:  #1295-D: Deprecated declaration AutoTestMode2 - give arg types
  	bool AutoTestMode2();
..\..\spiApp\spiParams.h(120): warning:  #1295-D: Deprecated declaration AutoTestMode3 - give arg types
  	bool AutoTestMode3();
..\..\spiApp\spiParams.h(121): warning:  #1295-D: Deprecated declaration AutoTestMode4 - give arg types
  	bool AutoTestMode4();
..\..\spiApp\spiParams.h(131): warning:  #1295-D: Deprecated declaration SendStopConv - give arg types
  	void SendStopConv();
..\..\spiApp\spiParams.h(132): warning:  #1295-D: Deprecated declaration SendStartConv - give arg types
  	void SendStartConv();
..\..\spiApp\spiParams.h(133): warning:  #1295-D: Deprecated declaration WaitTillIdle - give arg types
  	void WaitTillIdle();
..\..\spiApp\spiParams.h(149): warning:  #1-D: last line of file ends without a newline
  /* EOF */
..\..\I2Commands\I2Commands.h(35): warning:  #1295-D: Deprecated declaration ActivateSlaveSpi - give arg types
   void ActivateSlaveSpi();
..\..\I2Commands\I2Commands.h(45): warning:  #1295-D: Deprecated declaration SendStopConv - give arg types
   void SendStopConv();
..\..\I2Commands\I2Commands.h(46): warning:  #1295-D: Deprecated declaration SendStartConv - give arg types
   void SendStartConv();
..\..\I2Commands\I2Commands.h(52): warning:  #1295-D: Deprecated declaration WaitTillIdle - give arg types
   void WaitTillIdle();
..\..\I2Commands\I2Commands.h(67): warning:  #1-D: last line of file ends without a newline
  /* EOF */
..\..\TestingFiles\TestMode2.c(40): warning:  #177-D: variable "resultCh1"  was declared but never referenced
  	short resultChnls[BURST_512]={0}, resultCh1[BURST_512/2] = {0}, resultCh2[BURST_512/2] = {0}, testNum =250;
..\..\TestingFiles\TestMode2.c(40): warning:  #177-D: variable "resultCh2"  was declared but never referenced
  	short resultChnls[BURST_512]={0}, resultCh1[BURST_512/2] = {0}, resultCh2[BURST_512/2] = {0}, testNum =250;
..\..\TestingFiles\TestMode2.c(41): warning:  #177-D: variable "mult"  was declared but never referenced
  	float success = 0, mult = 0;
..\..\TestingFiles\TestMode2.c(129): warning:  #1-D: last line of file ends without a newline
  /* EOF */
..\..\TestingFiles\TestMode2.c: 19 warnings, 0 errors
compiling TestMode4.c...
..\..\application\UserConfig.h(72): warning:  #1-D: last line of file ends without a newline
  /* EOF */
..\..\spiApp\spiParams.h(110): warning:  #1295-D: Deprecated declaration InitSetup - give arg types
  	void InitSetup();
..\..\spiApp\spiParams.h(118): warning:  #1295-D: Deprecated declaration AutoTestMode1 - give arg types
  	bool AutoTestMode1();
..\..\spiApp\spiParams.h(119): warning:  #1295-D: Deprecated declaration AutoTestMode2 - give arg types
  	bool AutoTestMode2();
..\..\spiApp\spiParams.h(120): warning:  #1295-D: Deprecated declaration AutoTestMode3 - give arg types
  	bool AutoTestMode3();
..\..\spiApp\spiParams.h(121): warning:  #1295-D: Deprecated declaration AutoTestMode4 - give arg types
  	bool AutoTestMode4();
..\..\spiApp\spiParams.h(131): warning:  #1295-D: Deprecated declaration SendStopConv - give arg types
  	void SendStopConv();
..\..\spiApp\spiParams.h(132): warning:  #1295-D: Deprecated declaration SendStartConv - give arg types
  	void SendStartConv();
..\..\spiApp\spiParams.h(133): warning:  #1295-D: Deprecated declaration WaitTillIdle - give arg types
  	void WaitTillIdle();
..\..\spiApp\spiParams.h(149): warning:  #1-D: last line of file ends without a newline
  /* EOF */
..\..\I2Commands\I2Commands.h(35): warning:  #1295-D: Deprecated declaration ActivateSlaveSpi - give arg types
   void ActivateSlaveSpi();
..\..\I2Commands\I2Commands.h(45): warning:  #1295-D: Deprecated declaration SendStopConv - give arg types
   void SendStopConv();
..\..\I2Commands\I2Commands.h(46): warning:  #1295-D: Deprecated declaration SendStartConv - give arg types
   void SendStartConv();
..\..\I2Commands\I2Commands.h(52): warning:  #1295-D: Deprecated declaration WaitTillIdle - give arg types
   void WaitTillIdle();
..\..\I2Commands\I2Commands.h(67): warning:  #1-D: last line of file ends without a newline
  /* EOF */
..\..\HelpingModules\timers.h(37): warning:  #1295-D: Deprecated declaration PitInit - give arg types
   void PitInit();
..\..\HelpingModules\timers.h(52): warning:  #1-D: last line of file ends without a newline
  /* EOF */
..\..\TestingFiles\TestMode4.c(43): warning:  #177-D: variable "resultCh1"  was declared but never referenced
  	short resultChnls[BURST_512], resultCh1[BURST_512/2], resultCh2[BURST_512/2] = {0}, testNum =100;
..\..\TestingFiles\TestMode4.c(43): warning:  #177-D: variable "resultCh2"  was declared but never referenced
  	short resultChnls[BURST_512], resultCh1[BURST_512/2], resultCh2[BURST_512/2] = {0}, testNum =100;
..\..\TestingFiles\TestMode4.c(43): warning:  #177-D: variable "testNum"  was declared but never referenced
  	short resultChnls[BURST_512], resultCh1[BURST_512/2], resultCh2[BURST_512/2] = {0}, testNum =100;
..\..\TestingFiles\TestMode4.c(44): warning:  #177-D: variable "mult"  was declared but never referenced
  	float success = 0, mult = 0.0, dif = 0, time =0.0;
..\..\TestingFiles\TestMode4.c(165): warning:  #1-D: last line of file ends without a newline
  /* EOF */
..\..\TestingFiles\TestMode4.c: 22 warnings, 0 errors
compiling TestMode3.c...
..\..\application\UserConfig.h(72): warning:  #1-D: last line of file ends without a newline
  /* EOF */
..\..\spiApp\spiParams.h(110): warning:  #1295-D: Deprecated declaration InitSetup - give arg types
  	void InitSetup();
..\..\spiApp\spiParams.h(118): warning:  #1295-D: Deprecated declaration AutoTestMode1 - give arg types
  	bool AutoTestMode1();
..\..\spiApp\spiParams.h(119): warning:  #1295-D: Deprecated declaration AutoTestMode2 - give arg types
  	bool AutoTestMode2();
..\..\spiApp\spiParams.h(120): warning:  #1295-D: Deprecated declaration AutoTestMode3 - give arg types
  	bool AutoTestMode3();
..\..\spiApp\spiParams.h(121): warning:  #1295-D: Deprecated declaration AutoTestMode4 - give arg types
  	bool AutoTestMode4();
..\..\spiApp\spiParams.h(131): warning:  #1295-D: Deprecated declaration SendStopConv - give arg types
  	void SendStopConv();
..\..\spiApp\spiParams.h(132): warning:  #1295-D: Deprecated declaration SendStartConv - give arg types
  	void SendStartConv();
..\..\spiApp\spiParams.h(133): warning:  #1295-D: Deprecated declaration WaitTillIdle - give arg types
  	void WaitTillIdle();
..\..\spiApp\spiParams.h(149): warning:  #1-D: last line of file ends without a newline
  /* EOF */
..\..\I2Commands\I2Commands.h(35): warning:  #1295-D: Deprecated declaration ActivateSlaveSpi - give arg types
   void ActivateSlaveSpi();
..\..\I2Commands\I2Commands.h(45): warning:  #1295-D: Deprecated declaration SendStopConv - give arg types
   void SendStopConv();
..\..\I2Commands\I2Commands.h(46): warning:  #1295-D: Deprecated declaration SendStartConv - give arg types
   void SendStartConv();
..\..\I2Commands\I2Commands.h(52): warning:  #1295-D: Deprecated declaration WaitTillIdle - give arg types
   void WaitTillIdle();
..\..\I2Commands\I2Commands.h(67): warning:  #1-D: last line of file ends without a newline
  /* EOF */
..\..\HelpingModules\timers.h(37): warning:  #1295-D: Deprecated declaration PitInit - give arg types
   void PitInit();
..\..\HelpingModules\timers.h(52): warning:  #1-D: last line of file ends without a newline
  /* EOF */
..\..\TestingFiles\TestMode3.c(43): warning:  #177-D: variable "mult"  was declared but never referenced
  	float success = 0, mult = 0.0;
..\..\TestingFiles\TestMode3.c(121): warning:  #1-D: last line of file ends without a newline
  /* EOF */
..\..\TestingFiles\TestMode3.c: 19 warnings, 0 errors
linking...
..\..\devices\MK66F18\arm\MK66FN2M0xxx18_flash.scf(67): warning: L6314W: No section matches pattern *(NonCacheable.init).
..\..\devices\MK66F18\arm\MK66FN2M0xxx18_flash.scf(68): warning: L6314W: No section matches pattern *(NonCacheable).
Program Size: Code=14128 RO-data=1440 RW-data=140 ZI-data=2224  
Finished: 0 information, 2 warning and 0 error messages.
".\Objects\IntellisensSpiMaster.axf" - 0 Error(s), 203 Warning(s).

<h2>Software Packages used:</h2>

Package Vendor: Keil
                http://www.keil.com/pack/Keil.Kinetis_K60_DFP.1.5.0.pack
                Keil.Kinetis_K60_DFP.1.5.0
                NXP Kinetis K60 Series Device Support and Examples

<h2>Collection of Component include folders:</h2>
  .\RTE\_Target_1
  C:\Users\Taraz Tech1\AppData\Local\Arm\Packs\Keil\Kinetis_K60_DFP\1.5.0\Device\Include

<h2>Collection of Component Files used:</h2>
Build Time Elapsed:  00:00:58
</pre>
</body>
</html>
