<!doctype html public "-//w3c//dtd html 4.0 transitional//en">
<html><head>
<title>Static Call Graph - [.\Objects\IntellisensSpiMaster.axf]</title></head>
<body><HR>
<H1>Static Call Graph for image .\Objects\IntellisensSpiMaster.axf</H1><HR>
<BR><P>#&#060CALLGRAPH&#062# ARM Linker, 5060750: Last Updated: Fri Jul 17 18:36:57 2020
<BR><P>
<H3>Maximum Stack Usage =       2152 bytes + Unknown(Cycles, Untraceable Function Pointers)</H3><H3>
Call chain for Maximum Stack Depth:</H3>
AutoTestMode2 &rArr; SetConvRate &rArr; __aeabi_dmul
<P>
<H3>
Mutually Recursive functions
</H3> <LI><a href="#[9]">NMI_Handler</a>&nbsp;&nbsp;&nbsp;&rArr;&nbsp;&nbsp;&nbsp;<a href="#[9]">NMI_Handler</a><BR>
 <LI><a href="#[a]">HardFault_Handler</a>&nbsp;&nbsp;&nbsp;&rArr;&nbsp;&nbsp;&nbsp;<a href="#[a]">HardFault_Handler</a><BR>
 <LI><a href="#[b]">MemManage_Handler</a>&nbsp;&nbsp;&nbsp;&rArr;&nbsp;&nbsp;&nbsp;<a href="#[b]">MemManage_Handler</a><BR>
 <LI><a href="#[c]">BusFault_Handler</a>&nbsp;&nbsp;&nbsp;&rArr;&nbsp;&nbsp;&nbsp;<a href="#[c]">BusFault_Handler</a><BR>
 <LI><a href="#[d]">UsageFault_Handler</a>&nbsp;&nbsp;&nbsp;&rArr;&nbsp;&nbsp;&nbsp;<a href="#[d]">UsageFault_Handler</a><BR>
 <LI><a href="#[e]">SVC_Handler</a>&nbsp;&nbsp;&nbsp;&rArr;&nbsp;&nbsp;&nbsp;<a href="#[e]">SVC_Handler</a><BR>
 <LI><a href="#[f]">DebugMon_Handler</a>&nbsp;&nbsp;&nbsp;&rArr;&nbsp;&nbsp;&nbsp;<a href="#[f]">DebugMon_Handler</a><BR>
 <LI><a href="#[10]">PendSV_Handler</a>&nbsp;&nbsp;&nbsp;&rArr;&nbsp;&nbsp;&nbsp;<a href="#[10]">PendSV_Handler</a><BR>
 <LI><a href="#[11]">SysTick_Handler</a>&nbsp;&nbsp;&nbsp;&rArr;&nbsp;&nbsp;&nbsp;<a href="#[11]">SysTick_Handler</a><BR>
</UL>
<P>
<H3>
Function Pointers
</H3><UL>
 <LI><a href="#[39]">ADC0_IRQHandler</a> from startup_mk66f18.o(.text) referenced from startup_mk66f18.o(RESET)
 <LI><a href="#[5b]">ADC1_IRQHandler</a> from startup_mk66f18.o(.text) referenced from startup_mk66f18.o(RESET)
 <LI><a href="#[a5]">AutoTestMode1</a> from testmode1.o(i.AutoTestMode1) referenced from spitestapp.o(.constdata)
 <LI><a href="#[a6]">AutoTestMode2</a> from testmode2.o(i.AutoTestMode2) referenced from spitestapp.o(.constdata)
 <LI><a href="#[a7]">AutoTestMode3</a> from testmode3.o(i.AutoTestMode3) referenced from spitestapp.o(.constdata)
 <LI><a href="#[a8]">AutoTestMode4</a> from testmode4.o(i.AutoTestMode4) referenced from spitestapp.o(.constdata)
 <LI><a href="#[c]">BusFault_Handler</a> from startup_mk66f18.o(.text) referenced from startup_mk66f18.o(RESET)
 <LI><a href="#[5e]">CAN0_Bus_Off_IRQHandler</a> from startup_mk66f18.o(.text) referenced from startup_mk66f18.o(RESET)
 <LI><a href="#[9c]">CAN0_DriverIRQHandler</a> from fsl_flexcan.o(i.CAN0_DriverIRQHandler) referenced from startup_mk66f18.o(.text)
 <LI><a href="#[5f]">CAN0_Error_IRQHandler</a> from startup_mk66f18.o(.text) referenced from startup_mk66f18.o(RESET)
 <LI><a href="#[5d]">CAN0_ORed_Message_buffer_IRQHandler</a> from startup_mk66f18.o(.text) referenced from startup_mk66f18.o(RESET)
 <LI><a href="#[61]">CAN0_Rx_Warning_IRQHandler</a> from startup_mk66f18.o(.text) referenced from startup_mk66f18.o(RESET)
 <LI><a href="#[60]">CAN0_Tx_Warning_IRQHandler</a> from startup_mk66f18.o(.text) referenced from startup_mk66f18.o(RESET)
 <LI><a href="#[62]">CAN0_Wake_Up_IRQHandler</a> from startup_mk66f18.o(.text) referenced from startup_mk66f18.o(RESET)
 <LI><a href="#[71]">CAN1_Bus_Off_IRQHandler</a> from startup_mk66f18.o(.text) referenced from startup_mk66f18.o(RESET)
 <LI><a href="#[a4]">CAN1_DriverIRQHandler</a> from fsl_flexcan.o(i.CAN1_DriverIRQHandler) referenced from startup_mk66f18.o(.text)
 <LI><a href="#[72]">CAN1_Error_IRQHandler</a> from startup_mk66f18.o(.text) referenced from startup_mk66f18.o(RESET)
 <LI><a href="#[70]">CAN1_ORed_Message_buffer_IRQHandler</a> from startup_mk66f18.o(.text) referenced from startup_mk66f18.o(RESET)
 <LI><a href="#[74]">CAN1_Rx_Warning_IRQHandler</a> from startup_mk66f18.o(.text) referenced from startup_mk66f18.o(RESET)
 <LI><a href="#[73]">CAN1_Tx_Warning_IRQHandler</a> from startup_mk66f18.o(.text) referenced from startup_mk66f18.o(RESET)
 <LI><a href="#[75]">CAN1_Wake_Up_IRQHandler</a> from startup_mk66f18.o(.text) referenced from startup_mk66f18.o(RESET)
 <LI><a href="#[3a]">CMP0_IRQHandler</a> from startup_mk66f18.o(.text) referenced from startup_mk66f18.o(RESET)
 <LI><a href="#[3b]">CMP1_IRQHandler</a> from startup_mk66f18.o(.text) referenced from startup_mk66f18.o(RESET)
 <LI><a href="#[58]">CMP2_IRQHandler</a> from startup_mk66f18.o(.text) referenced from startup_mk66f18.o(RESET)
 <LI><a href="#[6e]">CMP3_IRQHandler</a> from startup_mk66f18.o(.text) referenced from startup_mk66f18.o(RESET)
 <LI><a href="#[3f]">CMT_IRQHandler</a> from startup_mk66f18.o(.text) referenced from startup_mk66f18.o(RESET)
 <LI><a href="#[4a]">DAC0_IRQHandler</a> from startup_mk66f18.o(.text) referenced from startup_mk66f18.o(RESET)
 <LI><a href="#[5a]">DAC1_IRQHandler</a> from startup_mk66f18.o(.text) referenced from startup_mk66f18.o(RESET)
 <LI><a href="#[79]">DMA0_DMA16_DriverIRQHandler</a> from fsl_edma.o(i.DMA0_DMA16_DriverIRQHandler) referenced from startup_mk66f18.o(.text)
 <LI><a href="#[12]">DMA0_DMA16_IRQHandler</a> from startup_mk66f18.o(.text) referenced from startup_mk66f18.o(RESET)
 <LI><a href="#[83]">DMA10_DMA26_DriverIRQHandler</a> from fsl_edma.o(i.DMA10_DMA26_DriverIRQHandler) referenced from startup_mk66f18.o(.text)
 <LI><a href="#[1c]">DMA10_DMA26_IRQHandler</a> from startup_mk66f18.o(.text) referenced from startup_mk66f18.o(RESET)
 <LI><a href="#[84]">DMA11_DMA27_DriverIRQHandler</a> from fsl_edma.o(i.DMA11_DMA27_DriverIRQHandler) referenced from startup_mk66f18.o(.text)
 <LI><a href="#[1d]">DMA11_DMA27_IRQHandler</a> from startup_mk66f18.o(.text) referenced from startup_mk66f18.o(RESET)
 <LI><a href="#[85]">DMA12_DMA28_DriverIRQHandler</a> from fsl_edma.o(i.DMA12_DMA28_DriverIRQHandler) referenced from startup_mk66f18.o(.text)
 <LI><a href="#[1e]">DMA12_DMA28_IRQHandler</a> from startup_mk66f18.o(.text) referenced from startup_mk66f18.o(RESET)
 <LI><a href="#[86]">DMA13_DMA29_DriverIRQHandler</a> from fsl_edma.o(i.DMA13_DMA29_DriverIRQHandler) referenced from startup_mk66f18.o(.text)
 <LI><a href="#[1f]">DMA13_DMA29_IRQHandler</a> from startup_mk66f18.o(.text) referenced from startup_mk66f18.o(RESET)
 <LI><a href="#[87]">DMA14_DMA30_DriverIRQHandler</a> from fsl_edma.o(i.DMA14_DMA30_DriverIRQHandler) referenced from startup_mk66f18.o(.text)
 <LI><a href="#[20]">DMA14_DMA30_IRQHandler</a> from dma.o(i.DMA14_DMA30_IRQHandler) referenced from startup_mk66f18.o(RESET)
 <LI><a href="#[88]">DMA15_DMA31_DriverIRQHandler</a> from fsl_edma.o(i.DMA15_DMA31_DriverIRQHandler) referenced from startup_mk66f18.o(.text)
 <LI><a href="#[21]">DMA15_DMA31_IRQHandler</a> from startup_mk66f18.o(.text) referenced from startup_mk66f18.o(RESET)
 <LI><a href="#[7a]">DMA1_DMA17_DriverIRQHandler</a> from fsl_edma.o(i.DMA1_DMA17_DriverIRQHandler) referenced from startup_mk66f18.o(.text)
 <LI><a href="#[13]">DMA1_DMA17_IRQHandler</a> from startup_mk66f18.o(.text) referenced from startup_mk66f18.o(RESET)
 <LI><a href="#[7b]">DMA2_DMA18_DriverIRQHandler</a> from fsl_edma.o(i.DMA2_DMA18_DriverIRQHandler) referenced from startup_mk66f18.o(.text)
 <LI><a href="#[14]">DMA2_DMA18_IRQHandler</a> from startup_mk66f18.o(.text) referenced from startup_mk66f18.o(RESET)
 <LI><a href="#[7c]">DMA3_DMA19_DriverIRQHandler</a> from fsl_edma.o(i.DMA3_DMA19_DriverIRQHandler) referenced from startup_mk66f18.o(.text)
 <LI><a href="#[15]">DMA3_DMA19_IRQHandler</a> from startup_mk66f18.o(.text) referenced from startup_mk66f18.o(RESET)
 <LI><a href="#[7d]">DMA4_DMA20_DriverIRQHandler</a> from fsl_edma.o(i.DMA4_DMA20_DriverIRQHandler) referenced from startup_mk66f18.o(.text)
 <LI><a href="#[16]">DMA4_DMA20_IRQHandler</a> from startup_mk66f18.o(.text) referenced from startup_mk66f18.o(RESET)
 <LI><a href="#[7e]">DMA5_DMA21_DriverIRQHandler</a> from fsl_edma.o(i.DMA5_DMA21_DriverIRQHandler) referenced from startup_mk66f18.o(.text)
 <LI><a href="#[17]">DMA5_DMA21_IRQHandler</a> from startup_mk66f18.o(.text) referenced from startup_mk66f18.o(RESET)
 <LI><a href="#[7f]">DMA6_DMA22_DriverIRQHandler</a> from fsl_edma.o(i.DMA6_DMA22_DriverIRQHandler) referenced from startup_mk66f18.o(.text)
 <LI><a href="#[18]">DMA6_DMA22_IRQHandler</a> from startup_mk66f18.o(.text) referenced from startup_mk66f18.o(RESET)
 <LI><a href="#[80]">DMA7_DMA23_DriverIRQHandler</a> from fsl_edma.o(i.DMA7_DMA23_DriverIRQHandler) referenced from startup_mk66f18.o(.text)
 <LI><a href="#[19]">DMA7_DMA23_IRQHandler</a> from startup_mk66f18.o(.text) referenced from startup_mk66f18.o(RESET)
 <LI><a href="#[81]">DMA8_DMA24_DriverIRQHandler</a> from fsl_edma.o(i.DMA8_DMA24_DriverIRQHandler) referenced from startup_mk66f18.o(.text)
 <LI><a href="#[1a]">DMA8_DMA24_IRQHandler</a> from startup_mk66f18.o(.text) referenced from startup_mk66f18.o(RESET)
 <LI><a href="#[82]">DMA9_DMA25_DriverIRQHandler</a> from fsl_edma.o(i.DMA9_DMA25_DriverIRQHandler) referenced from startup_mk66f18.o(.text)
 <LI><a href="#[1b]">DMA9_DMA25_IRQHandler</a> from startup_mk66f18.o(.text) referenced from startup_mk66f18.o(RESET)
 <LI><a href="#[89]">DMA_Error_DriverIRQHandler</a> from startup_mk66f18.o(.text) referenced from startup_mk66f18.o(.text)
 <LI><a href="#[22]">DMA_Error_IRQHandler</a> from startup_mk66f18.o(.text) referenced from startup_mk66f18.o(RESET)
 <LI><a href="#[f]">DebugMon_Handler</a> from startup_mk66f18.o(.text) referenced from startup_mk66f18.o(RESET)
 <LI><a href="#[76]">DefaultISR</a> from startup_mk66f18.o(.text) referenced from startup_mk66f18.o(.text)
 <LI><a href="#[76]">DefaultISR</a> from startup_mk66f18.o(.text) referenced 139 times from startup_mk66f18.o(RESET)
 <LI><a href="#[9e]">ENET_1588_Timer_DriverIRQHandler</a> from startup_mk66f18.o(.text) referenced from startup_mk66f18.o(.text)
 <LI><a href="#[64]">ENET_1588_Timer_IRQHandler</a> from fsl_enet.o(i.ENET_1588_Timer_IRQHandler) referenced from startup_mk66f18.o(RESET)
 <LI><a href="#[a1]">ENET_Error_DriverIRQHandler</a> from startup_mk66f18.o(.text) referenced from startup_mk66f18.o(.text)
 <LI><a href="#[67]">ENET_Error_IRQHandler</a> from fsl_enet.o(i.ENET_Error_IRQHandler) referenced from startup_mk66f18.o(RESET)
 <LI><a href="#[a0]">ENET_Receive_DriverIRQHandler</a> from startup_mk66f18.o(.text) referenced from startup_mk66f18.o(.text)
 <LI><a href="#[66]">ENET_Receive_IRQHandler</a> from fsl_enet.o(i.ENET_Receive_IRQHandler) referenced from startup_mk66f18.o(RESET)
 <LI><a href="#[9f]">ENET_Transmit_DriverIRQHandler</a> from startup_mk66f18.o(.text) referenced from startup_mk66f18.o(.text)
 <LI><a href="#[65]">ENET_Transmit_IRQHandler</a> from fsl_enet.o(i.ENET_Transmit_IRQHandler) referenced from startup_mk66f18.o(RESET)
 <LI><a href="#[24]">FTFE_IRQHandler</a> from startup_mk66f18.o(.text) referenced from startup_mk66f18.o(RESET)
 <LI><a href="#[3c]">FTM0_IRQHandler</a> from startup_mk66f18.o(.text) referenced from startup_mk66f18.o(RESET)
 <LI><a href="#[3d]">FTM1_IRQHandler</a> from startup_mk66f18.o(.text) referenced from startup_mk66f18.o(RESET)
 <LI><a href="#[3e]">FTM2_IRQHandler</a> from startup_mk66f18.o(.text) referenced from startup_mk66f18.o(RESET)
 <LI><a href="#[59]">FTM3_IRQHandler</a> from startup_mk66f18.o(.text) referenced from startup_mk66f18.o(RESET)
 <LI><a href="#[a]">HardFault_Handler</a> from startup_mk66f18.o(.text) referenced from startup_mk66f18.o(RESET)
 <LI><a href="#[8a]">I2C0_DriverIRQHandler</a> from fsl_i2c.o(i.I2C0_DriverIRQHandler) referenced from startup_mk66f18.o(.text)
 <LI><a href="#[2a]">I2C0_IRQHandler</a> from startup_mk66f18.o(.text) referenced from startup_mk66f18.o(RESET)
 <LI><a href="#[8b]">I2C1_DriverIRQHandler</a> from fsl_i2c.o(i.I2C1_DriverIRQHandler) referenced from startup_mk66f18.o(.text)
 <LI><a href="#[2b]">I2C1_IRQHandler</a> from startup_mk66f18.o(.text) referenced from startup_mk66f18.o(RESET)
 <LI><a href="#[9b]">I2C2_DriverIRQHandler</a> from fsl_i2c.o(i.I2C2_DriverIRQHandler) referenced from startup_mk66f18.o(.text)
 <LI><a href="#[5c]">I2C2_IRQHandler</a> from startup_mk66f18.o(.text) referenced from startup_mk66f18.o(RESET)
 <LI><a href="#[a3]">I2C3_DriverIRQHandler</a> from fsl_i2c.o(i.I2C3_DriverIRQHandler) referenced from startup_mk66f18.o(.text)
 <LI><a href="#[6d]">I2C3_IRQHandler</a> from startup_mk66f18.o(.text) referenced from startup_mk66f18.o(RESET)
 <LI><a href="#[8f]">I2S0_Rx_DriverIRQHandler</a> from fsl_sai.o(i.I2S0_Rx_DriverIRQHandler) referenced from startup_mk66f18.o(.text)
 <LI><a href="#[2f]">I2S0_Rx_IRQHandler</a> from startup_mk66f18.o(.text) referenced from startup_mk66f18.o(RESET)
 <LI><a href="#[8e]">I2S0_Tx_DriverIRQHandler</a> from fsl_sai.o(i.I2S0_Tx_DriverIRQHandler) referenced from startup_mk66f18.o(.text)
 <LI><a href="#[2e]">I2S0_Tx_IRQHandler</a> from startup_mk66f18.o(.text) referenced from startup_mk66f18.o(RESET)
 <LI><a href="#[27]">LLWU_IRQHandler</a> from startup_mk66f18.o(.text) referenced from startup_mk66f18.o(RESET)
 <LI><a href="#[4c]">LPTMR0_IRQHandler</a> from startup_mk66f18.o(.text) referenced from startup_mk66f18.o(RESET)
 <LI><a href="#[a2]">LPUART0_DriverIRQHandler</a> from fsl_lpuart.o(i.LPUART0_DriverIRQHandler) referenced from startup_mk66f18.o(.text)
 <LI><a href="#[68]">LPUART0_IRQHandler</a> from startup_mk66f18.o(.text) referenced from startup_mk66f18.o(RESET)
 <LI><a href="#[26]">LVD_LVW_IRQHandler</a> from startup_mk66f18.o(.text) referenced from startup_mk66f18.o(RESET)
 <LI><a href="#[4b]">MCG_IRQHandler</a> from startup_mk66f18.o(.text) referenced from startup_mk66f18.o(RESET)
 <LI><a href="#[23]">MCM_IRQHandler</a> from startup_mk66f18.o(.text) referenced from startup_mk66f18.o(RESET)
 <LI><a href="#[b]">MemManage_Handler</a> from startup_mk66f18.o(.text) referenced from startup_mk66f18.o(RESET)
 <LI><a href="#[9]">NMI_Handler</a> from startup_mk66f18.o(.text) referenced from startup_mk66f18.o(RESET)
 <LI><a href="#[46]">PDB0_IRQHandler</a> from startup_mk66f18.o(.text) referenced from startup_mk66f18.o(RESET)
 <LI><a href="#[42]">PIT0_IRQHandler</a> from startup_mk66f18.o(.text) referenced from startup_mk66f18.o(RESET)
 <LI><a href="#[43]">PIT1_IRQHandler</a> from startup_mk66f18.o(.text) referenced from startup_mk66f18.o(RESET)
 <LI><a href="#[44]">PIT2_IRQHandler</a> from startup_mk66f18.o(.text) referenced from startup_mk66f18.o(RESET)
 <LI><a href="#[45]">PIT3_IRQHandler</a> from startup_mk66f18.o(.text) referenced from startup_mk66f18.o(RESET)
 <LI><a href="#[4d]">PORTA_IRQHandler</a> from startup_mk66f18.o(.text) referenced from startup_mk66f18.o(RESET)
 <LI><a href="#[4e]">PORTB_IRQHandler</a> from startup_mk66f18.o(.text) referenced from startup_mk66f18.o(RESET)
 <LI><a href="#[4f]">PORTC_IRQHandler</a> from startup_mk66f18.o(.text) referenced from startup_mk66f18.o(RESET)
 <LI><a href="#[50]">PORTD_IRQHandler</a> from startup_mk66f18.o(.text) referenced from startup_mk66f18.o(RESET)
 <LI><a href="#[51]">PORTE_IRQHandler</a> from startup_mk66f18.o(.text) referenced from startup_mk66f18.o(RESET)
 <LI><a href="#[10]">PendSV_Handler</a> from startup_mk66f18.o(.text) referenced from startup_mk66f18.o(RESET)
 <LI><a href="#[29]">RNG_IRQHandler</a> from startup_mk66f18.o(.text) referenced from startup_mk66f18.o(RESET)
 <LI><a href="#[40]">RTC_IRQHandler</a> from startup_mk66f18.o(.text) referenced from startup_mk66f18.o(RESET)
 <LI><a href="#[41]">RTC_Seconds_IRQHandler</a> from startup_mk66f18.o(.text) referenced from startup_mk66f18.o(RESET)
 <LI><a href="#[25]">Read_Collision_IRQHandler</a> from startup_mk66f18.o(.text) referenced from startup_mk66f18.o(RESET)
 <LI><a href="#[30]">Reserved46_IRQHandler</a> from startup_mk66f18.o(.text) referenced from startup_mk66f18.o(RESET)
 <LI><a href="#[49]">Reserved71_IRQHandler</a> from startup_mk66f18.o(.text) referenced from startup_mk66f18.o(RESET)
 <LI><a href="#[56]">Reserved84_IRQHandler</a> from startup_mk66f18.o(.text) referenced from startup_mk66f18.o(RESET)
 <LI><a href="#[57]">Reserved85_IRQHandler</a> from startup_mk66f18.o(.text) referenced from startup_mk66f18.o(RESET)
 <LI><a href="#[8]">Reset_Handler</a> from startup_mk66f18.o(.text) referenced from startup_mk66f18.o(RESET)
 <LI><a href="#[9d]">SDHC_DriverIRQHandler</a> from fsl_sdhc.o(i.SDHC_DriverIRQHandler) referenced from startup_mk66f18.o(.text)
 <LI><a href="#[63]">SDHC_IRQHandler</a> from startup_mk66f18.o(.text) referenced from startup_mk66f18.o(RESET)
 <LI><a href="#[8c]">SPI0_DriverIRQHandler</a> from fsl_dspi.o(i.SPI0_DriverIRQHandler) referenced from startup_mk66f18.o(.text)
 <LI><a href="#[2c]">SPI0_IRQHandler</a> from startup_mk66f18.o(.text) referenced from startup_mk66f18.o(RESET)
 <LI><a href="#[8d]">SPI1_DriverIRQHandler</a> from fsl_dspi.o(i.SPI1_DriverIRQHandler) referenced from startup_mk66f18.o(.text)
 <LI><a href="#[2d]">SPI1_IRQHandler</a> from startup_mk66f18.o(.text) referenced from startup_mk66f18.o(RESET)
 <LI><a href="#[98]">SPI2_DriverIRQHandler</a> from fsl_dspi.o(i.SPI2_DriverIRQHandler) referenced from startup_mk66f18.o(.text)
 <LI><a href="#[53]">SPI2_IRQHandler</a> from startup_mk66f18.o(.text) referenced from startup_mk66f18.o(RESET)
 <LI><a href="#[e]">SVC_Handler</a> from startup_mk66f18.o(.text) referenced from startup_mk66f18.o(RESET)
 <LI><a href="#[52]">SWI_IRQHandler</a> from startup_mk66f18.o(.text) referenced from startup_mk66f18.o(RESET)
 <LI><a href="#[11]">SysTick_Handler</a> from startup_mk66f18.o(.text) referenced from startup_mk66f18.o(RESET)
 <LI><a href="#[77]">SystemInit</a> from system_mk66f18.o(i.SystemInit) referenced from startup_mk66f18.o(.text)
 <LI><a href="#[6a]">TPM1_IRQHandler</a> from startup_mk66f18.o(.text) referenced from startup_mk66f18.o(RESET)
 <LI><a href="#[6b]">TPM2_IRQHandler</a> from startup_mk66f18.o(.text) referenced from startup_mk66f18.o(RESET)
 <LI><a href="#[69]">TSI0_IRQHandler</a> from startup_mk66f18.o(.text) referenced from startup_mk66f18.o(RESET)
 <LI><a href="#[91]">UART0_ERR_DriverIRQHandler</a> from startup_mk66f18.o(.text) referenced from startup_mk66f18.o(.text)
 <LI><a href="#[32]">UART0_ERR_IRQHandler</a> from startup_mk66f18.o(.text) referenced from startup_mk66f18.o(RESET)
 <LI><a href="#[90]">UART0_RX_TX_DriverIRQHandler</a> from fsl_uart.o(i.UART0_RX_TX_DriverIRQHandler) referenced from startup_mk66f18.o(.text)
 <LI><a href="#[31]">UART0_RX_TX_IRQHandler</a> from startup_mk66f18.o(.text) referenced from startup_mk66f18.o(RESET)
 <LI><a href="#[93]">UART1_ERR_DriverIRQHandler</a> from startup_mk66f18.o(.text) referenced from startup_mk66f18.o(.text)
 <LI><a href="#[34]">UART1_ERR_IRQHandler</a> from startup_mk66f18.o(.text) referenced from startup_mk66f18.o(RESET)
 <LI><a href="#[92]">UART1_RX_TX_DriverIRQHandler</a> from fsl_uart.o(i.UART1_RX_TX_DriverIRQHandler) referenced from startup_mk66f18.o(.text)
 <LI><a href="#[33]">UART1_RX_TX_IRQHandler</a> from startup_mk66f18.o(.text) referenced from startup_mk66f18.o(RESET)
 <LI><a href="#[95]">UART2_ERR_DriverIRQHandler</a> from startup_mk66f18.o(.text) referenced from startup_mk66f18.o(.text)
 <LI><a href="#[36]">UART2_ERR_IRQHandler</a> from startup_mk66f18.o(.text) referenced from startup_mk66f18.o(RESET)
 <LI><a href="#[94]">UART2_RX_TX_DriverIRQHandler</a> from fsl_uart.o(i.UART2_RX_TX_DriverIRQHandler) referenced from startup_mk66f18.o(.text)
 <LI><a href="#[35]">UART2_RX_TX_IRQHandler</a> from startup_mk66f18.o(.text) referenced from startup_mk66f18.o(RESET)
 <LI><a href="#[97]">UART3_ERR_DriverIRQHandler</a> from startup_mk66f18.o(.text) referenced from startup_mk66f18.o(.text)
 <LI><a href="#[38]">UART3_ERR_IRQHandler</a> from startup_mk66f18.o(.text) referenced from startup_mk66f18.o(RESET)
 <LI><a href="#[96]">UART3_RX_TX_DriverIRQHandler</a> from fsl_uart.o(i.UART3_RX_TX_DriverIRQHandler) referenced from startup_mk66f18.o(.text)
 <LI><a href="#[37]">UART3_RX_TX_IRQHandler</a> from startup_mk66f18.o(.text) referenced from startup_mk66f18.o(RESET)
 <LI><a href="#[9a]">UART4_ERR_DriverIRQHandler</a> from startup_mk66f18.o(.text) referenced from startup_mk66f18.o(.text)
 <LI><a href="#[55]">UART4_ERR_IRQHandler</a> from startup_mk66f18.o(.text) referenced from startup_mk66f18.o(RESET)
 <LI><a href="#[99]">UART4_RX_TX_DriverIRQHandler</a> from fsl_uart.o(i.UART4_RX_TX_DriverIRQHandler) referenced from startup_mk66f18.o(.text)
 <LI><a href="#[54]">UART4_RX_TX_IRQHandler</a> from startup_mk66f18.o(.text) referenced from startup_mk66f18.o(RESET)
 <LI><a href="#[47]">USB0_IRQHandler</a> from startup_mk66f18.o(.text) referenced from startup_mk66f18.o(RESET)
 <LI><a href="#[48]">USBDCD_IRQHandler</a> from startup_mk66f18.o(.text) referenced from startup_mk66f18.o(RESET)
 <LI><a href="#[6c]">USBHSDCD_IRQHandler</a> from startup_mk66f18.o(.text) referenced from startup_mk66f18.o(RESET)
 <LI><a href="#[6f]">USBHS_IRQHandler</a> from startup_mk66f18.o(.text) referenced from startup_mk66f18.o(RESET)
 <LI><a href="#[d]">UsageFault_Handler</a> from startup_mk66f18.o(.text) referenced from startup_mk66f18.o(RESET)
 <LI><a href="#[28]">WDOG_EWM_IRQHandler</a> from startup_mk66f18.o(.text) referenced from startup_mk66f18.o(RESET)
 <LI><a href="#[a9]">__main</a> from __main.o(!!!main) referenced from startup_mk66f18.o(.text)
</UL>
<P>
<H3>
Global Symbols
</H3>
<P><STRONG><a name="[a9]"></a>__main</STRONG> (Thumb, 8 bytes, Stack size 0 bytes, __main.o(!!!main))
<BR><BR>[Calls]<UL><LI><a href="#[ab]">&gt;&gt;</a>&nbsp;&nbsp;&nbsp;__rt_entry
<LI><a href="#[aa]">&gt;&gt;</a>&nbsp;&nbsp;&nbsp;__scatterload
</UL>

<P><STRONG><a name="[aa]"></a>__scatterload</STRONG> (Thumb, 0 bytes, Stack size unknown bytes, __scatter.o(!!!scatter))
<BR><BR>[Called By]<UL><LI><a href="#[a9]">&gt;&gt;</a>&nbsp;&nbsp;&nbsp;__main
</UL>

<P><STRONG><a name="[ac]"></a>__scatterload_rt2</STRONG> (Thumb, 44 bytes, Stack size unknown bytes, __scatter.o(!!!scatter), UNUSED)
<BR><BR>[Calls]<UL><LI><a href="#[ab]">&gt;&gt;</a>&nbsp;&nbsp;&nbsp;__rt_entry
</UL>

<P><STRONG><a name="[11b]"></a>__scatterload_rt2_thumb_only</STRONG> (Thumb, 0 bytes, Stack size unknown bytes, __scatter.o(!!!scatter), UNUSED)

<P><STRONG><a name="[11c]"></a>__scatterload_null</STRONG> (Thumb, 0 bytes, Stack size unknown bytes, __scatter.o(!!!scatter), UNUSED)

<P><STRONG><a name="[ad]"></a>__scatterload_copy</STRONG> (Thumb, 26 bytes, Stack size unknown bytes, __scatter_copy.o(!!handler_copy), UNUSED)
<BR><BR>[Calls]<UL><LI><a href="#[ad]">&gt;&gt;</a>&nbsp;&nbsp;&nbsp;__scatterload_copy
</UL>
<BR>[Called By]<UL><LI><a href="#[ad]">&gt;&gt;</a>&nbsp;&nbsp;&nbsp;__scatterload_copy
</UL>

<P><STRONG><a name="[11d]"></a>__scatterload_zeroinit</STRONG> (Thumb, 28 bytes, Stack size unknown bytes, __scatter_zi.o(!!handler_zi), UNUSED)

<P><STRONG><a name="[b1]"></a>__rt_lib_init</STRONG> (Thumb, 0 bytes, Stack size unknown bytes, libinit.o(.ARM.Collect$$libinit$$00000000))
<BR><BR>[Called By]<UL><LI><a href="#[b0]">&gt;&gt;</a>&nbsp;&nbsp;&nbsp;__rt_entry_li
</UL>

<P><STRONG><a name="[ae]"></a>__rt_lib_init_fp_1</STRONG> (Thumb, 0 bytes, Stack size unknown bytes, libinit2.o(.ARM.Collect$$libinit$$00000001))
<BR><BR>[Calls]<UL><LI><a href="#[af]">&gt;&gt;</a>&nbsp;&nbsp;&nbsp;_fp_init
</UL>

<P><STRONG><a name="[11e]"></a>__rt_lib_init_alloca_1</STRONG> (Thumb, 0 bytes, Stack size unknown bytes, libinit2.o(.ARM.Collect$$libinit$$0000002E))

<P><STRONG><a name="[11f]"></a>__rt_lib_init_argv_1</STRONG> (Thumb, 0 bytes, Stack size unknown bytes, libinit2.o(.ARM.Collect$$libinit$$0000002C))

<P><STRONG><a name="[120]"></a>__rt_lib_init_atexit_1</STRONG> (Thumb, 0 bytes, Stack size unknown bytes, libinit2.o(.ARM.Collect$$libinit$$0000001B))

<P><STRONG><a name="[121]"></a>__rt_lib_init_clock_1</STRONG> (Thumb, 0 bytes, Stack size unknown bytes, libinit2.o(.ARM.Collect$$libinit$$00000021))

<P><STRONG><a name="[122]"></a>__rt_lib_init_cpp_1</STRONG> (Thumb, 0 bytes, Stack size unknown bytes, libinit2.o(.ARM.Collect$$libinit$$00000032))

<P><STRONG><a name="[123]"></a>__rt_lib_init_exceptions_1</STRONG> (Thumb, 0 bytes, Stack size unknown bytes, libinit2.o(.ARM.Collect$$libinit$$00000030))

<P><STRONG><a name="[124]"></a>__rt_lib_init_fp_trap_1</STRONG> (Thumb, 0 bytes, Stack size unknown bytes, libinit2.o(.ARM.Collect$$libinit$$0000001F))

<P><STRONG><a name="[125]"></a>__rt_lib_init_getenv_1</STRONG> (Thumb, 0 bytes, Stack size unknown bytes, libinit2.o(.ARM.Collect$$libinit$$00000023))

<P><STRONG><a name="[126]"></a>__rt_lib_init_heap_1</STRONG> (Thumb, 0 bytes, Stack size unknown bytes, libinit2.o(.ARM.Collect$$libinit$$0000000A))

<P><STRONG><a name="[127]"></a>__rt_lib_init_lc_collate_1</STRONG> (Thumb, 0 bytes, Stack size unknown bytes, libinit2.o(.ARM.Collect$$libinit$$00000011))

<P><STRONG><a name="[128]"></a>__rt_lib_init_lc_ctype_1</STRONG> (Thumb, 0 bytes, Stack size unknown bytes, libinit2.o(.ARM.Collect$$libinit$$00000013))

<P><STRONG><a name="[129]"></a>__rt_lib_init_lc_monetary_1</STRONG> (Thumb, 0 bytes, Stack size unknown bytes, libinit2.o(.ARM.Collect$$libinit$$00000015))

<P><STRONG><a name="[12a]"></a>__rt_lib_init_lc_numeric_1</STRONG> (Thumb, 0 bytes, Stack size unknown bytes, libinit2.o(.ARM.Collect$$libinit$$00000017))

<P><STRONG><a name="[12b]"></a>__rt_lib_init_lc_time_1</STRONG> (Thumb, 0 bytes, Stack size unknown bytes, libinit2.o(.ARM.Collect$$libinit$$00000019))

<P><STRONG><a name="[12c]"></a>__rt_lib_init_preinit_1</STRONG> (Thumb, 0 bytes, Stack size unknown bytes, libinit2.o(.ARM.Collect$$libinit$$00000004))

<P><STRONG><a name="[12d]"></a>__rt_lib_init_rand_1</STRONG> (Thumb, 0 bytes, Stack size unknown bytes, libinit2.o(.ARM.Collect$$libinit$$0000000E))

<P><STRONG><a name="[12e]"></a>__rt_lib_init_return</STRONG> (Thumb, 0 bytes, Stack size unknown bytes, libinit2.o(.ARM.Collect$$libinit$$00000033))

<P><STRONG><a name="[12f]"></a>__rt_lib_init_signal_1</STRONG> (Thumb, 0 bytes, Stack size unknown bytes, libinit2.o(.ARM.Collect$$libinit$$0000001D))

<P><STRONG><a name="[130]"></a>__rt_lib_init_stdio_1</STRONG> (Thumb, 0 bytes, Stack size unknown bytes, libinit2.o(.ARM.Collect$$libinit$$00000025))

<P><STRONG><a name="[131]"></a>__rt_lib_init_user_alloc_1</STRONG> (Thumb, 0 bytes, Stack size unknown bytes, libinit2.o(.ARM.Collect$$libinit$$0000000C))

<P><STRONG><a name="[b6]"></a>__rt_lib_shutdown</STRONG> (Thumb, 0 bytes, Stack size unknown bytes, libshutdown.o(.ARM.Collect$$libshutdown$$00000000))
<BR><BR>[Called By]<UL><LI><a href="#[bb]">&gt;&gt;</a>&nbsp;&nbsp;&nbsp;abort
<LI><a href="#[b5]">&gt;&gt;</a>&nbsp;&nbsp;&nbsp;__rt_exit_ls
</UL>

<P><STRONG><a name="[132]"></a>__rt_lib_shutdown_cpp_1</STRONG> (Thumb, 0 bytes, Stack size unknown bytes, libshutdown2.o(.ARM.Collect$$libshutdown$$00000002))

<P><STRONG><a name="[133]"></a>__rt_lib_shutdown_fp_trap_1</STRONG> (Thumb, 0 bytes, Stack size unknown bytes, libshutdown2.o(.ARM.Collect$$libshutdown$$00000007))

<P><STRONG><a name="[134]"></a>__rt_lib_shutdown_heap_1</STRONG> (Thumb, 0 bytes, Stack size unknown bytes, libshutdown2.o(.ARM.Collect$$libshutdown$$0000000F))

<P><STRONG><a name="[135]"></a>__rt_lib_shutdown_return</STRONG> (Thumb, 0 bytes, Stack size unknown bytes, libshutdown2.o(.ARM.Collect$$libshutdown$$00000010))

<P><STRONG><a name="[136]"></a>__rt_lib_shutdown_signal_1</STRONG> (Thumb, 0 bytes, Stack size unknown bytes, libshutdown2.o(.ARM.Collect$$libshutdown$$0000000A))

<P><STRONG><a name="[137]"></a>__rt_lib_shutdown_stdio_1</STRONG> (Thumb, 0 bytes, Stack size unknown bytes, libshutdown2.o(.ARM.Collect$$libshutdown$$00000004))

<P><STRONG><a name="[138]"></a>__rt_lib_shutdown_user_alloc_1</STRONG> (Thumb, 0 bytes, Stack size unknown bytes, libshutdown2.o(.ARM.Collect$$libshutdown$$0000000C))

<P><STRONG><a name="[ab]"></a>__rt_entry</STRONG> (Thumb, 0 bytes, Stack size unknown bytes, __rtentry.o(.ARM.Collect$$rtentry$$00000000))
<BR><BR>[Called By]<UL><LI><a href="#[a9]">&gt;&gt;</a>&nbsp;&nbsp;&nbsp;__main
<LI><a href="#[ac]">&gt;&gt;</a>&nbsp;&nbsp;&nbsp;__scatterload_rt2
</UL>

<P><STRONG><a name="[139]"></a>__rt_entry_presh_1</STRONG> (Thumb, 0 bytes, Stack size unknown bytes, __rtentry2.o(.ARM.Collect$$rtentry$$00000002))

<P><STRONG><a name="[13a]"></a>__rt_entry_sh</STRONG> (Thumb, 0 bytes, Stack size unknown bytes, __rtentry7.o(.ARM.Collect$$rtentry$$00000007))

<P><STRONG><a name="[b0]"></a>__rt_entry_li</STRONG> (Thumb, 0 bytes, Stack size unknown bytes, __rtentry2.o(.ARM.Collect$$rtentry$$0000000A))
<BR><BR>[Calls]<UL><LI><a href="#[b1]">&gt;&gt;</a>&nbsp;&nbsp;&nbsp;__rt_lib_init
</UL>

<P><STRONG><a name="[13b]"></a>__rt_entry_postsh_1</STRONG> (Thumb, 0 bytes, Stack size unknown bytes, __rtentry2.o(.ARM.Collect$$rtentry$$00000009))

<P><STRONG><a name="[b2]"></a>__rt_entry_main</STRONG> (Thumb, 0 bytes, Stack size unknown bytes, __rtentry2.o(.ARM.Collect$$rtentry$$0000000D))
<BR><BR>[Stack]<UL><LI>Max Depth = 200 + Unknown Stack Size
<LI>Call Chain = __rt_entry_main &rArr; main &rArr; InitSetup &rArr; SpiInit &rArr; CLOCK_GetFreq &rArr; CLOCK_GetFixedFreqClkFreq &rArr; CLOCK_GetOutClkFreq &rArr; CLOCK_GetFllFreq &rArr; CLOCK_GetFllRefClkFreq &rArr; CLOCK_GetFllExtRefClkFreq &rArr; CLOCK_GetMcgExtClkFreq &rArr; __aeabi_assert &rArr; abort &rArr; __rt_SIGABRT &rArr; __rt_SIGABRT_inner &rArr; __default_signal_display &rArr; _ttywrch
</UL>
<BR>[Calls]<UL><LI><a href="#[b3]">&gt;&gt;</a>&nbsp;&nbsp;&nbsp;main
<LI><a href="#[b4]">&gt;&gt;</a>&nbsp;&nbsp;&nbsp;exit
</UL>

<P><STRONG><a name="[13c]"></a>__rt_entry_postli_1</STRONG> (Thumb, 0 bytes, Stack size unknown bytes, __rtentry2.o(.ARM.Collect$$rtentry$$0000000C))

<P><STRONG><a name="[c0]"></a>__rt_exit</STRONG> (Thumb, 0 bytes, Stack size unknown bytes, rtexit.o(.ARM.Collect$$rtexit$$00000000))
<BR><BR>[Called By]<UL><LI><a href="#[b4]">&gt;&gt;</a>&nbsp;&nbsp;&nbsp;exit
</UL>

<P><STRONG><a name="[b5]"></a>__rt_exit_ls</STRONG> (Thumb, 0 bytes, Stack size unknown bytes, rtexit2.o(.ARM.Collect$$rtexit$$00000003))
<BR><BR>[Calls]<UL><LI><a href="#[b6]">&gt;&gt;</a>&nbsp;&nbsp;&nbsp;__rt_lib_shutdown
</UL>

<P><STRONG><a name="[13d]"></a>__rt_exit_prels_1</STRONG> (Thumb, 0 bytes, Stack size unknown bytes, rtexit2.o(.ARM.Collect$$rtexit$$00000002))

<P><STRONG><a name="[b7]"></a>__rt_exit_exit</STRONG> (Thumb, 0 bytes, Stack size unknown bytes, rtexit2.o(.ARM.Collect$$rtexit$$00000004))
<BR><BR>[Calls]<UL><LI><a href="#[b8]">&gt;&gt;</a>&nbsp;&nbsp;&nbsp;_sys_exit
</UL>

<P><STRONG><a name="[8]"></a>Reset_Handler</STRONG> (Thumb, 24 bytes, Stack size 0 bytes, startup_mk66f18.o(.text))
<BR>[Address Reference Count : 1]<UL><LI> startup_mk66f18.o(RESET)
</UL>
<P><STRONG><a name="[9]"></a>NMI_Handler</STRONG> (Thumb, 2 bytes, Stack size 0 bytes, startup_mk66f18.o(.text))
<BR><BR>[Calls]<UL><LI><a href="#[9]">&gt;&gt;</a>&nbsp;&nbsp;&nbsp;NMI_Handler
</UL>
<BR>[Called By]<UL><LI><a href="#[9]">&gt;&gt;</a>&nbsp;&nbsp;&nbsp;NMI_Handler
</UL>
<BR>[Address Reference Count : 1]<UL><LI> startup_mk66f18.o(RESET)
</UL>
<P><STRONG><a name="[a]"></a>HardFault_Handler</STRONG> (Thumb, 2 bytes, Stack size 0 bytes, startup_mk66f18.o(.text))
<BR><BR>[Calls]<UL><LI><a href="#[a]">&gt;&gt;</a>&nbsp;&nbsp;&nbsp;HardFault_Handler
</UL>
<BR>[Called By]<UL><LI><a href="#[a]">&gt;&gt;</a>&nbsp;&nbsp;&nbsp;HardFault_Handler
</UL>
<BR>[Address Reference Count : 1]<UL><LI> startup_mk66f18.o(RESET)
</UL>
<P><STRONG><a name="[b]"></a>MemManage_Handler</STRONG> (Thumb, 2 bytes, Stack size 0 bytes, startup_mk66f18.o(.text))
<BR><BR>[Calls]<UL><LI><a href="#[b]">&gt;&gt;</a>&nbsp;&nbsp;&nbsp;MemManage_Handler
</UL>
<BR>[Called By]<UL><LI><a href="#[b]">&gt;&gt;</a>&nbsp;&nbsp;&nbsp;MemManage_Handler
</UL>
<BR>[Address Reference Count : 1]<UL><LI> startup_mk66f18.o(RESET)
</UL>
<P><STRONG><a name="[c]"></a>BusFault_Handler</STRONG> (Thumb, 2 bytes, Stack size 0 bytes, startup_mk66f18.o(.text))
<BR><BR>[Calls]<UL><LI><a href="#[c]">&gt;&gt;</a>&nbsp;&nbsp;&nbsp;BusFault_Handler
</UL>
<BR>[Called By]<UL><LI><a href="#[c]">&gt;&gt;</a>&nbsp;&nbsp;&nbsp;BusFault_Handler
</UL>
<BR>[Address Reference Count : 1]<UL><LI> startup_mk66f18.o(RESET)
</UL>
<P><STRONG><a name="[d]"></a>UsageFault_Handler</STRONG> (Thumb, 2 bytes, Stack size 0 bytes, startup_mk66f18.o(.text))
<BR><BR>[Calls]<UL><LI><a href="#[d]">&gt;&gt;</a>&nbsp;&nbsp;&nbsp;UsageFault_Handler
</UL>
<BR>[Called By]<UL><LI><a href="#[d]">&gt;&gt;</a>&nbsp;&nbsp;&nbsp;UsageFault_Handler
</UL>
<BR>[Address Reference Count : 1]<UL><LI> startup_mk66f18.o(RESET)
</UL>
<P><STRONG><a name="[e]"></a>SVC_Handler</STRONG> (Thumb, 2 bytes, Stack size 0 bytes, startup_mk66f18.o(.text))
<BR><BR>[Calls]<UL><LI><a href="#[e]">&gt;&gt;</a>&nbsp;&nbsp;&nbsp;SVC_Handler
</UL>
<BR>[Called By]<UL><LI><a href="#[e]">&gt;&gt;</a>&nbsp;&nbsp;&nbsp;SVC_Handler
</UL>
<BR>[Address Reference Count : 1]<UL><LI> startup_mk66f18.o(RESET)
</UL>
<P><STRONG><a name="[f]"></a>DebugMon_Handler</STRONG> (Thumb, 2 bytes, Stack size 0 bytes, startup_mk66f18.o(.text))
<BR><BR>[Calls]<UL><LI><a href="#[f]">&gt;&gt;</a>&nbsp;&nbsp;&nbsp;DebugMon_Handler
</UL>
<BR>[Called By]<UL><LI><a href="#[f]">&gt;&gt;</a>&nbsp;&nbsp;&nbsp;DebugMon_Handler
</UL>
<BR>[Address Reference Count : 1]<UL><LI> startup_mk66f18.o(RESET)
</UL>
<P><STRONG><a name="[10]"></a>PendSV_Handler</STRONG> (Thumb, 2 bytes, Stack size 0 bytes, startup_mk66f18.o(.text))
<BR><BR>[Calls]<UL><LI><a href="#[10]">&gt;&gt;</a>&nbsp;&nbsp;&nbsp;PendSV_Handler
</UL>
<BR>[Called By]<UL><LI><a href="#[10]">&gt;&gt;</a>&nbsp;&nbsp;&nbsp;PendSV_Handler
</UL>
<BR>[Address Reference Count : 1]<UL><LI> startup_mk66f18.o(RESET)
</UL>
<P><STRONG><a name="[11]"></a>SysTick_Handler</STRONG> (Thumb, 2 bytes, Stack size 0 bytes, startup_mk66f18.o(.text))
<BR><BR>[Calls]<UL><LI><a href="#[11]">&gt;&gt;</a>&nbsp;&nbsp;&nbsp;SysTick_Handler
</UL>
<BR>[Called By]<UL><LI><a href="#[11]">&gt;&gt;</a>&nbsp;&nbsp;&nbsp;SysTick_Handler
</UL>
<BR>[Address Reference Count : 1]<UL><LI> startup_mk66f18.o(RESET)
</UL>
<P><STRONG><a name="[12]"></a>DMA0_DMA16_IRQHandler</STRONG> (Thumb, 4 bytes, Stack size 0 bytes, startup_mk66f18.o(.text))
<BR>[Address Reference Count : 1]<UL><LI> startup_mk66f18.o(RESET)
</UL>
<P><STRONG><a name="[13]"></a>DMA1_DMA17_IRQHandler</STRONG> (Thumb, 4 bytes, Stack size 0 bytes, startup_mk66f18.o(.text))
<BR>[Address Reference Count : 1]<UL><LI> startup_mk66f18.o(RESET)
</UL>
<P><STRONG><a name="[14]"></a>DMA2_DMA18_IRQHandler</STRONG> (Thumb, 4 bytes, Stack size 0 bytes, startup_mk66f18.o(.text))
<BR>[Address Reference Count : 1]<UL><LI> startup_mk66f18.o(RESET)
</UL>
<P><STRONG><a name="[15]"></a>DMA3_DMA19_IRQHandler</STRONG> (Thumb, 4 bytes, Stack size 0 bytes, startup_mk66f18.o(.text))
<BR>[Address Reference Count : 1]<UL><LI> startup_mk66f18.o(RESET)
</UL>
<P><STRONG><a name="[16]"></a>DMA4_DMA20_IRQHandler</STRONG> (Thumb, 4 bytes, Stack size 0 bytes, startup_mk66f18.o(.text))
<BR>[Address Reference Count : 1]<UL><LI> startup_mk66f18.o(RESET)
</UL>
<P><STRONG><a name="[17]"></a>DMA5_DMA21_IRQHandler</STRONG> (Thumb, 4 bytes, Stack size 0 bytes, startup_mk66f18.o(.text))
<BR>[Address Reference Count : 1]<UL><LI> startup_mk66f18.o(RESET)
</UL>
<P><STRONG><a name="[18]"></a>DMA6_DMA22_IRQHandler</STRONG> (Thumb, 4 bytes, Stack size 0 bytes, startup_mk66f18.o(.text))
<BR>[Address Reference Count : 1]<UL><LI> startup_mk66f18.o(RESET)
</UL>
<P><STRONG><a name="[19]"></a>DMA7_DMA23_IRQHandler</STRONG> (Thumb, 4 bytes, Stack size 0 bytes, startup_mk66f18.o(.text))
<BR>[Address Reference Count : 1]<UL><LI> startup_mk66f18.o(RESET)
</UL>
<P><STRONG><a name="[1a]"></a>DMA8_DMA24_IRQHandler</STRONG> (Thumb, 4 bytes, Stack size 0 bytes, startup_mk66f18.o(.text))
<BR>[Address Reference Count : 1]<UL><LI> startup_mk66f18.o(RESET)
</UL>
<P><STRONG><a name="[1b]"></a>DMA9_DMA25_IRQHandler</STRONG> (Thumb, 4 bytes, Stack size 0 bytes, startup_mk66f18.o(.text))
<BR>[Address Reference Count : 1]<UL><LI> startup_mk66f18.o(RESET)
</UL>
<P><STRONG><a name="[1c]"></a>DMA10_DMA26_IRQHandler</STRONG> (Thumb, 4 bytes, Stack size 0 bytes, startup_mk66f18.o(.text))
<BR>[Address Reference Count : 1]<UL><LI> startup_mk66f18.o(RESET)
</UL>
<P><STRONG><a name="[1d]"></a>DMA11_DMA27_IRQHandler</STRONG> (Thumb, 4 bytes, Stack size 0 bytes, startup_mk66f18.o(.text))
<BR>[Address Reference Count : 1]<UL><LI> startup_mk66f18.o(RESET)
</UL>
<P><STRONG><a name="[1e]"></a>DMA12_DMA28_IRQHandler</STRONG> (Thumb, 4 bytes, Stack size 0 bytes, startup_mk66f18.o(.text))
<BR>[Address Reference Count : 1]<UL><LI> startup_mk66f18.o(RESET)
</UL>
<P><STRONG><a name="[1f]"></a>DMA13_DMA29_IRQHandler</STRONG> (Thumb, 4 bytes, Stack size 0 bytes, startup_mk66f18.o(.text))
<BR>[Address Reference Count : 1]<UL><LI> startup_mk66f18.o(RESET)
</UL>
<P><STRONG><a name="[21]"></a>DMA15_DMA31_IRQHandler</STRONG> (Thumb, 4 bytes, Stack size 0 bytes, startup_mk66f18.o(.text))
<BR>[Address Reference Count : 1]<UL><LI> startup_mk66f18.o(RESET)
</UL>
<P><STRONG><a name="[22]"></a>DMA_Error_IRQHandler</STRONG> (Thumb, 4 bytes, Stack size 0 bytes, startup_mk66f18.o(.text))
<BR>[Address Reference Count : 1]<UL><LI> startup_mk66f18.o(RESET)
</UL>
<P><STRONG><a name="[2a]"></a>I2C0_IRQHandler</STRONG> (Thumb, 4 bytes, Stack size 0 bytes, startup_mk66f18.o(.text))
<BR>[Address Reference Count : 1]<UL><LI> startup_mk66f18.o(RESET)
</UL>
<P><STRONG><a name="[2b]"></a>I2C1_IRQHandler</STRONG> (Thumb, 4 bytes, Stack size 0 bytes, startup_mk66f18.o(.text))
<BR>[Address Reference Count : 1]<UL><LI> startup_mk66f18.o(RESET)
</UL>
<P><STRONG><a name="[2c]"></a>SPI0_IRQHandler</STRONG> (Thumb, 4 bytes, Stack size 0 bytes, startup_mk66f18.o(.text))
<BR>[Address Reference Count : 1]<UL><LI> startup_mk66f18.o(RESET)
</UL>
<P><STRONG><a name="[2d]"></a>SPI1_IRQHandler</STRONG> (Thumb, 4 bytes, Stack size 0 bytes, startup_mk66f18.o(.text))
<BR>[Address Reference Count : 1]<UL><LI> startup_mk66f18.o(RESET)
</UL>
<P><STRONG><a name="[2e]"></a>I2S0_Tx_IRQHandler</STRONG> (Thumb, 4 bytes, Stack size 0 bytes, startup_mk66f18.o(.text))
<BR>[Address Reference Count : 1]<UL><LI> startup_mk66f18.o(RESET)
</UL>
<P><STRONG><a name="[2f]"></a>I2S0_Rx_IRQHandler</STRONG> (Thumb, 4 bytes, Stack size 0 bytes, startup_mk66f18.o(.text))
<BR>[Address Reference Count : 1]<UL><LI> startup_mk66f18.o(RESET)
</UL>
<P><STRONG><a name="[31]"></a>UART0_RX_TX_IRQHandler</STRONG> (Thumb, 4 bytes, Stack size 0 bytes, startup_mk66f18.o(.text))
<BR>[Address Reference Count : 1]<UL><LI> startup_mk66f18.o(RESET)
</UL>
<P><STRONG><a name="[32]"></a>UART0_ERR_IRQHandler</STRONG> (Thumb, 4 bytes, Stack size 0 bytes, startup_mk66f18.o(.text))
<BR>[Address Reference Count : 1]<UL><LI> startup_mk66f18.o(RESET)
</UL>
<P><STRONG><a name="[33]"></a>UART1_RX_TX_IRQHandler</STRONG> (Thumb, 4 bytes, Stack size 0 bytes, startup_mk66f18.o(.text))
<BR>[Address Reference Count : 1]<UL><LI> startup_mk66f18.o(RESET)
</UL>
<P><STRONG><a name="[34]"></a>UART1_ERR_IRQHandler</STRONG> (Thumb, 4 bytes, Stack size 0 bytes, startup_mk66f18.o(.text))
<BR>[Address Reference Count : 1]<UL><LI> startup_mk66f18.o(RESET)
</UL>
<P><STRONG><a name="[35]"></a>UART2_RX_TX_IRQHandler</STRONG> (Thumb, 4 bytes, Stack size 0 bytes, startup_mk66f18.o(.text))
<BR>[Address Reference Count : 1]<UL><LI> startup_mk66f18.o(RESET)
</UL>
<P><STRONG><a name="[36]"></a>UART2_ERR_IRQHandler</STRONG> (Thumb, 4 bytes, Stack size 0 bytes, startup_mk66f18.o(.text))
<BR>[Address Reference Count : 1]<UL><LI> startup_mk66f18.o(RESET)
</UL>
<P><STRONG><a name="[37]"></a>UART3_RX_TX_IRQHandler</STRONG> (Thumb, 4 bytes, Stack size 0 bytes, startup_mk66f18.o(.text))
<BR>[Address Reference Count : 1]<UL><LI> startup_mk66f18.o(RESET)
</UL>
<P><STRONG><a name="[38]"></a>UART3_ERR_IRQHandler</STRONG> (Thumb, 4 bytes, Stack size 0 bytes, startup_mk66f18.o(.text))
<BR>[Address Reference Count : 1]<UL><LI> startup_mk66f18.o(RESET)
</UL>
<P><STRONG><a name="[53]"></a>SPI2_IRQHandler</STRONG> (Thumb, 4 bytes, Stack size 0 bytes, startup_mk66f18.o(.text))
<BR>[Address Reference Count : 1]<UL><LI> startup_mk66f18.o(RESET)
</UL>
<P><STRONG><a name="[54]"></a>UART4_RX_TX_IRQHandler</STRONG> (Thumb, 4 bytes, Stack size 0 bytes, startup_mk66f18.o(.text))
<BR>[Address Reference Count : 1]<UL><LI> startup_mk66f18.o(RESET)
</UL>
<P><STRONG><a name="[55]"></a>UART4_ERR_IRQHandler</STRONG> (Thumb, 4 bytes, Stack size 0 bytes, startup_mk66f18.o(.text))
<BR>[Address Reference Count : 1]<UL><LI> startup_mk66f18.o(RESET)
</UL>
<P><STRONG><a name="[5c]"></a>I2C2_IRQHandler</STRONG> (Thumb, 4 bytes, Stack size 0 bytes, startup_mk66f18.o(.text))
<BR>[Address Reference Count : 1]<UL><LI> startup_mk66f18.o(RESET)
</UL>
<P><STRONG><a name="[5d]"></a>CAN0_ORed_Message_buffer_IRQHandler</STRONG> (Thumb, 4 bytes, Stack size 0 bytes, startup_mk66f18.o(.text))
<BR>[Address Reference Count : 1]<UL><LI> startup_mk66f18.o(RESET)
</UL>
<P><STRONG><a name="[5e]"></a>CAN0_Bus_Off_IRQHandler</STRONG> (Thumb, 4 bytes, Stack size 0 bytes, startup_mk66f18.o(.text))
<BR>[Address Reference Count : 1]<UL><LI> startup_mk66f18.o(RESET)
</UL>
<P><STRONG><a name="[5f]"></a>CAN0_Error_IRQHandler</STRONG> (Thumb, 4 bytes, Stack size 0 bytes, startup_mk66f18.o(.text))
<BR>[Address Reference Count : 1]<UL><LI> startup_mk66f18.o(RESET)
</UL>
<P><STRONG><a name="[60]"></a>CAN0_Tx_Warning_IRQHandler</STRONG> (Thumb, 4 bytes, Stack size 0 bytes, startup_mk66f18.o(.text))
<BR>[Address Reference Count : 1]<UL><LI> startup_mk66f18.o(RESET)
</UL>
<P><STRONG><a name="[61]"></a>CAN0_Rx_Warning_IRQHandler</STRONG> (Thumb, 4 bytes, Stack size 0 bytes, startup_mk66f18.o(.text))
<BR>[Address Reference Count : 1]<UL><LI> startup_mk66f18.o(RESET)
</UL>
<P><STRONG><a name="[62]"></a>CAN0_Wake_Up_IRQHandler</STRONG> (Thumb, 4 bytes, Stack size 0 bytes, startup_mk66f18.o(.text))
<BR>[Address Reference Count : 1]<UL><LI> startup_mk66f18.o(RESET)
</UL>
<P><STRONG><a name="[63]"></a>SDHC_IRQHandler</STRONG> (Thumb, 4 bytes, Stack size 0 bytes, startup_mk66f18.o(.text))
<BR>[Address Reference Count : 1]<UL><LI> startup_mk66f18.o(RESET)
</UL>
<P><STRONG><a name="[68]"></a>LPUART0_IRQHandler</STRONG> (Thumb, 4 bytes, Stack size 0 bytes, startup_mk66f18.o(.text))
<BR>[Address Reference Count : 1]<UL><LI> startup_mk66f18.o(RESET)
</UL>
<P><STRONG><a name="[6d]"></a>I2C3_IRQHandler</STRONG> (Thumb, 4 bytes, Stack size 0 bytes, startup_mk66f18.o(.text))
<BR>[Address Reference Count : 1]<UL><LI> startup_mk66f18.o(RESET)
</UL>
<P><STRONG><a name="[70]"></a>CAN1_ORed_Message_buffer_IRQHandler</STRONG> (Thumb, 4 bytes, Stack size 0 bytes, startup_mk66f18.o(.text))
<BR>[Address Reference Count : 1]<UL><LI> startup_mk66f18.o(RESET)
</UL>
<P><STRONG><a name="[71]"></a>CAN1_Bus_Off_IRQHandler</STRONG> (Thumb, 4 bytes, Stack size 0 bytes, startup_mk66f18.o(.text))
<BR>[Address Reference Count : 1]<UL><LI> startup_mk66f18.o(RESET)
</UL>
<P><STRONG><a name="[72]"></a>CAN1_Error_IRQHandler</STRONG> (Thumb, 4 bytes, Stack size 0 bytes, startup_mk66f18.o(.text))
<BR>[Address Reference Count : 1]<UL><LI> startup_mk66f18.o(RESET)
</UL>
<P><STRONG><a name="[73]"></a>CAN1_Tx_Warning_IRQHandler</STRONG> (Thumb, 4 bytes, Stack size 0 bytes, startup_mk66f18.o(.text))
<BR>[Address Reference Count : 1]<UL><LI> startup_mk66f18.o(RESET)
</UL>
<P><STRONG><a name="[74]"></a>CAN1_Rx_Warning_IRQHandler</STRONG> (Thumb, 4 bytes, Stack size 0 bytes, startup_mk66f18.o(.text))
<BR>[Address Reference Count : 1]<UL><LI> startup_mk66f18.o(RESET)
</UL>
<P><STRONG><a name="[75]"></a>CAN1_Wake_Up_IRQHandler</STRONG> (Thumb, 4 bytes, Stack size 0 bytes, startup_mk66f18.o(.text))
<BR>[Address Reference Count : 1]<UL><LI> startup_mk66f18.o(RESET)
</UL>
<P><STRONG><a name="[39]"></a>ADC0_IRQHandler</STRONG> (Thumb, 0 bytes, Stack size 0 bytes, startup_mk66f18.o(.text))
<BR>[Address Reference Count : 1]<UL><LI> startup_mk66f18.o(RESET)
</UL>
<P><STRONG><a name="[5b]"></a>ADC1_IRQHandler</STRONG> (Thumb, 0 bytes, Stack size 0 bytes, startup_mk66f18.o(.text))
<BR>[Address Reference Count : 1]<UL><LI> startup_mk66f18.o(RESET)
</UL>
<P><STRONG><a name="[3a]"></a>CMP0_IRQHandler</STRONG> (Thumb, 0 bytes, Stack size 0 bytes, startup_mk66f18.o(.text))
<BR>[Address Reference Count : 1]<UL><LI> startup_mk66f18.o(RESET)
</UL>
<P><STRONG><a name="[3b]"></a>CMP1_IRQHandler</STRONG> (Thumb, 0 bytes, Stack size 0 bytes, startup_mk66f18.o(.text))
<BR>[Address Reference Count : 1]<UL><LI> startup_mk66f18.o(RESET)
</UL>
<P><STRONG><a name="[58]"></a>CMP2_IRQHandler</STRONG> (Thumb, 0 bytes, Stack size 0 bytes, startup_mk66f18.o(.text))
<BR>[Address Reference Count : 1]<UL><LI> startup_mk66f18.o(RESET)
</UL>
<P><STRONG><a name="[6e]"></a>CMP3_IRQHandler</STRONG> (Thumb, 0 bytes, Stack size 0 bytes, startup_mk66f18.o(.text))
<BR>[Address Reference Count : 1]<UL><LI> startup_mk66f18.o(RESET)
</UL>
<P><STRONG><a name="[3f]"></a>CMT_IRQHandler</STRONG> (Thumb, 0 bytes, Stack size 0 bytes, startup_mk66f18.o(.text))
<BR>[Address Reference Count : 1]<UL><LI> startup_mk66f18.o(RESET)
</UL>
<P><STRONG><a name="[4a]"></a>DAC0_IRQHandler</STRONG> (Thumb, 0 bytes, Stack size 0 bytes, startup_mk66f18.o(.text))
<BR>[Address Reference Count : 1]<UL><LI> startup_mk66f18.o(RESET)
</UL>
<P><STRONG><a name="[5a]"></a>DAC1_IRQHandler</STRONG> (Thumb, 0 bytes, Stack size 0 bytes, startup_mk66f18.o(.text))
<BR>[Address Reference Count : 1]<UL><LI> startup_mk66f18.o(RESET)
</UL>
<P><STRONG><a name="[89]"></a>DMA_Error_DriverIRQHandler</STRONG> (Thumb, 0 bytes, Stack size 0 bytes, startup_mk66f18.o(.text))
<BR>[Address Reference Count : 1]<UL><LI> startup_mk66f18.o(.text)
</UL>
<P><STRONG><a name="[76]"></a>DefaultISR</STRONG> (Thumb, 0 bytes, Stack size 0 bytes, startup_mk66f18.o(.text))
<BR>[Address Reference Count : 2]<UL><LI> startup_mk66f18.o(RESET)
<LI> startup_mk66f18.o(.text)
</UL>
<P><STRONG><a name="[9e]"></a>ENET_1588_Timer_DriverIRQHandler</STRONG> (Thumb, 0 bytes, Stack size 0 bytes, startup_mk66f18.o(.text))
<BR>[Address Reference Count : 1]<UL><LI> startup_mk66f18.o(.text)
</UL>
<P><STRONG><a name="[a1]"></a>ENET_Error_DriverIRQHandler</STRONG> (Thumb, 0 bytes, Stack size 0 bytes, startup_mk66f18.o(.text))
<BR>[Address Reference Count : 1]<UL><LI> startup_mk66f18.o(.text)
</UL>
<P><STRONG><a name="[a0]"></a>ENET_Receive_DriverIRQHandler</STRONG> (Thumb, 0 bytes, Stack size 0 bytes, startup_mk66f18.o(.text))
<BR>[Address Reference Count : 1]<UL><LI> startup_mk66f18.o(.text)
</UL>
<P><STRONG><a name="[9f]"></a>ENET_Transmit_DriverIRQHandler</STRONG> (Thumb, 0 bytes, Stack size 0 bytes, startup_mk66f18.o(.text))
<BR>[Address Reference Count : 1]<UL><LI> startup_mk66f18.o(.text)
</UL>
<P><STRONG><a name="[24]"></a>FTFE_IRQHandler</STRONG> (Thumb, 0 bytes, Stack size 0 bytes, startup_mk66f18.o(.text))
<BR>[Address Reference Count : 1]<UL><LI> startup_mk66f18.o(RESET)
</UL>
<P><STRONG><a name="[3c]"></a>FTM0_IRQHandler</STRONG> (Thumb, 0 bytes, Stack size 0 bytes, startup_mk66f18.o(.text))
<BR>[Address Reference Count : 1]<UL><LI> startup_mk66f18.o(RESET)
</UL>
<P><STRONG><a name="[3d]"></a>FTM1_IRQHandler</STRONG> (Thumb, 0 bytes, Stack size 0 bytes, startup_mk66f18.o(.text))
<BR>[Address Reference Count : 1]<UL><LI> startup_mk66f18.o(RESET)
</UL>
<P><STRONG><a name="[3e]"></a>FTM2_IRQHandler</STRONG> (Thumb, 0 bytes, Stack size 0 bytes, startup_mk66f18.o(.text))
<BR>[Address Reference Count : 1]<UL><LI> startup_mk66f18.o(RESET)
</UL>
<P><STRONG><a name="[59]"></a>FTM3_IRQHandler</STRONG> (Thumb, 0 bytes, Stack size 0 bytes, startup_mk66f18.o(.text))
<BR>[Address Reference Count : 1]<UL><LI> startup_mk66f18.o(RESET)
</UL>
<P><STRONG><a name="[27]"></a>LLWU_IRQHandler</STRONG> (Thumb, 0 bytes, Stack size 0 bytes, startup_mk66f18.o(.text))
<BR>[Address Reference Count : 1]<UL><LI> startup_mk66f18.o(RESET)
</UL>
<P><STRONG><a name="[4c]"></a>LPTMR0_IRQHandler</STRONG> (Thumb, 0 bytes, Stack size 0 bytes, startup_mk66f18.o(.text))
<BR>[Address Reference Count : 1]<UL><LI> startup_mk66f18.o(RESET)
</UL>
<P><STRONG><a name="[26]"></a>LVD_LVW_IRQHandler</STRONG> (Thumb, 0 bytes, Stack size 0 bytes, startup_mk66f18.o(.text))
<BR>[Address Reference Count : 1]<UL><LI> startup_mk66f18.o(RESET)
</UL>
<P><STRONG><a name="[4b]"></a>MCG_IRQHandler</STRONG> (Thumb, 0 bytes, Stack size 0 bytes, startup_mk66f18.o(.text))
<BR>[Address Reference Count : 1]<UL><LI> startup_mk66f18.o(RESET)
</UL>
<P><STRONG><a name="[23]"></a>MCM_IRQHandler</STRONG> (Thumb, 0 bytes, Stack size 0 bytes, startup_mk66f18.o(.text))
<BR>[Address Reference Count : 1]<UL><LI> startup_mk66f18.o(RESET)
</UL>
<P><STRONG><a name="[46]"></a>PDB0_IRQHandler</STRONG> (Thumb, 0 bytes, Stack size 0 bytes, startup_mk66f18.o(.text))
<BR>[Address Reference Count : 1]<UL><LI> startup_mk66f18.o(RESET)
</UL>
<P><STRONG><a name="[42]"></a>PIT0_IRQHandler</STRONG> (Thumb, 0 bytes, Stack size 0 bytes, startup_mk66f18.o(.text))
<BR>[Address Reference Count : 1]<UL><LI> startup_mk66f18.o(RESET)
</UL>
<P><STRONG><a name="[43]"></a>PIT1_IRQHandler</STRONG> (Thumb, 0 bytes, Stack size 0 bytes, startup_mk66f18.o(.text))
<BR>[Address Reference Count : 1]<UL><LI> startup_mk66f18.o(RESET)
</UL>
<P><STRONG><a name="[44]"></a>PIT2_IRQHandler</STRONG> (Thumb, 0 bytes, Stack size 0 bytes, startup_mk66f18.o(.text))
<BR>[Address Reference Count : 1]<UL><LI> startup_mk66f18.o(RESET)
</UL>
<P><STRONG><a name="[45]"></a>PIT3_IRQHandler</STRONG> (Thumb, 0 bytes, Stack size 0 bytes, startup_mk66f18.o(.text))
<BR>[Address Reference Count : 1]<UL><LI> startup_mk66f18.o(RESET)
</UL>
<P><STRONG><a name="[4d]"></a>PORTA_IRQHandler</STRONG> (Thumb, 0 bytes, Stack size 0 bytes, startup_mk66f18.o(.text))
<BR>[Address Reference Count : 1]<UL><LI> startup_mk66f18.o(RESET)
</UL>
<P><STRONG><a name="[4e]"></a>PORTB_IRQHandler</STRONG> (Thumb, 0 bytes, Stack size 0 bytes, startup_mk66f18.o(.text))
<BR>[Address Reference Count : 1]<UL><LI> startup_mk66f18.o(RESET)
</UL>
<P><STRONG><a name="[4f]"></a>PORTC_IRQHandler</STRONG> (Thumb, 0 bytes, Stack size 0 bytes, startup_mk66f18.o(.text))
<BR>[Address Reference Count : 1]<UL><LI> startup_mk66f18.o(RESET)
</UL>
<P><STRONG><a name="[50]"></a>PORTD_IRQHandler</STRONG> (Thumb, 0 bytes, Stack size 0 bytes, startup_mk66f18.o(.text))
<BR>[Address Reference Count : 1]<UL><LI> startup_mk66f18.o(RESET)
</UL>
<P><STRONG><a name="[51]"></a>PORTE_IRQHandler</STRONG> (Thumb, 0 bytes, Stack size 0 bytes, startup_mk66f18.o(.text))
<BR>[Address Reference Count : 1]<UL><LI> startup_mk66f18.o(RESET)
</UL>
<P><STRONG><a name="[29]"></a>RNG_IRQHandler</STRONG> (Thumb, 0 bytes, Stack size 0 bytes, startup_mk66f18.o(.text))
<BR>[Address Reference Count : 1]<UL><LI> startup_mk66f18.o(RESET)
</UL>
<P><STRONG><a name="[40]"></a>RTC_IRQHandler</STRONG> (Thumb, 0 bytes, Stack size 0 bytes, startup_mk66f18.o(.text))
<BR>[Address Reference Count : 1]<UL><LI> startup_mk66f18.o(RESET)
</UL>
<P><STRONG><a name="[41]"></a>RTC_Seconds_IRQHandler</STRONG> (Thumb, 0 bytes, Stack size 0 bytes, startup_mk66f18.o(.text))
<BR>[Address Reference Count : 1]<UL><LI> startup_mk66f18.o(RESET)
</UL>
<P><STRONG><a name="[25]"></a>Read_Collision_IRQHandler</STRONG> (Thumb, 0 bytes, Stack size 0 bytes, startup_mk66f18.o(.text))
<BR>[Address Reference Count : 1]<UL><LI> startup_mk66f18.o(RESET)
</UL>
<P><STRONG><a name="[30]"></a>Reserved46_IRQHandler</STRONG> (Thumb, 0 bytes, Stack size 0 bytes, startup_mk66f18.o(.text))
<BR>[Address Reference Count : 1]<UL><LI> startup_mk66f18.o(RESET)
</UL>
<P><STRONG><a name="[49]"></a>Reserved71_IRQHandler</STRONG> (Thumb, 0 bytes, Stack size 0 bytes, startup_mk66f18.o(.text))
<BR>[Address Reference Count : 1]<UL><LI> startup_mk66f18.o(RESET)
</UL>
<P><STRONG><a name="[56]"></a>Reserved84_IRQHandler</STRONG> (Thumb, 0 bytes, Stack size 0 bytes, startup_mk66f18.o(.text))
<BR>[Address Reference Count : 1]<UL><LI> startup_mk66f18.o(RESET)
</UL>
<P><STRONG><a name="[57]"></a>Reserved85_IRQHandler</STRONG> (Thumb, 0 bytes, Stack size 0 bytes, startup_mk66f18.o(.text))
<BR>[Address Reference Count : 1]<UL><LI> startup_mk66f18.o(RESET)
</UL>
<P><STRONG><a name="[52]"></a>SWI_IRQHandler</STRONG> (Thumb, 0 bytes, Stack size 0 bytes, startup_mk66f18.o(.text))
<BR>[Address Reference Count : 1]<UL><LI> startup_mk66f18.o(RESET)
</UL>
<P><STRONG><a name="[6a]"></a>TPM1_IRQHandler</STRONG> (Thumb, 0 bytes, Stack size 0 bytes, startup_mk66f18.o(.text))
<BR>[Address Reference Count : 1]<UL><LI> startup_mk66f18.o(RESET)
</UL>
<P><STRONG><a name="[6b]"></a>TPM2_IRQHandler</STRONG> (Thumb, 0 bytes, Stack size 0 bytes, startup_mk66f18.o(.text))
<BR>[Address Reference Count : 1]<UL><LI> startup_mk66f18.o(RESET)
</UL>
<P><STRONG><a name="[69]"></a>TSI0_IRQHandler</STRONG> (Thumb, 0 bytes, Stack size 0 bytes, startup_mk66f18.o(.text))
<BR>[Address Reference Count : 1]<UL><LI> startup_mk66f18.o(RESET)
</UL>
<P><STRONG><a name="[91]"></a>UART0_ERR_DriverIRQHandler</STRONG> (Thumb, 0 bytes, Stack size 0 bytes, startup_mk66f18.o(.text))
<BR>[Address Reference Count : 1]<UL><LI> startup_mk66f18.o(.text)
</UL>
<P><STRONG><a name="[93]"></a>UART1_ERR_DriverIRQHandler</STRONG> (Thumb, 0 bytes, Stack size 0 bytes, startup_mk66f18.o(.text))
<BR>[Address Reference Count : 1]<UL><LI> startup_mk66f18.o(.text)
</UL>
<P><STRONG><a name="[95]"></a>UART2_ERR_DriverIRQHandler</STRONG> (Thumb, 0 bytes, Stack size 0 bytes, startup_mk66f18.o(.text))
<BR>[Address Reference Count : 1]<UL><LI> startup_mk66f18.o(.text)
</UL>
<P><STRONG><a name="[97]"></a>UART3_ERR_DriverIRQHandler</STRONG> (Thumb, 0 bytes, Stack size 0 bytes, startup_mk66f18.o(.text))
<BR>[Address Reference Count : 1]<UL><LI> startup_mk66f18.o(.text)
</UL>
<P><STRONG><a name="[9a]"></a>UART4_ERR_DriverIRQHandler</STRONG> (Thumb, 0 bytes, Stack size 0 bytes, startup_mk66f18.o(.text))
<BR>[Address Reference Count : 1]<UL><LI> startup_mk66f18.o(.text)
</UL>
<P><STRONG><a name="[47]"></a>USB0_IRQHandler</STRONG> (Thumb, 0 bytes, Stack size 0 bytes, startup_mk66f18.o(.text))
<BR>[Address Reference Count : 1]<UL><LI> startup_mk66f18.o(RESET)
</UL>
<P><STRONG><a name="[48]"></a>USBDCD_IRQHandler</STRONG> (Thumb, 0 bytes, Stack size 0 bytes, startup_mk66f18.o(.text))
<BR>[Address Reference Count : 1]<UL><LI> startup_mk66f18.o(RESET)
</UL>
<P><STRONG><a name="[6c]"></a>USBHSDCD_IRQHandler</STRONG> (Thumb, 0 bytes, Stack size 0 bytes, startup_mk66f18.o(.text))
<BR>[Address Reference Count : 1]<UL><LI> startup_mk66f18.o(RESET)
</UL>
<P><STRONG><a name="[6f]"></a>USBHS_IRQHandler</STRONG> (Thumb, 0 bytes, Stack size 0 bytes, startup_mk66f18.o(.text))
<BR>[Address Reference Count : 1]<UL><LI> startup_mk66f18.o(RESET)
</UL>
<P><STRONG><a name="[28]"></a>WDOG_EWM_IRQHandler</STRONG> (Thumb, 0 bytes, Stack size 0 bytes, startup_mk66f18.o(.text))
<BR>[Address Reference Count : 1]<UL><LI> startup_mk66f18.o(RESET)
</UL>
<P><STRONG><a name="[107]"></a>__aeabi_uldivmod</STRONG> (Thumb, 0 bytes, Stack size 48 bytes, lludivv7m.o(.text))
<BR><BR>[Stack]<UL><LI>Max Depth = 48<LI>Call Chain = __aeabi_uldivmod
</UL>
<BR>[Called By]<UL><LI><a href="#[103]">&gt;&gt;</a>&nbsp;&nbsp;&nbsp;PitInit
</UL>

<P><STRONG><a name="[13e]"></a>_ll_udiv</STRONG> (Thumb, 238 bytes, Stack size 48 bytes, lludivv7m.o(.text), UNUSED)

<P><STRONG><a name="[b9]"></a>__aeabi_assert</STRONG> (Thumb, 86 bytes, Stack size 16 bytes, assert.o(.text))
<BR><BR>[Stack]<UL><LI>Max Depth = 64 + Unknown Stack Size
<LI>Call Chain = __aeabi_assert &rArr; abort &rArr; __rt_SIGABRT &rArr; __rt_SIGABRT_inner &rArr; __default_signal_display &rArr; _ttywrch
</UL>
<BR>[Calls]<UL><LI><a href="#[ba]">&gt;&gt;</a>&nbsp;&nbsp;&nbsp;__assert_puts
<LI><a href="#[bb]">&gt;&gt;</a>&nbsp;&nbsp;&nbsp;abort
</UL>
<BR>[Called By]<UL><LI><a href="#[e7]">&gt;&gt;</a>&nbsp;&nbsp;&nbsp;CLOCK_GetMcgExtClkFreq
<LI><a href="#[dc]">&gt;&gt;</a>&nbsp;&nbsp;&nbsp;GPIO_PinInit
<LI><a href="#[d7]">&gt;&gt;</a>&nbsp;&nbsp;&nbsp;CLOCK_BootToPeeMode
<LI><a href="#[103]">&gt;&gt;</a>&nbsp;&nbsp;&nbsp;PitInit
<LI><a href="#[f5]">&gt;&gt;</a>&nbsp;&nbsp;&nbsp;DMAMUX_GetInstance
<LI><a href="#[df]">&gt;&gt;</a>&nbsp;&nbsp;&nbsp;CLOCK_SetPbeMode
<LI><a href="#[ec]">&gt;&gt;</a>&nbsp;&nbsp;&nbsp;CLOCK_GetPll0Freq
<LI><a href="#[ea]">&gt;&gt;</a>&nbsp;&nbsp;&nbsp;CLOCK_GetOsc0ErClkUndivFreq
<LI><a href="#[e2]">&gt;&gt;</a>&nbsp;&nbsp;&nbsp;CLOCK_GetOsc0ErClkDivFreq
<LI><a href="#[e1]">&gt;&gt;</a>&nbsp;&nbsp;&nbsp;CLOCK_GetEr32kClkFreq
<LI><a href="#[e0]">&gt;&gt;</a>&nbsp;&nbsp;&nbsp;CLOCK_EnablePll0
<LI><a href="#[a4]">&gt;&gt;</a>&nbsp;&nbsp;&nbsp;CAN1_DriverIRQHandler
<LI><a href="#[9c]">&gt;&gt;</a>&nbsp;&nbsp;&nbsp;CAN0_DriverIRQHandler
<LI><a href="#[f4]">&gt;&gt;</a>&nbsp;&nbsp;&nbsp;EDMA_HandleIRQ
<LI><a href="#[f3]">&gt;&gt;</a>&nbsp;&nbsp;&nbsp;EDMA_GetChannelStatusFlags
<LI><a href="#[98]">&gt;&gt;</a>&nbsp;&nbsp;&nbsp;SPI2_DriverIRQHandler
<LI><a href="#[8d]">&gt;&gt;</a>&nbsp;&nbsp;&nbsp;SPI1_DriverIRQHandler
<LI><a href="#[8c]">&gt;&gt;</a>&nbsp;&nbsp;&nbsp;SPI0_DriverIRQHandler
<LI><a href="#[fb]">&gt;&gt;</a>&nbsp;&nbsp;&nbsp;DSPI_MasterSetDelayScaler
<LI><a href="#[f9]">&gt;&gt;</a>&nbsp;&nbsp;&nbsp;DSPI_GetInstance
<LI><a href="#[106]">&gt;&gt;</a>&nbsp;&nbsp;&nbsp;PIT_Init
<LI><a href="#[105]">&gt;&gt;</a>&nbsp;&nbsp;&nbsp;PIT_GetInstance
<LI><a href="#[9d]">&gt;&gt;</a>&nbsp;&nbsp;&nbsp;SDHC_DriverIRQHandler
<LI><a href="#[8e]">&gt;&gt;</a>&nbsp;&nbsp;&nbsp;I2S0_Tx_DriverIRQHandler
<LI><a href="#[8f]">&gt;&gt;</a>&nbsp;&nbsp;&nbsp;I2S0_Rx_DriverIRQHandler
</UL>

<P><STRONG><a name="[13f]"></a>__assert</STRONG> (Thumb, 0 bytes, Stack size 16 bytes, assert.o(.text), UNUSED)

<P><STRONG><a name="[c9]"></a>__aeabi_memclr4</STRONG> (Thumb, 0 bytes, Stack size 4 bytes, rt_memclr_w.o(.text))
<BR><BR>[Stack]<UL><LI>Max Depth = 4<LI>Call Chain = __aeabi_memclr4
</UL>
<BR>[Called By]<UL><LI><a href="#[a8]">&gt;&gt;</a>&nbsp;&nbsp;&nbsp;AutoTestMode4
<LI><a href="#[a7]">&gt;&gt;</a>&nbsp;&nbsp;&nbsp;AutoTestMode3
<LI><a href="#[a6]">&gt;&gt;</a>&nbsp;&nbsp;&nbsp;AutoTestMode2
<LI><a href="#[a5]">&gt;&gt;</a>&nbsp;&nbsp;&nbsp;AutoTestMode1
</UL>

<P><STRONG><a name="[140]"></a>__aeabi_memclr8</STRONG> (Thumb, 0 bytes, Stack size 4 bytes, rt_memclr_w.o(.text), UNUSED)

<P><STRONG><a name="[141]"></a>__rt_memclr_w</STRONG> (Thumb, 78 bytes, Stack size 4 bytes, rt_memclr_w.o(.text), UNUSED)

<P><STRONG><a name="[142]"></a>_memset_w</STRONG> (Thumb, 0 bytes, Stack size unknown bytes, rt_memclr_w.o(.text), UNUSED)

<P><STRONG><a name="[bb]"></a>abort</STRONG> (Thumb, 22 bytes, Stack size 8 bytes, abort.o(.text))
<BR><BR>[Stack]<UL><LI>Max Depth = 48 + Unknown Stack Size
<LI>Call Chain = abort &rArr; __rt_SIGABRT &rArr; __rt_SIGABRT_inner &rArr; __default_signal_display &rArr; _ttywrch
</UL>
<BR>[Calls]<UL><LI><a href="#[b6]">&gt;&gt;</a>&nbsp;&nbsp;&nbsp;__rt_lib_shutdown
<LI><a href="#[bc]">&gt;&gt;</a>&nbsp;&nbsp;&nbsp;__rt_SIGABRT
<LI><a href="#[b8]">&gt;&gt;</a>&nbsp;&nbsp;&nbsp;_sys_exit
</UL>
<BR>[Called By]<UL><LI><a href="#[b9]">&gt;&gt;</a>&nbsp;&nbsp;&nbsp;__aeabi_assert
</UL>

<P><STRONG><a name="[ba]"></a>__assert_puts</STRONG> (Thumb, 20 bytes, Stack size 8 bytes, assert_puts.o(.text))
<BR><BR>[Stack]<UL><LI>Max Depth = 16<LI>Call Chain = __assert_puts &rArr; _ttywrch
</UL>
<BR>[Calls]<UL><LI><a href="#[bd]">&gt;&gt;</a>&nbsp;&nbsp;&nbsp;_ttywrch
</UL>
<BR>[Called By]<UL><LI><a href="#[b9]">&gt;&gt;</a>&nbsp;&nbsp;&nbsp;__aeabi_assert
</UL>

<P><STRONG><a name="[bd]"></a>_ttywrch</STRONG> (Thumb, 14 bytes, Stack size 8 bytes, sys_wrch.o(.text))
<BR><BR>[Stack]<UL><LI>Max Depth = 8<LI>Call Chain = _ttywrch
</UL>
<BR>[Called By]<UL><LI><a href="#[ba]">&gt;&gt;</a>&nbsp;&nbsp;&nbsp;__assert_puts
<LI><a href="#[c1]">&gt;&gt;</a>&nbsp;&nbsp;&nbsp;__default_signal_display
</UL>

<P><STRONG><a name="[b8]"></a>_sys_exit</STRONG> (Thumb, 8 bytes, Stack size 0 bytes, sys_exit.o(.text))
<BR><BR>[Called By]<UL><LI><a href="#[bb]">&gt;&gt;</a>&nbsp;&nbsp;&nbsp;abort
<LI><a href="#[b7]">&gt;&gt;</a>&nbsp;&nbsp;&nbsp;__rt_exit_exit
<LI><a href="#[bf]">&gt;&gt;</a>&nbsp;&nbsp;&nbsp;__sig_exit
</UL>

<P><STRONG><a name="[bc]"></a>__rt_SIGABRT</STRONG> (Thumb, 14 bytes, Stack size 8 bytes, defsig_abrt_outer.o(.text))
<BR><BR>[Stack]<UL><LI>Max Depth = 40<LI>Call Chain = __rt_SIGABRT &rArr; __rt_SIGABRT_inner &rArr; __default_signal_display &rArr; _ttywrch
</UL>
<BR>[Calls]<UL><LI><a href="#[be]">&gt;&gt;</a>&nbsp;&nbsp;&nbsp;__rt_SIGABRT_inner
<LI><a href="#[bf]">&gt;&gt;</a>&nbsp;&nbsp;&nbsp;__sig_exit
</UL>
<BR>[Called By]<UL><LI><a href="#[bb]">&gt;&gt;</a>&nbsp;&nbsp;&nbsp;abort
</UL>

<P><STRONG><a name="[143]"></a>__I$use$semihosting</STRONG> (Thumb, 0 bytes, Stack size 0 bytes, use_no_semi.o(.text), UNUSED)

<P><STRONG><a name="[144]"></a>__use_no_semihosting_swi</STRONG> (Thumb, 2 bytes, Stack size 0 bytes, use_no_semi.o(.text), UNUSED)

<P><STRONG><a name="[145]"></a>__semihosting_library_function</STRONG> (Thumb, 0 bytes, Stack size 8 bytes, indicate_semi.o(.text), UNUSED)

<P><STRONG><a name="[b4]"></a>exit</STRONG> (Thumb, 18 bytes, Stack size 8 bytes, exit.o(.text))
<BR><BR>[Stack]<UL><LI>Max Depth = 8 + Unknown Stack Size
<LI>Call Chain = exit
</UL>
<BR>[Calls]<UL><LI><a href="#[c0]">&gt;&gt;</a>&nbsp;&nbsp;&nbsp;__rt_exit
</UL>
<BR>[Called By]<UL><LI><a href="#[b2]">&gt;&gt;</a>&nbsp;&nbsp;&nbsp;__rt_entry_main
</UL>

<P><STRONG><a name="[bf]"></a>__sig_exit</STRONG> (Thumb, 10 bytes, Stack size 0 bytes, defsig_exit.o(.text))
<BR><BR>[Calls]<UL><LI><a href="#[b8]">&gt;&gt;</a>&nbsp;&nbsp;&nbsp;_sys_exit
</UL>
<BR>[Called By]<UL><LI><a href="#[bc]">&gt;&gt;</a>&nbsp;&nbsp;&nbsp;__rt_SIGABRT
</UL>

<P><STRONG><a name="[be]"></a>__rt_SIGABRT_inner</STRONG> (Thumb, 14 bytes, Stack size 8 bytes, defsig_abrt_inner.o(.text))
<BR><BR>[Stack]<UL><LI>Max Depth = 32<LI>Call Chain = __rt_SIGABRT_inner &rArr; __default_signal_display &rArr; _ttywrch
</UL>
<BR>[Calls]<UL><LI><a href="#[c1]">&gt;&gt;</a>&nbsp;&nbsp;&nbsp;__default_signal_display
</UL>
<BR>[Called By]<UL><LI><a href="#[bc]">&gt;&gt;</a>&nbsp;&nbsp;&nbsp;__rt_SIGABRT
</UL>

<P><STRONG><a name="[c1]"></a>__default_signal_display</STRONG> (Thumb, 50 bytes, Stack size 16 bytes, defsig_general.o(.text))
<BR><BR>[Stack]<UL><LI>Max Depth = 24<LI>Call Chain = __default_signal_display &rArr; _ttywrch
</UL>
<BR>[Calls]<UL><LI><a href="#[bd]">&gt;&gt;</a>&nbsp;&nbsp;&nbsp;_ttywrch
</UL>
<BR>[Called By]<UL><LI><a href="#[be]">&gt;&gt;</a>&nbsp;&nbsp;&nbsp;__rt_SIGABRT_inner
</UL>

<P><STRONG><a name="[c2]"></a>ActivateSlaveSpi</STRONG> (Thumb, 36 bytes, Stack size 8 bytes, i2commands.o(i.ActivateSlaveSpi))
<BR><BR>[Stack]<UL><LI>Max Depth = 88<LI>Call Chain = ActivateSlaveSpi &rArr; SetConvRate &rArr; __aeabi_dmul
</UL>
<BR>[Calls]<UL><LI><a href="#[c5]">&gt;&gt;</a>&nbsp;&nbsp;&nbsp;SetConvRate
<LI><a href="#[c3]">&gt;&gt;</a>&nbsp;&nbsp;&nbsp;SendSpi
<LI><a href="#[c4]">&gt;&gt;</a>&nbsp;&nbsp;&nbsp;ReadSpi
</UL>
<BR>[Called By]<UL><LI><a href="#[101]">&gt;&gt;</a>&nbsp;&nbsp;&nbsp;InitSetup
</UL>

<P><STRONG><a name="[c6]"></a>AutoTestComplete</STRONG> (Thumb, 48 bytes, Stack size 32 bytes, spitestapp.o(i.AutoTestComplete))
<BR><BR>[Stack]<UL><LI>Max Depth = 32<LI>Call Chain = AutoTestComplete
</UL>
<BR>[Calls]<UL><LI><a href="#[c8]">&gt;&gt;</a>&nbsp;&nbsp;&nbsp;SysTickDelayUs
<LI><a href="#[c7]">&gt;&gt;</a>&nbsp;&nbsp;&nbsp;ErrorSet
</UL>
<BR>[Called By]<UL><LI><a href="#[b3]">&gt;&gt;</a>&nbsp;&nbsp;&nbsp;main
</UL>

<P><STRONG><a name="[a5]"></a>AutoTestMode1</STRONG> (Thumb, 328 bytes, Stack size 1032 bytes, testmode1.o(i.AutoTestMode1))
<BR><BR>[Stack]<UL><LI>Max Depth = 1112<LI>Call Chain = AutoTestMode1 &rArr; SetConvRate &rArr; __aeabi_dmul
</UL>
<BR>[Calls]<UL><LI><a href="#[c9]">&gt;&gt;</a>&nbsp;&nbsp;&nbsp;__aeabi_memclr4
<LI><a href="#[ce]">&gt;&gt;</a>&nbsp;&nbsp;&nbsp;WaitTillIdle
<LI><a href="#[ca]">&gt;&gt;</a>&nbsp;&nbsp;&nbsp;SetRunMode
<LI><a href="#[c5]">&gt;&gt;</a>&nbsp;&nbsp;&nbsp;SetConvRate
<LI><a href="#[cc]">&gt;&gt;</a>&nbsp;&nbsp;&nbsp;SendStartConv
<LI><a href="#[cd]">&gt;&gt;</a>&nbsp;&nbsp;&nbsp;ReadReg16
<LI><a href="#[cf]">&gt;&gt;</a>&nbsp;&nbsp;&nbsp;FrameSizeSet
<LI><a href="#[cb]">&gt;&gt;</a>&nbsp;&nbsp;&nbsp;ChnlEnable
</UL>
<BR>[Address Reference Count : 1]<UL><LI> spitestapp.o(.constdata)
</UL>
<P><STRONG><a name="[a6]"></a>AutoTestMode2</STRONG> (Thumb, 248 bytes, Stack size 2072 bytes, testmode2.o(i.AutoTestMode2))
<BR><BR>[Stack]<UL><LI>Max Depth = 2152<LI>Call Chain = AutoTestMode2 &rArr; SetConvRate &rArr; __aeabi_dmul
</UL>
<BR>[Calls]<UL><LI><a href="#[c9]">&gt;&gt;</a>&nbsp;&nbsp;&nbsp;__aeabi_memclr4
<LI><a href="#[ca]">&gt;&gt;</a>&nbsp;&nbsp;&nbsp;SetRunMode
<LI><a href="#[c5]">&gt;&gt;</a>&nbsp;&nbsp;&nbsp;SetConvRate
<LI><a href="#[d1]">&gt;&gt;</a>&nbsp;&nbsp;&nbsp;SetBurst
<LI><a href="#[cc]">&gt;&gt;</a>&nbsp;&nbsp;&nbsp;SendStartConv
<LI><a href="#[d0]">&gt;&gt;</a>&nbsp;&nbsp;&nbsp;ReadBurst16
<LI><a href="#[cf]">&gt;&gt;</a>&nbsp;&nbsp;&nbsp;FrameSizeSet
<LI><a href="#[cb]">&gt;&gt;</a>&nbsp;&nbsp;&nbsp;ChnlEnable
</UL>
<BR>[Address Reference Count : 1]<UL><LI> spitestapp.o(.constdata)
</UL>
<P><STRONG><a name="[a7]"></a>AutoTestMode3</STRONG> (Thumb, 364 bytes, Stack size 1032 bytes, testmode3.o(i.AutoTestMode3))
<BR><BR>[Stack]<UL><LI>Max Depth = 1112<LI>Call Chain = AutoTestMode3 &rArr; SetConvRate &rArr; __aeabi_dmul
</UL>
<BR>[Calls]<UL><LI><a href="#[c8]">&gt;&gt;</a>&nbsp;&nbsp;&nbsp;SysTickDelayUs
<LI><a href="#[c9]">&gt;&gt;</a>&nbsp;&nbsp;&nbsp;__aeabi_memclr4
<LI><a href="#[ce]">&gt;&gt;</a>&nbsp;&nbsp;&nbsp;WaitTillIdle
<LI><a href="#[ca]">&gt;&gt;</a>&nbsp;&nbsp;&nbsp;SetRunMode
<LI><a href="#[c5]">&gt;&gt;</a>&nbsp;&nbsp;&nbsp;SetConvRate
<LI><a href="#[d2]">&gt;&gt;</a>&nbsp;&nbsp;&nbsp;SendStopConv
<LI><a href="#[cc]">&gt;&gt;</a>&nbsp;&nbsp;&nbsp;SendStartConv
<LI><a href="#[cd]">&gt;&gt;</a>&nbsp;&nbsp;&nbsp;ReadReg16
<LI><a href="#[cf]">&gt;&gt;</a>&nbsp;&nbsp;&nbsp;FrameSizeSet
<LI><a href="#[cb]">&gt;&gt;</a>&nbsp;&nbsp;&nbsp;ChnlEnable
</UL>
<BR>[Address Reference Count : 1]<UL><LI> spitestapp.o(.constdata)
</UL>
<P><STRONG><a name="[a8]"></a>AutoTestMode4</STRONG> (Thumb, 562 bytes, Stack size 1576 bytes, testmode4.o(i.AutoTestMode4))
<BR><BR>[Stack]<UL><LI>Max Depth = 1736 + Unknown Stack Size
<LI>Call Chain = AutoTestMode4 &rArr; CLOCK_GetFreq &rArr; CLOCK_GetFixedFreqClkFreq &rArr; CLOCK_GetOutClkFreq &rArr; CLOCK_GetFllFreq &rArr; CLOCK_GetFllRefClkFreq &rArr; CLOCK_GetFllExtRefClkFreq &rArr; CLOCK_GetMcgExtClkFreq &rArr; __aeabi_assert &rArr; abort &rArr; __rt_SIGABRT &rArr; __rt_SIGABRT_inner &rArr; __default_signal_display &rArr; _ttywrch
</UL>
<BR>[Calls]<UL><LI><a href="#[d3]">&gt;&gt;</a>&nbsp;&nbsp;&nbsp;CLOCK_GetFreq
<LI><a href="#[c9]">&gt;&gt;</a>&nbsp;&nbsp;&nbsp;__aeabi_memclr4
<LI><a href="#[ca]">&gt;&gt;</a>&nbsp;&nbsp;&nbsp;SetRunMode
<LI><a href="#[c5]">&gt;&gt;</a>&nbsp;&nbsp;&nbsp;SetConvRate
<LI><a href="#[d1]">&gt;&gt;</a>&nbsp;&nbsp;&nbsp;SetBurst
<LI><a href="#[d2]">&gt;&gt;</a>&nbsp;&nbsp;&nbsp;SendStopConv
<LI><a href="#[cc]">&gt;&gt;</a>&nbsp;&nbsp;&nbsp;SendStartConv
<LI><a href="#[d0]">&gt;&gt;</a>&nbsp;&nbsp;&nbsp;ReadBurst16
<LI><a href="#[cf]">&gt;&gt;</a>&nbsp;&nbsp;&nbsp;FrameSizeSet
<LI><a href="#[cb]">&gt;&gt;</a>&nbsp;&nbsp;&nbsp;ChnlEnable
</UL>
<BR>[Address Reference Count : 1]<UL><LI> spitestapp.o(.constdata)
</UL>
<P><STRONG><a name="[d4]"></a>BOARD_BootClockRUN</STRONG> (Thumb, 62 bytes, Stack size 8 bytes, clock_config.o(i.BOARD_BootClockRUN))
<BR><BR>[Stack]<UL><LI>Max Depth = 120 + Unknown Stack Size
<LI>Call Chain = BOARD_BootClockRUN &rArr; CLOCK_BootToPeeMode &rArr; CLOCK_SetPbeMode &rArr; CLOCK_EnablePll0 &rArr; __aeabi_assert &rArr; abort &rArr; __rt_SIGABRT &rArr; __rt_SIGABRT_inner &rArr; __default_signal_display &rArr; _ttywrch
</UL>
<BR>[Calls]<UL><LI><a href="#[d8]">&gt;&gt;</a>&nbsp;&nbsp;&nbsp;CLOCK_SetSimConfig
<LI><a href="#[d5]">&gt;&gt;</a>&nbsp;&nbsp;&nbsp;CLOCK_InitOsc0
<LI><a href="#[d7]">&gt;&gt;</a>&nbsp;&nbsp;&nbsp;CLOCK_BootToPeeMode
<LI><a href="#[d6]">&gt;&gt;</a>&nbsp;&nbsp;&nbsp;CLOCK_CONFIG_SetFllExtRefDiv
</UL>
<BR>[Called By]<UL><LI><a href="#[d9]">&gt;&gt;</a>&nbsp;&nbsp;&nbsp;BOARD_InitBootClocks
</UL>

<P><STRONG><a name="[d9]"></a>BOARD_InitBootClocks</STRONG> (Thumb, 8 bytes, Stack size 8 bytes, clock_config.o(i.BOARD_InitBootClocks))
<BR><BR>[Stack]<UL><LI>Max Depth = 128 + Unknown Stack Size
<LI>Call Chain = BOARD_InitBootClocks &rArr; BOARD_BootClockRUN &rArr; CLOCK_BootToPeeMode &rArr; CLOCK_SetPbeMode &rArr; CLOCK_EnablePll0 &rArr; __aeabi_assert &rArr; abort &rArr; __rt_SIGABRT &rArr; __rt_SIGABRT_inner &rArr; __default_signal_display &rArr; _ttywrch
</UL>
<BR>[Calls]<UL><LI><a href="#[d4]">&gt;&gt;</a>&nbsp;&nbsp;&nbsp;BOARD_BootClockRUN
</UL>
<BR>[Called By]<UL><LI><a href="#[b3]">&gt;&gt;</a>&nbsp;&nbsp;&nbsp;main
</UL>

<P><STRONG><a name="[da]"></a>BOARD_InitBootPins</STRONG> (Thumb, 8 bytes, Stack size 8 bytes, pin_mux.o(i.BOARD_InitBootPins))
<BR><BR>[Stack]<UL><LI>Max Depth = 104 + Unknown Stack Size
<LI>Call Chain = BOARD_InitBootPins &rArr; BOARD_InitPins &rArr; GPIO_PinInit &rArr; __aeabi_assert &rArr; abort &rArr; __rt_SIGABRT &rArr; __rt_SIGABRT_inner &rArr; __default_signal_display &rArr; _ttywrch
</UL>
<BR>[Calls]<UL><LI><a href="#[db]">&gt;&gt;</a>&nbsp;&nbsp;&nbsp;BOARD_InitPins
</UL>
<BR>[Called By]<UL><LI><a href="#[b3]">&gt;&gt;</a>&nbsp;&nbsp;&nbsp;main
</UL>

<P><STRONG><a name="[db]"></a>BOARD_InitPins</STRONG> (Thumb, 90 bytes, Stack size 8 bytes, pin_mux.o(i.BOARD_InitPins))
<BR><BR>[Stack]<UL><LI>Max Depth = 96 + Unknown Stack Size
<LI>Call Chain = BOARD_InitPins &rArr; GPIO_PinInit &rArr; __aeabi_assert &rArr; abort &rArr; __rt_SIGABRT &rArr; __rt_SIGABRT_inner &rArr; __default_signal_display &rArr; _ttywrch
</UL>
<BR>[Calls]<UL><LI><a href="#[dc]">&gt;&gt;</a>&nbsp;&nbsp;&nbsp;GPIO_PinInit
<LI><a href="#[dd]">&gt;&gt;</a>&nbsp;&nbsp;&nbsp;PORT_SetPinMux
</UL>
<BR>[Called By]<UL><LI><a href="#[da]">&gt;&gt;</a>&nbsp;&nbsp;&nbsp;BOARD_InitBootPins
</UL>

<P><STRONG><a name="[9c]"></a>CAN0_DriverIRQHandler</STRONG> (Thumb, 52 bytes, Stack size 8 bytes, fsl_flexcan.o(i.CAN0_DriverIRQHandler))
<BR><BR>[Stack]<UL><LI>Max Depth = 72 + Unknown Stack Size
<LI>Call Chain = CAN0_DriverIRQHandler &rArr; __aeabi_assert &rArr; abort &rArr; __rt_SIGABRT &rArr; __rt_SIGABRT_inner &rArr; __default_signal_display &rArr; _ttywrch
</UL>
<BR>[Calls]<UL><LI><a href="#[b9]">&gt;&gt;</a>&nbsp;&nbsp;&nbsp;__aeabi_assert
</UL>
<BR>[Address Reference Count : 1]<UL><LI> startup_mk66f18.o(.text)
</UL>
<P><STRONG><a name="[a4]"></a>CAN1_DriverIRQHandler</STRONG> (Thumb, 52 bytes, Stack size 8 bytes, fsl_flexcan.o(i.CAN1_DriverIRQHandler))
<BR><BR>[Stack]<UL><LI>Max Depth = 72 + Unknown Stack Size
<LI>Call Chain = CAN1_DriverIRQHandler &rArr; __aeabi_assert &rArr; abort &rArr; __rt_SIGABRT &rArr; __rt_SIGABRT_inner &rArr; __default_signal_display &rArr; _ttywrch
</UL>
<BR>[Calls]<UL><LI><a href="#[b9]">&gt;&gt;</a>&nbsp;&nbsp;&nbsp;__aeabi_assert
</UL>
<BR>[Address Reference Count : 1]<UL><LI> startup_mk66f18.o(.text)
</UL>
<P><STRONG><a name="[d7]"></a>CLOCK_BootToPeeMode</STRONG> (Thumb, 74 bytes, Stack size 16 bytes, fsl_clock.o(i.CLOCK_BootToPeeMode))
<BR><BR>[Stack]<UL><LI>Max Depth = 112 + Unknown Stack Size
<LI>Call Chain = CLOCK_BootToPeeMode &rArr; CLOCK_SetPbeMode &rArr; CLOCK_EnablePll0 &rArr; __aeabi_assert &rArr; abort &rArr; __rt_SIGABRT &rArr; __rt_SIGABRT_inner &rArr; __default_signal_display &rArr; _ttywrch
</UL>
<BR>[Calls]<UL><LI><a href="#[df]">&gt;&gt;</a>&nbsp;&nbsp;&nbsp;CLOCK_SetPbeMode
<LI><a href="#[de]">&gt;&gt;</a>&nbsp;&nbsp;&nbsp;CLOCK_SetExternalRefClkConfig
<LI><a href="#[b9]">&gt;&gt;</a>&nbsp;&nbsp;&nbsp;__aeabi_assert
</UL>
<BR>[Called By]<UL><LI><a href="#[d4]">&gt;&gt;</a>&nbsp;&nbsp;&nbsp;BOARD_BootClockRUN
</UL>

<P><STRONG><a name="[e0]"></a>CLOCK_EnablePll0</STRONG> (Thumb, 78 bytes, Stack size 16 bytes, fsl_clock.o(i.CLOCK_EnablePll0))
<BR><BR>[Stack]<UL><LI>Max Depth = 80 + Unknown Stack Size
<LI>Call Chain = CLOCK_EnablePll0 &rArr; __aeabi_assert &rArr; abort &rArr; __rt_SIGABRT &rArr; __rt_SIGABRT_inner &rArr; __default_signal_display &rArr; _ttywrch
</UL>
<BR>[Calls]<UL><LI><a href="#[b9]">&gt;&gt;</a>&nbsp;&nbsp;&nbsp;__aeabi_assert
</UL>
<BR>[Called By]<UL><LI><a href="#[df]">&gt;&gt;</a>&nbsp;&nbsp;&nbsp;CLOCK_SetPbeMode
</UL>

<P><STRONG><a name="[e1]"></a>CLOCK_GetEr32kClkFreq</STRONG> (Thumb, 86 bytes, Stack size 8 bytes, fsl_clock.o(i.CLOCK_GetEr32kClkFreq))
<BR><BR>[Stack]<UL><LI>Max Depth = 80 + Unknown Stack Size
<LI>Call Chain = CLOCK_GetEr32kClkFreq &rArr; CLOCK_GetOsc0ErClkDivFreq &rArr; __aeabi_assert &rArr; abort &rArr; __rt_SIGABRT &rArr; __rt_SIGABRT_inner &rArr; __default_signal_display &rArr; _ttywrch
</UL>
<BR>[Calls]<UL><LI><a href="#[e2]">&gt;&gt;</a>&nbsp;&nbsp;&nbsp;CLOCK_GetOsc0ErClkDivFreq
<LI><a href="#[b9]">&gt;&gt;</a>&nbsp;&nbsp;&nbsp;__aeabi_assert
</UL>
<BR>[Called By]<UL><LI><a href="#[d3]">&gt;&gt;</a>&nbsp;&nbsp;&nbsp;CLOCK_GetFreq
</UL>

<P><STRONG><a name="[ee]"></a>CLOCK_GetExtPllFreq</STRONG> (Thumb, 6 bytes, Stack size 0 bytes, fsl_clock.o(i.CLOCK_GetExtPllFreq))
<BR><BR>[Called By]<UL><LI><a href="#[e9]">&gt;&gt;</a>&nbsp;&nbsp;&nbsp;CLOCK_GetPllFllSelClkFreq
<LI><a href="#[e5]">&gt;&gt;</a>&nbsp;&nbsp;&nbsp;CLOCK_GetOutClkFreq
</UL>

<P><STRONG><a name="[e3]"></a>CLOCK_GetFixedFreqClkFreq</STRONG> (Thumb, 28 bytes, Stack size 8 bytes, fsl_clock.o(i.CLOCK_GetFixedFreqClkFreq))
<BR><BR>[Stack]<UL><LI>Max Depth = 144 + Unknown Stack Size
<LI>Call Chain = CLOCK_GetFixedFreqClkFreq &rArr; CLOCK_GetOutClkFreq &rArr; CLOCK_GetFllFreq &rArr; CLOCK_GetFllRefClkFreq &rArr; CLOCK_GetFllExtRefClkFreq &rArr; CLOCK_GetMcgExtClkFreq &rArr; __aeabi_assert &rArr; abort &rArr; __rt_SIGABRT &rArr; __rt_SIGABRT_inner &rArr; __default_signal_display &rArr; _ttywrch
</UL>
<BR>[Calls]<UL><LI><a href="#[e4]">&gt;&gt;</a>&nbsp;&nbsp;&nbsp;CLOCK_GetFllRefClkFreq
<LI><a href="#[e5]">&gt;&gt;</a>&nbsp;&nbsp;&nbsp;CLOCK_GetOutClkFreq
</UL>
<BR>[Called By]<UL><LI><a href="#[d3]">&gt;&gt;</a>&nbsp;&nbsp;&nbsp;CLOCK_GetFreq
</UL>

<P><STRONG><a name="[e8]"></a>CLOCK_GetFllFreq</STRONG> (Thumb, 66 bytes, Stack size 16 bytes, fsl_clock.o(i.CLOCK_GetFllFreq))
<BR><BR>[Stack]<UL><LI>Max Depth = 120 + Unknown Stack Size
<LI>Call Chain = CLOCK_GetFllFreq &rArr; CLOCK_GetFllRefClkFreq &rArr; CLOCK_GetFllExtRefClkFreq &rArr; CLOCK_GetMcgExtClkFreq &rArr; __aeabi_assert &rArr; abort &rArr; __rt_SIGABRT &rArr; __rt_SIGABRT_inner &rArr; __default_signal_display &rArr; _ttywrch
</UL>
<BR>[Calls]<UL><LI><a href="#[e4]">&gt;&gt;</a>&nbsp;&nbsp;&nbsp;CLOCK_GetFllRefClkFreq
</UL>
<BR>[Called By]<UL><LI><a href="#[e9]">&gt;&gt;</a>&nbsp;&nbsp;&nbsp;CLOCK_GetPllFllSelClkFreq
<LI><a href="#[e5]">&gt;&gt;</a>&nbsp;&nbsp;&nbsp;CLOCK_GetOutClkFreq
<LI><a href="#[d3]">&gt;&gt;</a>&nbsp;&nbsp;&nbsp;CLOCK_GetFreq
</UL>

<P><STRONG><a name="[d3]"></a>CLOCK_GetFreq</STRONG> (Thumb, 198 bytes, Stack size 16 bytes, fsl_clock.o(i.CLOCK_GetFreq))
<BR><BR>[Stack]<UL><LI>Max Depth = 160 + Unknown Stack Size
<LI>Call Chain = CLOCK_GetFreq &rArr; CLOCK_GetFixedFreqClkFreq &rArr; CLOCK_GetOutClkFreq &rArr; CLOCK_GetFllFreq &rArr; CLOCK_GetFllRefClkFreq &rArr; CLOCK_GetFllExtRefClkFreq &rArr; CLOCK_GetMcgExtClkFreq &rArr; __aeabi_assert &rArr; abort &rArr; __rt_SIGABRT &rArr; __rt_SIGABRT_inner &rArr; __default_signal_display &rArr; _ttywrch
</UL>
<BR>[Calls]<UL><LI><a href="#[e9]">&gt;&gt;</a>&nbsp;&nbsp;&nbsp;CLOCK_GetPllFllSelClkFreq
<LI><a href="#[ec]">&gt;&gt;</a>&nbsp;&nbsp;&nbsp;CLOCK_GetPll0Freq
<LI><a href="#[e5]">&gt;&gt;</a>&nbsp;&nbsp;&nbsp;CLOCK_GetOutClkFreq
<LI><a href="#[ea]">&gt;&gt;</a>&nbsp;&nbsp;&nbsp;CLOCK_GetOsc0ErClkUndivFreq
<LI><a href="#[e2]">&gt;&gt;</a>&nbsp;&nbsp;&nbsp;CLOCK_GetOsc0ErClkDivFreq
<LI><a href="#[eb]">&gt;&gt;</a>&nbsp;&nbsp;&nbsp;CLOCK_GetInternalRefClkFreq
<LI><a href="#[e8]">&gt;&gt;</a>&nbsp;&nbsp;&nbsp;CLOCK_GetFllFreq
<LI><a href="#[e3]">&gt;&gt;</a>&nbsp;&nbsp;&nbsp;CLOCK_GetFixedFreqClkFreq
<LI><a href="#[e1]">&gt;&gt;</a>&nbsp;&nbsp;&nbsp;CLOCK_GetEr32kClkFreq
</UL>
<BR>[Called By]<UL><LI><a href="#[102]">&gt;&gt;</a>&nbsp;&nbsp;&nbsp;SpiInit
<LI><a href="#[103]">&gt;&gt;</a>&nbsp;&nbsp;&nbsp;PitInit
<LI><a href="#[a8]">&gt;&gt;</a>&nbsp;&nbsp;&nbsp;AutoTestMode4
</UL>

<P><STRONG><a name="[eb]"></a>CLOCK_GetInternalRefClkFreq</STRONG> (Thumb, 22 bytes, Stack size 8 bytes, fsl_clock.o(i.CLOCK_GetInternalRefClkFreq))
<BR><BR>[Stack]<UL><LI>Max Depth = 8<LI>Call Chain = CLOCK_GetInternalRefClkFreq
</UL>
<BR>[Calls]<UL><LI><a href="#[ed]">&gt;&gt;</a>&nbsp;&nbsp;&nbsp;CLOCK_GetInternalRefClkSelectFreq
</UL>
<BR>[Called By]<UL><LI><a href="#[d3]">&gt;&gt;</a>&nbsp;&nbsp;&nbsp;CLOCK_GetFreq
</UL>

<P><STRONG><a name="[e2]"></a>CLOCK_GetOsc0ErClkDivFreq</STRONG> (Thumb, 50 bytes, Stack size 8 bytes, fsl_clock.o(i.CLOCK_GetOsc0ErClkDivFreq))
<BR><BR>[Stack]<UL><LI>Max Depth = 72 + Unknown Stack Size
<LI>Call Chain = CLOCK_GetOsc0ErClkDivFreq &rArr; __aeabi_assert &rArr; abort &rArr; __rt_SIGABRT &rArr; __rt_SIGABRT_inner &rArr; __default_signal_display &rArr; _ttywrch
</UL>
<BR>[Calls]<UL><LI><a href="#[b9]">&gt;&gt;</a>&nbsp;&nbsp;&nbsp;__aeabi_assert
</UL>
<BR>[Called By]<UL><LI><a href="#[d3]">&gt;&gt;</a>&nbsp;&nbsp;&nbsp;CLOCK_GetFreq
<LI><a href="#[e1]">&gt;&gt;</a>&nbsp;&nbsp;&nbsp;CLOCK_GetEr32kClkFreq
</UL>

<P><STRONG><a name="[ea]"></a>CLOCK_GetOsc0ErClkUndivFreq</STRONG> (Thumb, 42 bytes, Stack size 8 bytes, fsl_clock.o(i.CLOCK_GetOsc0ErClkUndivFreq))
<BR><BR>[Stack]<UL><LI>Max Depth = 72 + Unknown Stack Size
<LI>Call Chain = CLOCK_GetOsc0ErClkUndivFreq &rArr; __aeabi_assert &rArr; abort &rArr; __rt_SIGABRT &rArr; __rt_SIGABRT_inner &rArr; __default_signal_display &rArr; _ttywrch
</UL>
<BR>[Calls]<UL><LI><a href="#[b9]">&gt;&gt;</a>&nbsp;&nbsp;&nbsp;__aeabi_assert
</UL>
<BR>[Called By]<UL><LI><a href="#[d3]">&gt;&gt;</a>&nbsp;&nbsp;&nbsp;CLOCK_GetFreq
</UL>

<P><STRONG><a name="[e5]"></a>CLOCK_GetOutClkFreq</STRONG> (Thumb, 84 bytes, Stack size 16 bytes, fsl_clock.o(i.CLOCK_GetOutClkFreq))
<BR><BR>[Stack]<UL><LI>Max Depth = 136 + Unknown Stack Size
<LI>Call Chain = CLOCK_GetOutClkFreq &rArr; CLOCK_GetFllFreq &rArr; CLOCK_GetFllRefClkFreq &rArr; CLOCK_GetFllExtRefClkFreq &rArr; CLOCK_GetMcgExtClkFreq &rArr; __aeabi_assert &rArr; abort &rArr; __rt_SIGABRT &rArr; __rt_SIGABRT_inner &rArr; __default_signal_display &rArr; _ttywrch
</UL>
<BR>[Calls]<UL><LI><a href="#[e7]">&gt;&gt;</a>&nbsp;&nbsp;&nbsp;CLOCK_GetMcgExtClkFreq
<LI><a href="#[ed]">&gt;&gt;</a>&nbsp;&nbsp;&nbsp;CLOCK_GetInternalRefClkSelectFreq
<LI><a href="#[ec]">&gt;&gt;</a>&nbsp;&nbsp;&nbsp;CLOCK_GetPll0Freq
<LI><a href="#[e8]">&gt;&gt;</a>&nbsp;&nbsp;&nbsp;CLOCK_GetFllFreq
<LI><a href="#[ee]">&gt;&gt;</a>&nbsp;&nbsp;&nbsp;CLOCK_GetExtPllFreq
</UL>
<BR>[Called By]<UL><LI><a href="#[d3]">&gt;&gt;</a>&nbsp;&nbsp;&nbsp;CLOCK_GetFreq
<LI><a href="#[e3]">&gt;&gt;</a>&nbsp;&nbsp;&nbsp;CLOCK_GetFixedFreqClkFreq
</UL>

<P><STRONG><a name="[ec]"></a>CLOCK_GetPll0Freq</STRONG> (Thumb, 70 bytes, Stack size 8 bytes, fsl_clock.o(i.CLOCK_GetPll0Freq))
<BR><BR>[Stack]<UL><LI>Max Depth = 88 + Unknown Stack Size
<LI>Call Chain = CLOCK_GetPll0Freq &rArr; CLOCK_GetPll0RefFreq &rArr; CLOCK_GetMcgExtClkFreq &rArr; __aeabi_assert &rArr; abort &rArr; __rt_SIGABRT &rArr; __rt_SIGABRT_inner &rArr; __default_signal_display &rArr; _ttywrch
</UL>
<BR>[Calls]<UL><LI><a href="#[ef]">&gt;&gt;</a>&nbsp;&nbsp;&nbsp;CLOCK_GetPll0RefFreq
<LI><a href="#[b9]">&gt;&gt;</a>&nbsp;&nbsp;&nbsp;__aeabi_assert
</UL>
<BR>[Called By]<UL><LI><a href="#[e9]">&gt;&gt;</a>&nbsp;&nbsp;&nbsp;CLOCK_GetPllFllSelClkFreq
<LI><a href="#[e5]">&gt;&gt;</a>&nbsp;&nbsp;&nbsp;CLOCK_GetOutClkFreq
<LI><a href="#[d3]">&gt;&gt;</a>&nbsp;&nbsp;&nbsp;CLOCK_GetFreq
</UL>

<P><STRONG><a name="[e9]"></a>CLOCK_GetPllFllSelClkFreq</STRONG> (Thumb, 88 bytes, Stack size 8 bytes, fsl_clock.o(i.CLOCK_GetPllFllSelClkFreq))
<BR><BR>[Stack]<UL><LI>Max Depth = 128 + Unknown Stack Size
[...]
<LI><a href="#[a5]">&gt;&gt;</a>&nbsp;&nbsp;&nbsp;AutoTestMode1
<LI><a href="#[c2]">&gt;&gt;</a>&nbsp;&nbsp;&nbsp;ActivateSlaveSpi
</UL>

<P><STRONG><a name="[ca]"></a>SetRunMode</STRONG> (Thumb, 118 bytes, Stack size 8 bytes, i2commands.o(i.SetRunMode))
<BR><BR>[Stack]<UL><LI>Max Depth = 56<LI>Call Chain = SetRunMode &rArr; SetBurst &rArr; WriteReg8 &rArr; WaitTillIdle
</UL>
<BR>[Calls]<UL><LI><a href="#[d1]">&gt;&gt;</a>&nbsp;&nbsp;&nbsp;SetBurst
<LI><a href="#[fe]">&gt;&gt;</a>&nbsp;&nbsp;&nbsp;EnableContMode
</UL>
<BR>[Called By]<UL><LI><a href="#[a8]">&gt;&gt;</a>&nbsp;&nbsp;&nbsp;AutoTestMode4
<LI><a href="#[a7]">&gt;&gt;</a>&nbsp;&nbsp;&nbsp;AutoTestMode3
<LI><a href="#[a6]">&gt;&gt;</a>&nbsp;&nbsp;&nbsp;AutoTestMode2
<LI><a href="#[a5]">&gt;&gt;</a>&nbsp;&nbsp;&nbsp;AutoTestMode1
</UL>

<P><STRONG><a name="[102]"></a>SpiInit</STRONG> (Thumb, 186 bytes, Stack size 32 bytes, spicomm.o(i.SpiInit))
<BR><BR>[Stack]<UL><LI>Max Depth = 192 + Unknown Stack Size
<LI>Call Chain = SpiInit &rArr; CLOCK_GetFreq &rArr; CLOCK_GetFixedFreqClkFreq &rArr; CLOCK_GetOutClkFreq &rArr; CLOCK_GetFllFreq &rArr; CLOCK_GetFllRefClkFreq &rArr; CLOCK_GetFllExtRefClkFreq &rArr; CLOCK_GetMcgExtClkFreq &rArr; __aeabi_assert &rArr; abort &rArr; __rt_SIGABRT &rArr; __rt_SIGABRT_inner &rArr; __default_signal_display &rArr; _ttywrch
</UL>
<BR>[Calls]<UL><LI><a href="#[d3]">&gt;&gt;</a>&nbsp;&nbsp;&nbsp;CLOCK_GetFreq
<LI><a href="#[fc]">&gt;&gt;</a>&nbsp;&nbsp;&nbsp;DSPI_MasterSetDelayTimes
<LI><a href="#[fa]">&gt;&gt;</a>&nbsp;&nbsp;&nbsp;DSPI_MasterSetBaudRate
<LI><a href="#[f9]">&gt;&gt;</a>&nbsp;&nbsp;&nbsp;DSPI_GetInstance
<LI><a href="#[10f]">&gt;&gt;</a>&nbsp;&nbsp;&nbsp;StartSpiTransfer
</UL>
<BR>[Called By]<UL><LI><a href="#[101]">&gt;&gt;</a>&nbsp;&nbsp;&nbsp;InitSetup
</UL>

<P><STRONG><a name="[108]"></a>StartDma</STRONG> (Thumb, 60 bytes, Stack size 0 bytes, dma.o(i.StartDma))
<BR><BR>[Called By]<UL><LI><a href="#[d0]">&gt;&gt;</a>&nbsp;&nbsp;&nbsp;ReadBurst16
</UL>

<P><STRONG><a name="[109]"></a>StopDma</STRONG> (Thumb, 12 bytes, Stack size 0 bytes, dma.o(i.StopDma))
<BR><BR>[Called By]<UL><LI><a href="#[d0]">&gt;&gt;</a>&nbsp;&nbsp;&nbsp;ReadBurst16
</UL>

<P><STRONG><a name="[c8]"></a>SysTickDelayUs</STRONG> (Thumb, 76 bytes, Stack size 0 bytes, timers.o(i.SysTickDelayUs))
<BR><BR>[Called By]<UL><LI><a href="#[a7]">&gt;&gt;</a>&nbsp;&nbsp;&nbsp;AutoTestMode3
<LI><a href="#[c6]">&gt;&gt;</a>&nbsp;&nbsp;&nbsp;AutoTestComplete
<LI><a href="#[f2]">&gt;&gt;</a>&nbsp;&nbsp;&nbsp;WriteReg8
<LI><a href="#[ff]">&gt;&gt;</a>&nbsp;&nbsp;&nbsp;WriteReg16
<LI><a href="#[d2]">&gt;&gt;</a>&nbsp;&nbsp;&nbsp;SendStopConv
<LI><a href="#[cc]">&gt;&gt;</a>&nbsp;&nbsp;&nbsp;SendStartConv
<LI><a href="#[f1]">&gt;&gt;</a>&nbsp;&nbsp;&nbsp;ReadReg8
<LI><a href="#[cd]">&gt;&gt;</a>&nbsp;&nbsp;&nbsp;ReadReg16
<LI><a href="#[d0]">&gt;&gt;</a>&nbsp;&nbsp;&nbsp;ReadBurst16
</UL>

<P><STRONG><a name="[77]"></a>SystemInit</STRONG> (Thumb, 40 bytes, Stack size 8 bytes, system_mk66f18.o(i.SystemInit))
<BR><BR>[Stack]<UL><LI>Max Depth = 8<LI>Call Chain = SystemInit
</UL>
<BR>[Calls]<UL><LI><a href="#[110]">&gt;&gt;</a>&nbsp;&nbsp;&nbsp;SystemInitHook
</UL>
<BR>[Address Reference Count : 1]<UL><LI> startup_mk66f18.o(.text)
</UL>
<P><STRONG><a name="[110]"></a>SystemInitHook</STRONG> (Thumb, 2 bytes, Stack size 0 bytes, system_mk66f18.o(i.SystemInitHook))
<BR><BR>[Called By]<UL><LI><a href="#[77]">&gt;&gt;</a>&nbsp;&nbsp;&nbsp;SystemInit
</UL>

<P><STRONG><a name="[111]"></a>UART0_DriverIRQHandler</STRONG> (Thumb, 32 bytes, Stack size 8 bytes, fsl_uart.o(i.UART0_DriverIRQHandler))
<BR><BR>[Stack]<UL><LI>Max Depth = 8<LI>Call Chain = UART0_DriverIRQHandler
</UL>
<BR>[Called By]<UL><LI><a href="#[90]">&gt;&gt;</a>&nbsp;&nbsp;&nbsp;UART0_RX_TX_DriverIRQHandler
</UL>

<P><STRONG><a name="[90]"></a>UART0_RX_TX_DriverIRQHandler</STRONG> (Thumb, 24 bytes, Stack size 8 bytes, fsl_uart.o(i.UART0_RX_TX_DriverIRQHandler))
<BR><BR>[Stack]<UL><LI>Max Depth = 16<LI>Call Chain = UART0_RX_TX_DriverIRQHandler &rArr; UART0_DriverIRQHandler
</UL>
<BR>[Calls]<UL><LI><a href="#[111]">&gt;&gt;</a>&nbsp;&nbsp;&nbsp;UART0_DriverIRQHandler
</UL>
<BR>[Address Reference Count : 1]<UL><LI> startup_mk66f18.o(.text)
</UL>
<P><STRONG><a name="[112]"></a>UART1_DriverIRQHandler</STRONG> (Thumb, 32 bytes, Stack size 8 bytes, fsl_uart.o(i.UART1_DriverIRQHandler))
<BR><BR>[Stack]<UL><LI>Max Depth = 8<LI>Call Chain = UART1_DriverIRQHandler
</UL>
<BR>[Called By]<UL><LI><a href="#[92]">&gt;&gt;</a>&nbsp;&nbsp;&nbsp;UART1_RX_TX_DriverIRQHandler
</UL>

<P><STRONG><a name="[92]"></a>UART1_RX_TX_DriverIRQHandler</STRONG> (Thumb, 24 bytes, Stack size 8 bytes, fsl_uart.o(i.UART1_RX_TX_DriverIRQHandler))
<BR><BR>[Stack]<UL><LI>Max Depth = 16<LI>Call Chain = UART1_RX_TX_DriverIRQHandler &rArr; UART1_DriverIRQHandler
</UL>
<BR>[Calls]<UL><LI><a href="#[112]">&gt;&gt;</a>&nbsp;&nbsp;&nbsp;UART1_DriverIRQHandler
</UL>
<BR>[Address Reference Count : 1]<UL><LI> startup_mk66f18.o(.text)
</UL>
<P><STRONG><a name="[113]"></a>UART2_DriverIRQHandler</STRONG> (Thumb, 32 bytes, Stack size 8 bytes, fsl_uart.o(i.UART2_DriverIRQHandler))
<BR><BR>[Stack]<UL><LI>Max Depth = 8<LI>Call Chain = UART2_DriverIRQHandler
</UL>
<BR>[Called By]<UL><LI><a href="#[94]">&gt;&gt;</a>&nbsp;&nbsp;&nbsp;UART2_RX_TX_DriverIRQHandler
</UL>

<P><STRONG><a name="[94]"></a>UART2_RX_TX_DriverIRQHandler</STRONG> (Thumb, 24 bytes, Stack size 8 bytes, fsl_uart.o(i.UART2_RX_TX_DriverIRQHandler))
<BR><BR>[Stack]<UL><LI>Max Depth = 16<LI>Call Chain = UART2_RX_TX_DriverIRQHandler &rArr; UART2_DriverIRQHandler
</UL>
<BR>[Calls]<UL><LI><a href="#[113]">&gt;&gt;</a>&nbsp;&nbsp;&nbsp;UART2_DriverIRQHandler
</UL>
<BR>[Address Reference Count : 1]<UL><LI> startup_mk66f18.o(.text)
</UL>
<P><STRONG><a name="[114]"></a>UART3_DriverIRQHandler</STRONG> (Thumb, 32 bytes, Stack size 8 bytes, fsl_uart.o(i.UART3_DriverIRQHandler))
<BR><BR>[Stack]<UL><LI>Max Depth = 8<LI>Call Chain = UART3_DriverIRQHandler
</UL>
<BR>[Called By]<UL><LI><a href="#[96]">&gt;&gt;</a>&nbsp;&nbsp;&nbsp;UART3_RX_TX_DriverIRQHandler
</UL>

<P><STRONG><a name="[96]"></a>UART3_RX_TX_DriverIRQHandler</STRONG> (Thumb, 24 bytes, Stack size 8 bytes, fsl_uart.o(i.UART3_RX_TX_DriverIRQHandler))
<BR><BR>[Stack]<UL><LI>Max Depth = 16<LI>Call Chain = UART3_RX_TX_DriverIRQHandler &rArr; UART3_DriverIRQHandler
</UL>
<BR>[Calls]<UL><LI><a href="#[114]">&gt;&gt;</a>&nbsp;&nbsp;&nbsp;UART3_DriverIRQHandler
</UL>
<BR>[Address Reference Count : 1]<UL><LI> startup_mk66f18.o(.text)
</UL>
<P><STRONG><a name="[115]"></a>UART4_DriverIRQHandler</STRONG> (Thumb, 32 bytes, Stack size 8 bytes, fsl_uart.o(i.UART4_DriverIRQHandler))
<BR><BR>[Stack]<UL><LI>Max Depth = 8<LI>Call Chain = UART4_DriverIRQHandler
</UL>
<BR>[Called By]<UL><LI><a href="#[99]">&gt;&gt;</a>&nbsp;&nbsp;&nbsp;UART4_RX_TX_DriverIRQHandler
</UL>

<P><STRONG><a name="[99]"></a>UART4_RX_TX_DriverIRQHandler</STRONG> (Thumb, 24 bytes, Stack size 8 bytes, fsl_uart.o(i.UART4_RX_TX_DriverIRQHandler))
<BR><BR>[Stack]<UL><LI>Max Depth = 16<LI>Call Chain = UART4_RX_TX_DriverIRQHandler &rArr; UART4_DriverIRQHandler
</UL>
<BR>[Calls]<UL><LI><a href="#[115]">&gt;&gt;</a>&nbsp;&nbsp;&nbsp;UART4_DriverIRQHandler
</UL>
<BR>[Address Reference Count : 1]<UL><LI> startup_mk66f18.o(.text)
</UL>
<P><STRONG><a name="[ce]"></a>WaitTillIdle</STRONG> (Thumb, 24 bytes, Stack size 8 bytes, i2commands.o(i.WaitTillIdle))
<BR><BR>[Stack]<UL><LI>Max Depth = 8<LI>Call Chain = WaitTillIdle
</UL>
<BR>[Calls]<UL><LI><a href="#[c3]">&gt;&gt;</a>&nbsp;&nbsp;&nbsp;SendSpi
<LI><a href="#[c4]">&gt;&gt;</a>&nbsp;&nbsp;&nbsp;ReadSpi
</UL>
<BR>[Called By]<UL><LI><a href="#[a7]">&gt;&gt;</a>&nbsp;&nbsp;&nbsp;AutoTestMode3
<LI><a href="#[a5]">&gt;&gt;</a>&nbsp;&nbsp;&nbsp;AutoTestMode1
<LI><a href="#[f2]">&gt;&gt;</a>&nbsp;&nbsp;&nbsp;WriteReg8
<LI><a href="#[ff]">&gt;&gt;</a>&nbsp;&nbsp;&nbsp;WriteReg16
<LI><a href="#[d2]">&gt;&gt;</a>&nbsp;&nbsp;&nbsp;SendStopConv
<LI><a href="#[cc]">&gt;&gt;</a>&nbsp;&nbsp;&nbsp;SendStartConv
<LI><a href="#[f1]">&gt;&gt;</a>&nbsp;&nbsp;&nbsp;ReadReg8
<LI><a href="#[cd]">&gt;&gt;</a>&nbsp;&nbsp;&nbsp;ReadReg16
<LI><a href="#[d0]">&gt;&gt;</a>&nbsp;&nbsp;&nbsp;ReadBurst16
<LI><a href="#[cf]">&gt;&gt;</a>&nbsp;&nbsp;&nbsp;FrameSizeSet
</UL>

<P><STRONG><a name="[ff]"></a>WriteReg16</STRONG> (Thumb, 112 bytes, Stack size 16 bytes, i2commands.o(i.WriteReg16))
<BR><BR>[Stack]<UL><LI>Max Depth = 24<LI>Call Chain = WriteReg16 &rArr; WaitTillIdle
</UL>
<BR>[Calls]<UL><LI><a href="#[c8]">&gt;&gt;</a>&nbsp;&nbsp;&nbsp;SysTickDelayUs
<LI><a href="#[ce]">&gt;&gt;</a>&nbsp;&nbsp;&nbsp;WaitTillIdle
<LI><a href="#[c3]">&gt;&gt;</a>&nbsp;&nbsp;&nbsp;SendSpi
</UL>
<BR>[Called By]<UL><LI><a href="#[c5]">&gt;&gt;</a>&nbsp;&nbsp;&nbsp;SetConvRate
<LI><a href="#[cf]">&gt;&gt;</a>&nbsp;&nbsp;&nbsp;FrameSizeSet
</UL>

<P><STRONG><a name="[f2]"></a>WriteReg8</STRONG> (Thumb, 46 bytes, Stack size 16 bytes, i2commands.o(i.WriteReg8))
<BR><BR>[Stack]<UL><LI>Max Depth = 24<LI>Call Chain = WriteReg8 &rArr; WaitTillIdle
</UL>
<BR>[Calls]<UL><LI><a href="#[c8]">&gt;&gt;</a>&nbsp;&nbsp;&nbsp;SysTickDelayUs
<LI><a href="#[ce]">&gt;&gt;</a>&nbsp;&nbsp;&nbsp;WaitTillIdle
<LI><a href="#[c3]">&gt;&gt;</a>&nbsp;&nbsp;&nbsp;SendSpi
</UL>
<BR>[Called By]<UL><LI><a href="#[d1]">&gt;&gt;</a>&nbsp;&nbsp;&nbsp;SetBurst
<LI><a href="#[cf]">&gt;&gt;</a>&nbsp;&nbsp;&nbsp;FrameSizeSet
<LI><a href="#[fe]">&gt;&gt;</a>&nbsp;&nbsp;&nbsp;EnableContMode
<LI><a href="#[cb]">&gt;&gt;</a>&nbsp;&nbsp;&nbsp;ChnlEnable
</UL>

<P><STRONG><a name="[b3]"></a>main</STRONG> (Thumb, 22 bytes, Stack size 0 bytes, mainapp.o(i.main))
<BR><BR>[Stack]<UL><LI>Max Depth = 200 + Unknown Stack Size
<LI>Call Chain = main &rArr; InitSetup &rArr; SpiInit &rArr; CLOCK_GetFreq &rArr; CLOCK_GetFixedFreqClkFreq &rArr; CLOCK_GetOutClkFreq &rArr; CLOCK_GetFllFreq &rArr; CLOCK_GetFllRefClkFreq &rArr; CLOCK_GetFllExtRefClkFreq &rArr; CLOCK_GetMcgExtClkFreq &rArr; __aeabi_assert &rArr; abort &rArr; __rt_SIGABRT &rArr; __rt_SIGABRT_inner &rArr; __default_signal_display &rArr; _ttywrch
</UL>
<BR>[Calls]<UL><LI><a href="#[101]">&gt;&gt;</a>&nbsp;&nbsp;&nbsp;InitSetup
<LI><a href="#[da]">&gt;&gt;</a>&nbsp;&nbsp;&nbsp;BOARD_InitBootPins
<LI><a href="#[d9]">&gt;&gt;</a>&nbsp;&nbsp;&nbsp;BOARD_InitBootClocks
<LI><a href="#[c6]">&gt;&gt;</a>&nbsp;&nbsp;&nbsp;AutoTestComplete
</UL>
<BR>[Called By]<UL><LI><a href="#[b2]">&gt;&gt;</a>&nbsp;&nbsp;&nbsp;__rt_entry_main
</UL>

<P><STRONG><a name="[10c]"></a>__aeabi_ddiv</STRONG> (Thumb, 0 bytes, Stack size 32 bytes, ddiv.o(x$fpl$ddiv))
<BR><BR>[Stack]<UL><LI>Max Depth = 32<LI>Call Chain = __aeabi_ddiv
</UL>
<BR>[Called By]<UL><LI><a href="#[c5]">&gt;&gt;</a>&nbsp;&nbsp;&nbsp;SetConvRate
</UL>

<P><STRONG><a name="[116]"></a>_ddiv</STRONG> (Thumb, 552 bytes, Stack size 32 bytes, ddiv.o(x$fpl$ddiv), UNUSED)
<BR><BR>[Calls]<UL><LI><a href="#[117]">&gt;&gt;</a>&nbsp;&nbsp;&nbsp;__fpl_dretinf
<LI><a href="#[118]">&gt;&gt;</a>&nbsp;&nbsp;&nbsp;__fpl_dnaninf
</UL>

<P><STRONG><a name="[10e]"></a>__aeabi_d2iz</STRONG> (Thumb, 0 bytes, Stack size 32 bytes, dfix.o(x$fpl$dfix))
<BR><BR>[Stack]<UL><LI>Max Depth = 32<LI>Call Chain = __aeabi_d2iz
</UL>
<BR>[Called By]<UL><LI><a href="#[c5]">&gt;&gt;</a>&nbsp;&nbsp;&nbsp;SetConvRate
</UL>

<P><STRONG><a name="[119]"></a>_dfix</STRONG> (Thumb, 94 bytes, Stack size 32 bytes, dfix.o(x$fpl$dfix), UNUSED)
<BR><BR>[Calls]<UL><LI><a href="#[118]">&gt;&gt;</a>&nbsp;&nbsp;&nbsp;__fpl_dnaninf
</UL>

<P><STRONG><a name="[10b]"></a>__aeabi_ui2d</STRONG> (Thumb, 0 bytes, Stack size 0 bytes, dflt_clz.o(x$fpl$dfltu))
<BR><BR>[Called By]<UL><LI><a href="#[c5]">&gt;&gt;</a>&nbsp;&nbsp;&nbsp;SetConvRate
</UL>

<P><STRONG><a name="[146]"></a>_dfltu</STRONG> (Thumb, 38 bytes, Stack size 0 bytes, dflt_clz.o(x$fpl$dfltu), UNUSED)

<P><STRONG><a name="[10d]"></a>__aeabi_dmul</STRONG> (Thumb, 0 bytes, Stack size 32 bytes, dmul.o(x$fpl$dmul))
<BR><BR>[Stack]<UL><LI>Max Depth = 32<LI>Call Chain = __aeabi_dmul
</UL>
<BR>[Called By]<UL><LI><a href="#[c5]">&gt;&gt;</a>&nbsp;&nbsp;&nbsp;SetConvRate
</UL>

<P><STRONG><a name="[11a]"></a>_dmul</STRONG> (Thumb, 332 bytes, Stack size 32 bytes, dmul.o(x$fpl$dmul), UNUSED)
<BR><BR>[Calls]<UL><LI><a href="#[117]">&gt;&gt;</a>&nbsp;&nbsp;&nbsp;__fpl_dretinf
<LI><a href="#[118]">&gt;&gt;</a>&nbsp;&nbsp;&nbsp;__fpl_dnaninf
</UL>

<P><STRONG><a name="[118]"></a>__fpl_dnaninf</STRONG> (Thumb, 156 bytes, Stack size 16 bytes, dnaninf.o(x$fpl$dnaninf), UNUSED)
<BR><BR>[Called By]<UL><LI><a href="#[11a]">&gt;&gt;</a>&nbsp;&nbsp;&nbsp;_dmul
<LI><a href="#[119]">&gt;&gt;</a>&nbsp;&nbsp;&nbsp;_dfix
<LI><a href="#[116]">&gt;&gt;</a>&nbsp;&nbsp;&nbsp;_ddiv
</UL>

<P><STRONG><a name="[117]"></a>__fpl_dretinf</STRONG> (Thumb, 12 bytes, Stack size 0 bytes, dretinf.o(x$fpl$dretinf), UNUSED)
<BR><BR>[Called By]<UL><LI><a href="#[11a]">&gt;&gt;</a>&nbsp;&nbsp;&nbsp;_dmul
<LI><a href="#[116]">&gt;&gt;</a>&nbsp;&nbsp;&nbsp;_ddiv
</UL>

<P><STRONG><a name="[af]"></a>_fp_init</STRONG> (Thumb, 10 bytes, Stack size 0 bytes, fpinit.o(x$fpl$fpinit))
<BR><BR>[Called By]<UL><LI><a href="#[ae]">&gt;&gt;</a>&nbsp;&nbsp;&nbsp;__rt_lib_init_fp_1
</UL>

<P><STRONG><a name="[147]"></a>__fplib_config_fpu_vfp</STRONG> (Thumb, 0 bytes, Stack size unknown bytes, fpinit.o(x$fpl$fpinit), UNUSED)

<P><STRONG><a name="[148]"></a>__fplib_config_pureend_doubles</STRONG> (Thumb, 0 bytes, Stack size unknown bytes, fpinit.o(x$fpl$fpinit), UNUSED)
<P>
<H3>
Local Symbols
</H3>
<P><STRONG><a name="[d6]"></a>CLOCK_CONFIG_SetFllExtRefDiv</STRONG> (Thumb, 14 bytes, Stack size 0 bytes, clock_config.o(i.CLOCK_CONFIG_SetFllExtRefDiv))
<BR><BR>[Called By]<UL><LI><a href="#[d4]">&gt;&gt;</a>&nbsp;&nbsp;&nbsp;BOARD_BootClockRUN
</UL>

<P><STRONG><a name="[dd]"></a>PORT_SetPinMux</STRONG> (Thumb, 14 bytes, Stack size 0 bytes, pin_mux.o(i.PORT_SetPinMux))
<BR><BR>[Called By]<UL><LI><a href="#[db]">&gt;&gt;</a>&nbsp;&nbsp;&nbsp;BOARD_InitPins
</UL>

<P><STRONG><a name="[e6]"></a>CLOCK_GetFllExtRefClkFreq</STRONG> (Thumb, 108 bytes, Stack size 24 bytes, fsl_clock.o(i.CLOCK_GetFllExtRefClkFreq))
<BR><BR>[Stack]<UL><LI>Max Depth = 96 + Unknown Stack Size
<LI>Call Chain = CLOCK_GetFllExtRefClkFreq &rArr; CLOCK_GetMcgExtClkFreq &rArr; __aeabi_assert &rArr; abort &rArr; __rt_SIGABRT &rArr; __rt_SIGABRT_inner &rArr; __default_signal_display &rArr; _ttywrch
</UL>
<BR>[Calls]<UL><LI><a href="#[e7]">&gt;&gt;</a>&nbsp;&nbsp;&nbsp;CLOCK_GetMcgExtClkFreq
</UL>
<BR>[Called By]<UL><LI><a href="#[e4]">&gt;&gt;</a>&nbsp;&nbsp;&nbsp;CLOCK_GetFllRefClkFreq
</UL>

<P><STRONG><a name="[e4]"></a>CLOCK_GetFllRefClkFreq</STRONG> (Thumb, 24 bytes, Stack size 8 bytes, fsl_clock.o(i.CLOCK_GetFllRefClkFreq))
<BR><BR>[Stack]<UL><LI>Max Depth = 104 + Unknown Stack Size
<LI>Call Chain = CLOCK_GetFllRefClkFreq &rArr; CLOCK_GetFllExtRefClkFreq &rArr; CLOCK_GetMcgExtClkFreq &rArr; __aeabi_assert &rArr; abort &rArr; __rt_SIGABRT &rArr; __rt_SIGABRT_inner &rArr; __default_signal_display &rArr; _ttywrch
</UL>
<BR>[Calls]<UL><LI><a href="#[e6]">&gt;&gt;</a>&nbsp;&nbsp;&nbsp;CLOCK_GetFllExtRefClkFreq
</UL>
<BR>[Called By]<UL><LI><a href="#[e8]">&gt;&gt;</a>&nbsp;&nbsp;&nbsp;CLOCK_GetFllFreq
<LI><a href="#[e3]">&gt;&gt;</a>&nbsp;&nbsp;&nbsp;CLOCK_GetFixedFreqClkFreq
</UL>

<P><STRONG><a name="[ed]"></a>CLOCK_GetInternalRefClkSelectFreq</STRONG> (Thumb, 32 bytes, Stack size 0 bytes, fsl_clock.o(i.CLOCK_GetInternalRefClkSelectFreq))
<BR><BR>[Called By]<UL><LI><a href="#[e5]">&gt;&gt;</a>&nbsp;&nbsp;&nbsp;CLOCK_GetOutClkFreq
<LI><a href="#[eb]">&gt;&gt;</a>&nbsp;&nbsp;&nbsp;CLOCK_GetInternalRefClkFreq
</UL>

<P><STRONG><a name="[e7]"></a>CLOCK_GetMcgExtClkFreq</STRONG> (Thumb, 84 bytes, Stack size 8 bytes, fsl_clock.o(i.CLOCK_GetMcgExtClkFreq))
<BR><BR>[Stack]<UL><LI>Max Depth = 72 + Unknown Stack Size
<LI>Call Chain = CLOCK_GetMcgExtClkFreq &rArr; __aeabi_assert &rArr; abort &rArr; __rt_SIGABRT &rArr; __rt_SIGABRT_inner &rArr; __default_signal_display &rArr; _ttywrch
</UL>
<BR>[Calls]<UL><LI><a href="#[b9]">&gt;&gt;</a>&nbsp;&nbsp;&nbsp;__aeabi_assert
</UL>
<BR>[Called By]<UL><LI><a href="#[ef]">&gt;&gt;</a>&nbsp;&nbsp;&nbsp;CLOCK_GetPll0RefFreq
<LI><a href="#[e6]">&gt;&gt;</a>&nbsp;&nbsp;&nbsp;CLOCK_GetFllExtRefClkFreq
<LI><a href="#[e5]">&gt;&gt;</a>&nbsp;&nbsp;&nbsp;CLOCK_GetOutClkFreq
</UL>

<P><STRONG><a name="[f0]"></a>CLOCK_GetOscRangeFromFreq</STRONG> (Thumb, 28 bytes, Stack size 0 bytes, fsl_clock.o(i.CLOCK_GetOscRangeFromFreq))
<BR><BR>[Called By]<UL><LI><a href="#[d5]">&gt;&gt;</a>&nbsp;&nbsp;&nbsp;CLOCK_InitOsc0
</UL>

<P><STRONG><a name="[ef]"></a>CLOCK_GetPll0RefFreq</STRONG> (Thumb, 8 bytes, Stack size 8 bytes, fsl_clock.o(i.CLOCK_GetPll0RefFreq))
<BR><BR>[Stack]<UL><LI>Max Depth = 80 + Unknown Stack Size
<LI>Call Chain = CLOCK_GetPll0RefFreq &rArr; CLOCK_GetMcgExtClkFreq &rArr; __aeabi_assert &rArr; abort &rArr; __rt_SIGABRT &rArr; __rt_SIGABRT_inner &rArr; __default_signal_display &rArr; _ttywrch
</UL>
<BR>[Calls]<UL><LI><a href="#[e7]">&gt;&gt;</a>&nbsp;&nbsp;&nbsp;CLOCK_GetMcgExtClkFreq
</UL>
<BR>[Called By]<UL><LI><a href="#[ec]">&gt;&gt;</a>&nbsp;&nbsp;&nbsp;CLOCK_GetPll0Freq
</UL>

<P><STRONG><a name="[f5]"></a>DMAMUX_GetInstance</STRONG> (Thumb, 46 bytes, Stack size 16 bytes, fsl_dmamux.o(i.DMAMUX_GetInstance))
<BR><BR>[Stack]<UL><LI>Max Depth = 80 + Unknown Stack Size
<LI>Call Chain = DMAMUX_GetInstance &rArr; __aeabi_assert &rArr; abort &rArr; __rt_SIGABRT &rArr; __rt_SIGABRT_inner &rArr; __default_signal_display &rArr; _ttywrch
</UL>
<BR>[Calls]<UL><LI><a href="#[b9]">&gt;&gt;</a>&nbsp;&nbsp;&nbsp;__aeabi_assert
</UL>
<BR>[Called By]<UL><LI><a href="#[f6]">&gt;&gt;</a>&nbsp;&nbsp;&nbsp;DMAMUX_Init
</UL>

<P><STRONG><a name="[f7]"></a>DSPI_CommonIRQHandler</STRONG> (Thumb, 54 bytes, Stack size 16 bytes, fsl_dspi.o(i.DSPI_CommonIRQHandler))
<BR><BR>[Stack]<UL><LI>Max Depth = 16<LI>Call Chain = DSPI_CommonIRQHandler
</UL>
<BR>[Calls]<UL><LI><a href="#[f8]">&gt;&gt;</a>&nbsp;&nbsp;&nbsp;DSPI_IsMaster
</UL>
<BR>[Called By]<UL><LI><a href="#[98]">&gt;&gt;</a>&nbsp;&nbsp;&nbsp;SPI2_DriverIRQHandler
<LI><a href="#[8d]">&gt;&gt;</a>&nbsp;&nbsp;&nbsp;SPI1_DriverIRQHandler
<LI><a href="#[8c]">&gt;&gt;</a>&nbsp;&nbsp;&nbsp;SPI0_DriverIRQHandler
</UL>

<P><STRONG><a name="[f8]"></a>DSPI_IsMaster</STRONG> (Thumb, 18 bytes, Stack size 0 bytes, fsl_dspi.o(i.DSPI_IsMaster))
<BR><BR>[Called By]<UL><LI><a href="#[f7]">&gt;&gt;</a>&nbsp;&nbsp;&nbsp;DSPI_CommonIRQHandler
<LI><a href="#[fc]">&gt;&gt;</a>&nbsp;&nbsp;&nbsp;DSPI_MasterSetDelayTimes
<LI><a href="#[fb]">&gt;&gt;</a>&nbsp;&nbsp;&nbsp;DSPI_MasterSetDelayScaler
<LI><a href="#[fa]">&gt;&gt;</a>&nbsp;&nbsp;&nbsp;DSPI_MasterSetBaudRate
</UL>

<P><STRONG><a name="[100]"></a>I2C_TransferCommonIRQHandler</STRONG> (Thumb, 66 bytes, Stack size 24 bytes, fsl_i2c.o(i.I2C_TransferCommonIRQHandler))
<BR><BR>[Stack]<UL><LI>Max Depth = 24<LI>Call Chain = I2C_TransferCommonIRQHandler
</UL>
<BR>[Called By]<UL><LI><a href="#[a3]">&gt;&gt;</a>&nbsp;&nbsp;&nbsp;I2C3_DriverIRQHandler
<LI><a href="#[9b]">&gt;&gt;</a>&nbsp;&nbsp;&nbsp;I2C2_DriverIRQHandler
<LI><a href="#[8b]">&gt;&gt;</a>&nbsp;&nbsp;&nbsp;I2C1_DriverIRQHandler
<LI><a href="#[8a]">&gt;&gt;</a>&nbsp;&nbsp;&nbsp;I2C0_DriverIRQHandler
</UL>

<P><STRONG><a name="[105]"></a>PIT_GetInstance</STRONG> (Thumb, 46 bytes, Stack size 16 bytes, fsl_pit.o(i.PIT_GetInstance))
<BR><BR>[Stack]<UL><LI>Max Depth = 80 + Unknown Stack Size
<LI>Call Chain = PIT_GetInstance &rArr; __aeabi_assert &rArr; abort &rArr; __rt_SIGABRT &rArr; __rt_SIGABRT_inner &rArr; __default_signal_display &rArr; _ttywrch
</UL>
<BR>[Calls]<UL><LI><a href="#[b9]">&gt;&gt;</a>&nbsp;&nbsp;&nbsp;__aeabi_assert
</UL>
<BR>[Called By]<UL><LI><a href="#[106]">&gt;&gt;</a>&nbsp;&nbsp;&nbsp;PIT_Init
</UL>

<P><STRONG><a name="[10f]"></a>StartSpiTransfer</STRONG> (Thumb, 14 bytes, Stack size 0 bytes, spicomm.o(i.StartSpiTransfer))
<BR><BR>[Called By]<UL><LI><a href="#[102]">&gt;&gt;</a>&nbsp;&nbsp;&nbsp;SpiInit
</UL>
<P>
<H3>
Undefined Global Symbols
</H3><HR></body></html>
