Component: ARM Compiler 5.06 update 6 (build 750) Tool: armlink [4d35ed]

==============================================================================

Section Cross References

    mainapp.o(i.main) refers to clock_config.o(i.BOARD_InitBootClocks) for BOARD_InitBootClocks
    mainapp.o(i.main) refers to pin_mux.o(i.BOARD_InitBootPins) for BOARD_InitBootPins
    mainapp.o(i.main) refers to spitestapp.o(i.InitSetup) for InitSetup
    mainapp.o(i.main) refers to spitestapp.o(i.AutoTestComplete) for AutoTestComplete
    mainapp.o(i.main) refers to mainapp.o(.data) for testResults
    spitestapp.o(i.AutoTestComplete) refers to gpio.o(i.ErrorSet) for ErrorSet
    spitestapp.o(i.AutoTestComplete) refers to timers.o(i.SysTickDelayUs) for SysTickDelayUs
    spitestapp.o(i.AutoTestComplete) refers to spitestapp.o(.constdata) for .constdata
    spitestapp.o(i.InitSetup) refers to spicomm.o(i.SpiInit) for SpiInit
    spitestapp.o(i.InitSetup) refers to timers.o(i.PitInit) for PitInit
    spitestapp.o(i.InitSetup) refers to dma.o(i.DmaInit) for DmaInit
    spitestapp.o(i.InitSetup) refers to gpio.o(i.GpioInit) for GpioInit
    spitestapp.o(i.InitSetup) refers to i2commands.o(i.ActivateSlaveSpi) for ActivateSlaveSpi
    spitestapp.o(.constdata) refers to testmode1.o(i.AutoTestMode1) for AutoTestMode1
    spitestapp.o(.constdata) refers to testmode2.o(i.AutoTestMode2) for AutoTestMode2
    spitestapp.o(.constdata) refers to testmode3.o(i.AutoTestMode3) for AutoTestMode3
    spitestapp.o(.constdata) refers to testmode4.o(i.AutoTestMode4) for AutoTestMode4
    clock_config.o(i.BOARD_BootClockRUN) refers to fsl_clock.o(i.CLOCK_InitOsc0) for CLOCK_InitOsc0
    clock_config.o(i.BOARD_BootClockRUN) refers to clock_config.o(i.CLOCK_CONFIG_SetFllExtRefDiv) for CLOCK_CONFIG_SetFllExtRefDiv
    clock_config.o(i.BOARD_BootClockRUN) refers to fsl_clock.o(i.CLOCK_BootToPeeMode) for CLOCK_BootToPeeMode
    clock_config.o(i.BOARD_BootClockRUN) refers to fsl_clock.o(i.CLOCK_SetSimConfig) for CLOCK_SetSimConfig
    clock_config.o(i.BOARD_BootClockRUN) refers to clock_config.o(.constdata) for oscConfig_BOARD_BootClockRUN
    clock_config.o(i.BOARD_BootClockRUN) refers to fsl_clock.o(.data) for g_xtal0Freq
    clock_config.o(i.BOARD_BootClockRUN) refers to system_mk66f18.o(.data) for SystemCoreClock
    clock_config.o(i.BOARD_InitBootClocks) refers to clock_config.o(i.BOARD_BootClockRUN) for BOARD_BootClockRUN
    pin_mux.o(i.BOARD_InitBootPins) refers to pin_mux.o(i.BOARD_InitPins) for BOARD_InitPins
    pin_mux.o(i.BOARD_InitPins) refers to fsl_gpio.o(i.GPIO_PinInit) for GPIO_PinInit
    pin_mux.o(i.BOARD_InitPins) refers to pin_mux.o(i.PORT_SetPinMux) for PORT_SetPinMux
    pin_mux.o(i.BOARD_InitPins) refers to pin_mux.o(.constdata) for .constdata
    fsl_adc16.o(i.ADC16_Deinit) refers to fsl_adc16.o(i.ADC16_GetInstance) for ADC16_GetInstance
    fsl_adc16.o(i.ADC16_Deinit) refers to fsl_adc16.o(.constdata) for s_adc16Clocks
    fsl_adc16.o(i.ADC16_DoAutoCalibration) refers to fsl_adc16.o(i.ADC16_GetStatusFlags) for ADC16_GetStatusFlags
    fsl_adc16.o(i.ADC16_DoAutoCalibration) refers to fsl_adc16.o(i.ADC16_GetChannelStatusFlags) for ADC16_GetChannelStatusFlags
    fsl_adc16.o(i.ADC16_GetChannelStatusFlags) refers to assert.o(.text) for __aeabi_assert
    fsl_adc16.o(i.ADC16_GetDefaultConfig) refers to assert.o(.text) for __aeabi_assert
    fsl_adc16.o(i.ADC16_GetInstance) refers to assert.o(.text) for __aeabi_assert
    fsl_adc16.o(i.ADC16_GetInstance) refers to fsl_adc16.o(.constdata) for s_adc16Bases
    fsl_adc16.o(i.ADC16_Init) refers to assert.o(.text) for __aeabi_assert
    fsl_adc16.o(i.ADC16_Init) refers to fsl_adc16.o(i.ADC16_GetInstance) for ADC16_GetInstance
    fsl_adc16.o(i.ADC16_Init) refers to fsl_adc16.o(.constdata) for s_adc16Clocks
    fsl_adc16.o(i.ADC16_SetChannelConfig) refers to assert.o(.text) for __aeabi_assert
    fsl_adc16.o(i.ADC16_SetHardwareCompareConfig) refers to assert.o(.text) for __aeabi_assert
    fsl_cache.o(i.L1CACHE_CleanDCacheByRange) refers to fsl_cache.o(i.L1CACHE_CleanCodeCacheByRange) for L1CACHE_CleanCodeCacheByRange
    fsl_cache.o(i.L1CACHE_CleanInvalidateDCacheByRange) refers to fsl_cache.o(i.L1CACHE_CleanInvalidateCodeCacheByRange) for L1CACHE_CleanInvalidateCodeCacheByRange
    fsl_cache.o(i.L1CACHE_DisableCodeCache) refers to fsl_cache.o(i.L1CACHE_CleanCodeCache) for L1CACHE_CleanCodeCache
    fsl_cache.o(i.L1CACHE_EnableCodeCache) refers to fsl_cache.o(i.L1CACHE_InvalidateCodeCache) for L1CACHE_InvalidateCodeCache
    fsl_cache.o(i.L1CACHE_InvalidateICacheByRange) refers to fsl_cache.o(i.L1CACHE_InvalidateCodeCacheByRange) for L1CACHE_InvalidateCodeCacheByRange
    fsl_clock.o(i.CLOCK_BootToBlpeMode) refers to fsl_clock.o(i.CLOCK_SetExternalRefClkConfig) for CLOCK_SetExternalRefClkConfig
    fsl_clock.o(i.CLOCK_BootToBlpiMode) refers to fsl_clock.o(i.CLOCK_SetInternalRefClkConfig) for CLOCK_SetInternalRefClkConfig
[...]
    .text                                    0x00000878   Section        0  assert_puts.o(.text)
    .text                                    0x0000088c   Section        0  sys_wrch.o(.text)
    .text                                    0x0000089c   Section        0  sys_exit.o(.text)
    .text                                    0x000008a8   Section        0  defsig_abrt_outer.o(.text)
    .text                                    0x000008b6   Section        2  use_no_semi.o(.text)
    .text                                    0x000008b8   Section        0  indicate_semi.o(.text)
    .text                                    0x000008b8   Section        0  exit.o(.text)
    .text                                    0x000008ca   Section        0  defsig_exit.o(.text)
    .text                                    0x000008d4   Section        0  defsig_abrt_inner.o(.text)
    .text                                    0x00000904   Section        0  defsig_general.o(.text)
    i.ActivateSlaveSpi                       0x00000938   Section        0  i2commands.o(i.ActivateSlaveSpi)
    i.AutoTestComplete                       0x00000960   Section        0  spitestapp.o(i.AutoTestComplete)
    i.AutoTestMode1                          0x00000994   Section        0  testmode1.o(i.AutoTestMode1)
    i.AutoTestMode2                          0x00000aec   Section        0  testmode2.o(i.AutoTestMode2)
    i.AutoTestMode3                          0x00000bf4   Section        0  testmode3.o(i.AutoTestMode3)
    i.AutoTestMode4                          0x00000d70   Section        0  testmode4.o(i.AutoTestMode4)
    i.BOARD_BootClockRUN                     0x00000fc0   Section        0  clock_config.o(i.BOARD_BootClockRUN)
    i.BOARD_InitBootClocks                   0x00001020   Section        0  clock_config.o(i.BOARD_InitBootClocks)
    i.BOARD_InitBootPins                     0x00001028   Section        0  pin_mux.o(i.BOARD_InitBootPins)
    i.BOARD_InitPins                         0x00001030   Section        0  pin_mux.o(i.BOARD_InitPins)
    i.CAN0_DriverIRQHandler                  0x000010a0   Section        0  fsl_flexcan.o(i.CAN0_DriverIRQHandler)
    i.CAN1_DriverIRQHandler                  0x00001128   Section        0  fsl_flexcan.o(i.CAN1_DriverIRQHandler)
    i.CLOCK_BootToPeeMode                    0x000011b0   Section        0  fsl_clock.o(i.CLOCK_BootToPeeMode)
    i.CLOCK_CONFIG_SetFllExtRefDiv           0x00001234   Section        0  clock_config.o(i.CLOCK_CONFIG_SetFllExtRefDiv)
    CLOCK_CONFIG_SetFllExtRefDiv             0x00001235   Thumb Code    14  clock_config.o(i.CLOCK_CONFIG_SetFllExtRefDiv)
    i.CLOCK_EnablePll0                       0x00001248   Section        0  fsl_clock.o(i.CLOCK_EnablePll0)
    i.CLOCK_GetEr32kClkFreq                  0x000012d0   Section        0  fsl_clock.o(i.CLOCK_GetEr32kClkFreq)
    i.CLOCK_GetExtPllFreq                    0x0000136c   Section        0  fsl_clock.o(i.CLOCK_GetExtPllFreq)
    i.CLOCK_GetFixedFreqClkFreq              0x00001378   Section        0  fsl_clock.o(i.CLOCK_GetFixedFreqClkFreq)
    i.CLOCK_GetFllExtRefClkFreq              0x00001394   Section        0  fsl_clock.o(i.CLOCK_GetFllExtRefClkFreq)
    CLOCK_GetFllExtRefClkFreq                0x00001395   Thumb Code   108  fsl_clock.o(i.CLOCK_GetFllExtRefClkFreq)
    i.CLOCK_GetFllFreq                       0x00001404   Section        0  fsl_clock.o(i.CLOCK_GetFllFreq)
    i.CLOCK_GetFllRefClkFreq                 0x00001450   Section        0  fsl_clock.o(i.CLOCK_GetFllRefClkFreq)
    CLOCK_GetFllRefClkFreq                   0x00001451   Thumb Code    24  fsl_clock.o(i.CLOCK_GetFllRefClkFreq)
    i.CLOCK_GetFreq                          0x00001470   Section        0  fsl_clock.o(i.CLOCK_GetFreq)
    i.CLOCK_GetInternalRefClkFreq            0x00001540   Section        0  fsl_clock.o(i.CLOCK_GetInternalRefClkFreq)
    i.CLOCK_GetInternalRefClkSelectFreq      0x0000155c   Section        0  fsl_clock.o(i.CLOCK_GetInternalRefClkSelectFreq)
    CLOCK_GetInternalRefClkSelectFreq        0x0000155d   Thumb Code    32  fsl_clock.o(i.CLOCK_GetInternalRefClkSelectFreq)
    i.CLOCK_GetMcgExtClkFreq                 0x00001588   Section        0  fsl_clock.o(i.CLOCK_GetMcgExtClkFreq)
    CLOCK_GetMcgExtClkFreq                   0x00001589   Thumb Code    84  fsl_clock.o(i.CLOCK_GetMcgExtClkFreq)
    i.CLOCK_GetOsc0ErClkDivFreq              0x00001640   Section        0  fsl_clock.o(i.CLOCK_GetOsc0ErClkDivFreq)
    i.CLOCK_GetOsc0ErClkUndivFreq            0x000016b4   Section        0  fsl_clock.o(i.CLOCK_GetOsc0ErClkUndivFreq)
    i.CLOCK_GetOscRangeFromFreq              0x00001720   Section        0  fsl_clock.o(i.CLOCK_GetOscRangeFromFreq)
    CLOCK_GetOscRangeFromFreq                0x00001721   Thumb Code    28  fsl_clock.o(i.CLOCK_GetOscRangeFromFreq)
    i.CLOCK_GetOutClkFreq                    0x00001740   Section        0  fsl_clock.o(i.CLOCK_GetOutClkFreq)
    i.CLOCK_GetPll0Freq                      0x00001798   Section        0  fsl_clock.o(i.CLOCK_GetPll0Freq)
    i.CLOCK_GetPll0RefFreq                   0x0000181c   Section        0  fsl_clock.o(i.CLOCK_GetPll0RefFreq)
    CLOCK_GetPll0RefFreq                     0x0000181d   Thumb Code     8  fsl_clock.o(i.CLOCK_GetPll0RefFreq)
    i.CLOCK_GetPllFllSelClkFreq              0x00001824   Section        0  fsl_clock.o(i.CLOCK_GetPllFllSelClkFreq)
    i.CLOCK_InitOsc0                         0x00001884   Section        0  fsl_clock.o(i.CLOCK_InitOsc0)
    i.CLOCK_SetExternalRefClkConfig          0x000018f8   Section        0  fsl_clock.o(i.CLOCK_SetExternalRefClkConfig)
    i.CLOCK_SetPbeMode                       0x00001934   Section        0  fsl_clock.o(i.CLOCK_SetPbeMode)
    i.CLOCK_SetSimConfig                     0x00001a08   Section        0  fsl_clock.o(i.CLOCK_SetSimConfig)
    i.ChnlEnable                             0x00001a50   Section        0  i2commands.o(i.ChnlEnable)
    i.DMA0_DMA16_DriverIRQHandler            0x00001b00   Section        0  fsl_edma.o(i.DMA0_DMA16_DriverIRQHandler)
    i.DMA10_DMA26_DriverIRQHandler           0x00001b48   Section        0  fsl_edma.o(i.DMA10_DMA26_DriverIRQHandler)
    i.DMA11_DMA27_DriverIRQHandler           0x00001b90   Section        0  fsl_edma.o(i.DMA11_DMA27_DriverIRQHandler)
    i.DMA12_DMA28_DriverIRQHandler           0x00001bd8   Section        0  fsl_edma.o(i.DMA12_DMA28_DriverIRQHandler)
    i.DMA13_DMA29_DriverIRQHandler           0x00001c20   Section        0  fsl_edma.o(i.DMA13_DMA29_DriverIRQHandler)
    i.DMA14_DMA30_DriverIRQHandler           0x00001c68   Section        0  fsl_edma.o(i.DMA14_DMA30_DriverIRQHandler)
    i.DMA14_DMA30_IRQHandler                 0x00001cb0   Section        0  dma.o(i.DMA14_DMA30_IRQHandler)
    i.DMA15_DMA31_DriverIRQHandler           0x00001cc8   Section        0  fsl_edma.o(i.DMA15_DMA31_DriverIRQHandler)
    i.DMA1_DMA17_DriverIRQHandler            0x00001d10   Section        0  fsl_edma.o(i.DMA1_DMA17_DriverIRQHandler)
    i.DMA2_DMA18_DriverIRQHandler            0x00001d58   Section        0  fsl_edma.o(i.DMA2_DMA18_DriverIRQHandler)
    i.DMA3_DMA19_DriverIRQHandler            0x00001da0   Section        0  fsl_edma.o(i.DMA3_DMA19_DriverIRQHandler)
    i.DMA4_DMA20_DriverIRQHandler            0x00001de8   Section        0  fsl_edma.o(i.DMA4_DMA20_DriverIRQHandler)
    i.DMA5_DMA21_DriverIRQHandler            0x00001e30   Section        0  fsl_edma.o(i.DMA5_DMA21_DriverIRQHandler)
    i.DMA6_DMA22_DriverIRQHandler            0x00001e78   Section        0  fsl_edma.o(i.DMA6_DMA22_DriverIRQHandler)
    i.DMA7_DMA23_DriverIRQHandler            0x00001ec0   Section        0  fsl_edma.o(i.DMA7_DMA23_DriverIRQHandler)
    i.DMA8_DMA24_DriverIRQHandler            0x00001f08   Section        0  fsl_edma.o(i.DMA8_DMA24_DriverIRQHandler)
    i.DMA9_DMA25_DriverIRQHandler            0x00001f50   Section        0  fsl_edma.o(i.DMA9_DMA25_DriverIRQHandler)
    i.DMAMUX_GetInstance                     0x00001f98   Section        0  fsl_dmamux.o(i.DMAMUX_GetInstance)
    DMAMUX_GetInstance                       0x00001f99   Thumb Code    46  fsl_dmamux.o(i.DMAMUX_GetInstance)
    i.DMAMUX_Init                            0x00002020   Section        0  fsl_dmamux.o(i.DMAMUX_Init)
    i.DSPI_CommonIRQHandler                  0x0000204c   Section        0  fsl_dspi.o(i.DSPI_CommonIRQHandler)
    DSPI_CommonIRQHandler                    0x0000204d   Thumb Code    54  fsl_dspi.o(i.DSPI_CommonIRQHandler)
    i.DSPI_GetInstance                       0x0000208c   Section        0  fsl_dspi.o(i.DSPI_GetInstance)
    i.DSPI_IsMaster                          0x00002110   Section        0  fsl_dspi.o(i.DSPI_IsMaster)
    DSPI_IsMaster                            0x00002111   Thumb Code    18  fsl_dspi.o(i.DSPI_IsMaster)
    i.DSPI_MasterSetBaudRate                 0x00002124   Section        0  fsl_dspi.o(i.DSPI_MasterSetBaudRate)
    i.DSPI_MasterSetDelayScaler              0x000021ec   Section        0  fsl_dspi.o(i.DSPI_MasterSetDelayScaler)
    i.DSPI_MasterSetDelayTimes               0x000022e8   Section        0  fsl_dspi.o(i.DSPI_MasterSetDelayTimes)
    i.DmaInit                                0x000023c8   Section        0  dma.o(i.DmaInit)
    i.EDMA_GetChannelStatusFlags             0x00002470   Section        0  fsl_edma.o(i.EDMA_GetChannelStatusFlags)
    i.EDMA_HandleIRQ                         0x00002518   Section        0  fsl_edma.o(i.EDMA_HandleIRQ)
    i.ENET_1588_Timer_IRQHandler             0x00002628   Section        0  fsl_enet.o(i.ENET_1588_Timer_IRQHandler)
    i.ENET_Error_IRQHandler                  0x00002654   Section        0  fsl_enet.o(i.ENET_Error_IRQHandler)
    i.ENET_Receive_IRQHandler                0x00002680   Section        0  fsl_enet.o(i.ENET_Receive_IRQHandler)
    i.ENET_Transmit_IRQHandler               0x000026ac   Section        0  fsl_enet.o(i.ENET_Transmit_IRQHandler)
    i.EnableContMode                         0x000026d8   Section        0  i2commands.o(i.EnableContMode)
    i.ErrorSet                               0x0000272c   Section        0  gpio.o(i.ErrorSet)
    i.FrameSizeSet                           0x00002744   Section        0  i2commands.o(i.FrameSizeSet)
    i.GPIO_PinInit                           0x000027d4   Section        0  fsl_gpio.o(i.GPIO_PinInit)
    i.GpioInit                               0x00002860   Section        0  gpio.o(i.GpioInit)
    i.I2C0_DriverIRQHandler                  0x00002884   Section        0  fsl_i2c.o(i.I2C0_DriverIRQHandler)
    i.I2C1_DriverIRQHandler                  0x0000289c   Section        0  fsl_i2c.o(i.I2C1_DriverIRQHandler)
    i.I2C2_DriverIRQHandler                  0x000028b4   Section        0  fsl_i2c.o(i.I2C2_DriverIRQHandler)
    i.I2C3_DriverIRQHandler                  0x000028cc   Section        0  fsl_i2c.o(i.I2C3_DriverIRQHandler)
    i.I2C_TransferCommonIRQHandler           0x000028e4   Section        0  fsl_i2c.o(i.I2C_TransferCommonIRQHandler)
    I2C_TransferCommonIRQHandler             0x000028e5   Thumb Code    66  fsl_i2c.o(i.I2C_TransferCommonIRQHandler)
    i.I2S0_Rx_DriverIRQHandler               0x00002930   Section        0  fsl_sai.o(i.I2S0_Rx_DriverIRQHandler)
    i.I2S0_Tx_DriverIRQHandler               0x000029ac   Section        0  fsl_sai.o(i.I2S0_Tx_DriverIRQHandler)
    i.InitSetup                              0x00002a28   Section        0  spitestapp.o(i.InitSetup)
    i.LPUART0_DriverIRQHandler               0x00002a40   Section        0  fsl_lpuart.o(i.LPUART0_DriverIRQHandler)
    i.PIT_GetInstance                        0x00002a6c   Section        0  fsl_pit.o(i.PIT_GetInstance)
    PIT_GetInstance                          0x00002a6d   Thumb Code    46  fsl_pit.o(i.PIT_GetInstance)
    i.PIT_Init                               0x00002aec   Section        0  fsl_pit.o(i.PIT_Init)
    i.PORT_SetPinMux                         0x00002ba4   Section        0  pin_mux.o(i.PORT_SetPinMux)
    PORT_SetPinMux                           0x00002ba5   Thumb Code    14  pin_mux.o(i.PORT_SetPinMux)
    i.PitInit                                0x00002bb4   Section        0  timers.o(i.PitInit)
    i.ReadBurst16                            0x00002c4c   Section        0  i2commands.o(i.ReadBurst16)
    i.ReadReg16                              0x00002ce8   Section        0  i2commands.o(i.ReadReg16)
    i.ReadReg8                               0x00002d68   Section        0  i2commands.o(i.ReadReg8)
    i.ReadSpi                                0x00002d90   Section        0  spicomm.o(i.ReadSpi)
    i.ReadSpiBurst                           0x00002dd4   Section        0  spicomm.o(i.ReadSpiBurst)
    i.SDHC_DriverIRQHandler                  0x00002e1c   Section        0  fsl_sdhc.o(i.SDHC_DriverIRQHandler)
    i.SPI0_DriverIRQHandler                  0x00002e98   Section        0  fsl_dspi.o(i.SPI0_DriverIRQHandler)
    i.SPI1_DriverIRQHandler                  0x00002f08   Section        0  fsl_dspi.o(i.SPI1_DriverIRQHandler)
    i.SPI2_DriverIRQHandler                  0x00002f78   Section        0  fsl_dspi.o(i.SPI2_DriverIRQHandler)
    i.SendSpi                                0x00002fe8   Section        0  spicomm.o(i.SendSpi)
    i.SendStartConv                          0x00003024   Section        0  i2commands.o(i.SendStartConv)
    i.SendStopConv                           0x0000303a   Section        0  i2commands.o(i.SendStopConv)
    i.SetBurst                               0x00003050   Section        0  i2commands.o(i.SetBurst)
    i.SetConvRate                            0x000030ec   Section        0  i2commands.o(i.SetConvRate)
    i.SetRunMode                             0x00003178   Section        0  i2commands.o(i.SetRunMode)
    i.SpiInit                                0x000031f8   Section        0  spicomm.o(i.SpiInit)
    i.StartDma                               0x000032d0   Section        0  dma.o(i.StartDma)
    i.StartSpiTransfer                       0x00003320   Section        0  spicomm.o(i.StartSpiTransfer)
    StartSpiTransfer                         0x00003321   Thumb Code    14  spicomm.o(i.StartSpiTransfer)
    i.StopDma                                0x00003334   Section        0  dma.o(i.StopDma)
    i.SysTickDelayUs                         0x00003348   Section        0  timers.o(i.SysTickDelayUs)
    i.SystemInit                             0x0000339c   Section        0  system_mk66f18.o(i.SystemInit)
    i.SystemInitHook                         0x000033cc   Section        0  system_mk66f18.o(i.SystemInitHook)
    i.UART0_DriverIRQHandler                 0x000033d0   Section        0  fsl_uart.o(i.UART0_DriverIRQHandler)
    i.UART0_RX_TX_DriverIRQHandler           0x000033fc   Section        0  fsl_uart.o(i.UART0_RX_TX_DriverIRQHandler)
    i.UART1_DriverIRQHandler                 0x00003414   Section        0  fsl_uart.o(i.UART1_DriverIRQHandler)
    i.UART1_RX_TX_DriverIRQHandler           0x00003440   Section        0  fsl_uart.o(i.UART1_RX_TX_DriverIRQHandler)
    i.UART2_DriverIRQHandler                 0x00003458   Section        0  fsl_uart.o(i.UART2_DriverIRQHandler)
    i.UART2_RX_TX_DriverIRQHandler           0x00003484   Section        0  fsl_uart.o(i.UART2_RX_TX_DriverIRQHandler)
    i.UART3_DriverIRQHandler                 0x0000349c   Section        0  fsl_uart.o(i.UART3_DriverIRQHandler)
    i.UART3_RX_TX_DriverIRQHandler           0x000034c8   Section        0  fsl_uart.o(i.UART3_RX_TX_DriverIRQHandler)
    i.UART4_DriverIRQHandler                 0x000034e0   Section        0  fsl_uart.o(i.UART4_DriverIRQHandler)
    i.UART4_RX_TX_DriverIRQHandler           0x0000350c   Section        0  fsl_uart.o(i.UART4_RX_TX_DriverIRQHandler)
    i.WaitTillIdle                           0x00003524   Section        0  i2commands.o(i.WaitTillIdle)
    i.WriteReg16                             0x0000353c   Section        0  i2commands.o(i.WriteReg16)
    i.WriteReg8                              0x000035b4   Section        0  i2commands.o(i.WriteReg8)
    i.main                                   0x000035e8   Section        0  mainapp.o(i.main)
    x$fpl$ddiv                               0x00003604   Section      688  ddiv.o(x$fpl$ddiv)
    $v0                                      0x00003604   Number         0  ddiv.o(x$fpl$ddiv)
    ddiv_entry                               0x0000360b   Thumb Code     0  ddiv.o(x$fpl$ddiv)
    x$fpl$dfix                               0x000038b4   Section       94  dfix.o(x$fpl$dfix)
    $v0                                      0x000038b4   Number         0  dfix.o(x$fpl$dfix)
    x$fpl$dfltu                              0x00003912   Section       38  dflt_clz.o(x$fpl$dfltu)
    $v0                                      0x00003912   Number         0  dflt_clz.o(x$fpl$dfltu)
    x$fpl$dmul                               0x00003938   Section      340  dmul.o(x$fpl$dmul)
    $v0                                      0x00003938   Number         0  dmul.o(x$fpl$dmul)
    x$fpl$dnaninf                            0x00003a8c   Section      156  dnaninf.o(x$fpl$dnaninf)
    $v0                                      0x00003a8c   Number         0  dnaninf.o(x$fpl$dnaninf)
    x$fpl$dretinf                            0x00003b28   Section       12  dretinf.o(x$fpl$dretinf)
    $v0                                      0x00003b28   Number         0  dretinf.o(x$fpl$dretinf)
    x$fpl$fpinit                             0x00003b34   Section       10  fpinit.o(x$fpl$fpinit)
    $v0                                      0x00003b34   Number         0  fpinit.o(x$fpl$fpinit)
    x$fpl$usenofp                            0x00003b3e   Section        0  usenofp.o(x$fpl$usenofp)
    .constdata                               0x00003b40   Section       16  spitestapp.o(.constdata)
    .constdata                               0x00003b50   Section       28  clock_config.o(.constdata)
    .constdata                               0x00003b6c   Section        2  pin_mux.o(.constdata)
    .constdata                               0x00003b70   Section       96  fsl_clock.o(.constdata)
    mcgModeMatrix                            0x00003b70   Data          64  fsl_clock.o(.constdata)
    fllFactorTable                           0x00003bb0   Data          16  fsl_clock.o(.constdata)
    trimRange                                0x00003bc0   Data          16  fsl_clock.o(.constdata)
    .constdata                               0x00003bd0   Section        8  fsl_dmamux.o(.constdata)
    s_dmamuxBases                            0x00003bd0   Data           4  fsl_dmamux.o(.constdata)
    s_dmamuxClockName                        0x00003bd4   Data           4  fsl_dmamux.o(.constdata)
    .constdata                               0x00003bd8   Section      193  fsl_dspi.o(.constdata)
    s_baudratePrescaler                      0x00003bd8   Data          16  fsl_dspi.o(.constdata)
    s_baudrateScaler                         0x00003be8   Data          64  fsl_dspi.o(.constdata)
    s_delayPrescaler                         0x00003c28   Data          16  fsl_dspi.o(.constdata)
    s_delayScaler                            0x00003c38   Data          64  fsl_dspi.o(.constdata)
    s_dspiBases                              0x00003c78   Data          12  fsl_dspi.o(.constdata)
    s_dspiIRQ                                0x00003c84   Data           3  fsl_dspi.o(.constdata)
    s_dspiClock                              0x00003c88   Data          12  fsl_dspi.o(.constdata)
    .constdata                               0x00003c9c   Section        8  fsl_pit.o(.constdata)
    s_pitBases                               0x00003c9c   Data           4  fsl_pit.o(.constdata)
    s_pitClocks                              0x00003ca0   Data           4  fsl_pit.o(.constdata)
    .constdata                               0x00003ca4   Section       12  spicomm.o(.constdata)
    .data                                    0x20000000   Section        4  mainapp.o(.data)
    .data                                    0x20000004   Section       20  spitestapp.o(.data)
    .data                                    0x20000018   Section       20  fsl_clock.o(.data)
    s_slowIrcFreq                            0x20000018   Data           4  fsl_clock.o(.data)
    s_fastIrcFreq                            0x2000001c   Data           4  fsl_clock.o(.data)
    s_extPllFreq                             0x20000020   Data           4  fsl_clock.o(.data)
    .data                                    0x2000002c   Section       11  fsl_dspi.o(.data)
    s_dspiMasterIsr                          0x2000002c   Data           4  fsl_dspi.o(.data)
    s_dspiSlaveIsr                           0x20000030   Data           4  fsl_dspi.o(.data)
    .data                                    0x20000038   Section       20  fsl_enet.o(.data)
    s_ENETHandle                             0x20000038   Data           4  fsl_enet.o(.data)
    s_enetTxIsr                              0x2000003c   Data           4  fsl_enet.o(.data)
    s_enetRxIsr                              0x20000040   Data           4  fsl_enet.o(.data)
    s_enetErrIsr                             0x20000044   Data           4  fsl_enet.o(.data)
    s_enetTsIsr                              0x20000048   Data           4  fsl_enet.o(.data)
    .data                                    0x2000004c   Section       12  fsl_flexcan.o(.data)
    s_flexcanHandle                          0x2000004c   Data           8  fsl_flexcan.o(.data)
    s_flexcanIsr                             0x20000054   Data           4  fsl_flexcan.o(.data)
    .data                                    0x20000058   Section        8  fsl_i2c.o(.data)
    s_i2cMasterIsr                           0x20000058   Data           4  fsl_i2c.o(.data)
    s_i2cSlaveIsr                            0x2000005c   Data           4  fsl_i2c.o(.data)
    .data                                    0x20000060   Section        8  fsl_lpuart.o(.data)
    s_lpuartHandle                           0x20000060   Data           4  fsl_lpuart.o(.data)
    s_lpuartIsr                              0x20000064   Data           4  fsl_lpuart.o(.data)
    .data                                    0x20000068   Section       16  fsl_sai.o(.data)
    s_saiHandle                              0x20000068   Data           8  fsl_sai.o(.data)
    s_saiTxIsr                               0x20000070   Data           4  fsl_sai.o(.data)
    s_saiRxIsr                               0x20000074   Data           4  fsl_sai.o(.data)
    .data                                    0x20000078   Section        8  fsl_sdhc.o(.data)
    s_sdhcHandle                             0x20000078   Data           4  fsl_sdhc.o(.data)
    s_sdhcIsr                                0x2000007c   Data           4  fsl_sdhc.o(.data)
    .data                                    0x20000080   Section        4  fsl_uart.o(.data)
    s_uartIsr                                0x20000080   Data           4  fsl_uart.o(.data)
    .data                                    0x20000084   Section        4  system_mk66f18.o(.data)
    .data                                    0x20000088   Section        3  i2commands.o(.data)
    .bss                                     0x2000008c   Section       12  fsl_dspi.o(.bss)
    g_dspiHandle                             0x2000008c   Data          12  fsl_dspi.o(.bss)
    .bss                                     0x20000098   Section      128  fsl_edma.o(.bss)
    s_EDMAHandle                             0x20000098   Data         128  fsl_edma.o(.bss)
    .bss                                     0x20000118   Section       16  fsl_i2c.o(.bss)
    s_i2cHandle                              0x20000118   Data          16  fsl_i2c.o(.bss)
    .bss                                     0x20000128   Section       20  fsl_uart.o(.bss)
    s_uartHandle                             0x20000128   Data          20  fsl_uart.o(.bss)

    Global Symbols

    Symbol Name                              Value     Ov Type        Size  Object(Section)

    BuildAttributes$$THM_ISAv4$E$P$D$K$B$S$7EM$VFPi3$EXTD16$VFPS$VFMA$PE$A:L22UL41UL21$X:L11$S22US41US21$IEEE1$IW$USESV6$~STKCKD$USESV7$~SHL$OTIME$ROPI$EBA8$UX$STANDARDLIB$REQ8$PRES8$EABIv2 0x00000000   Number         0  anon$$obj.o ABSOLUTE
    __ARM_use_no_argv                        0x00000000   Number         0  mainapp.o ABSOLUTE
    __Vectors                                0x00000000   Data           4  startup_mk66f18.o(RESET)
    Image$$ZI$$Limit                          - Undefined Weak Reference
    __ARM_exceptions_init                     - Undefined Weak Reference
    __alloca_initialize                       - Undefined Weak Reference
    __arm_preinit_                            - Undefined Weak Reference
    __cpp_initialize__aeabi_                  - Undefined Weak Reference
    __cxa_finalize                            - Undefined Weak Reference
    __rt_locale                               - Undefined Weak Reference
    __sigvec_lookup                           - Undefined Weak Reference
    __user_heap_extent                        - Undefined Weak Reference
    _atexit_init                              - Undefined Weak Reference
    _call_atexit_fns                          - Undefined Weak Reference
    _clock_init                               - Undefined Weak Reference
    _fp_trap_init                             - Undefined Weak Reference
    _fp_trap_shutdown                         - Undefined Weak Reference
    _get_lc_collate                           - Undefined Weak Reference
    _get_lc_ctype                             - Undefined Weak Reference
    _get_lc_monetary                          - Undefined Weak Reference
    _get_lc_numeric                           - Undefined Weak Reference
    _get_lc_time                              - Undefined Weak Reference
    _getenv_init                              - Undefined Weak Reference
    _handle_redirection                       - Undefined Weak Reference
    _initio                                   - Undefined Weak Reference
    _mutex_acquire                            - Undefined Weak Reference
    _mutex_free                               - Undefined Weak Reference
    _mutex_release                            - Undefined Weak Reference
    _rand_init                                - Undefined Weak Reference
    _signal_finish                            - Undefined Weak Reference
    _signal_init                              - Undefined Weak Reference
    _terminateio                              - Undefined Weak Reference
    __Vectors_End                            0x00000400   Data           0  startup_mk66f18.o(RESET)
    __Vectors_Size                           0x00000400   Number         0  startup_mk66f18.o ABSOLUTE
    __main                                   0x00000411   Thumb Code     8  __main.o(!!!main)
    __scatterload                            0x00000419   Thumb Code     0  __scatter.o(!!!scatter)
    __scatterload_rt2                        0x00000419   Thumb Code    44  __scatter.o(!!!scatter)
    __scatterload_rt2_thumb_only             0x00000419   Thumb Code     0  __scatter.o(!!!scatter)
    __scatterload_null                       0x00000427   Thumb Code     0  __scatter.o(!!!scatter)
    __scatterload_copy                       0x0000044d   Thumb Code    26  __scatter_copy.o(!!handler_copy)
    __scatterload_zeroinit                   0x00000469   Thumb Code    28  __scatter_zi.o(!!handler_zi)
    __rt_lib_init                            0x00000485   Thumb Code     0  libinit.o(.ARM.Collect$$libinit$$00000000)
    __rt_lib_init_fp_1                       0x00000487   Thumb Code     0  libinit2.o(.ARM.Collect$$libinit$$00000001)
    __rt_lib_init_alloca_1                   0x0000048b   Thumb Code     0  libinit2.o(.ARM.Collect$$libinit$$0000002E)
    __rt_lib_init_argv_1                     0x0000048b   Thumb Code     0  libinit2.o(.ARM.Collect$$libinit$$0000002C)
    __rt_lib_init_atexit_1                   0x0000048b   Thumb Code     0  libinit2.o(.ARM.Collect$$libinit$$0000001B)
    __rt_lib_init_clock_1                    0x0000048b   Thumb Code     0  libinit2.o(.ARM.Collect$$libinit$$00000021)
    __rt_lib_init_cpp_1                      0x0000048b   Thumb Code     0  libinit2.o(.ARM.Collect$$libinit$$00000032)
    __rt_lib_init_exceptions_1               0x0000048b   Thumb Code     0  libinit2.o(.ARM.Collect$$libinit$$00000030)
    __rt_lib_init_fp_trap_1                  0x0000048b   Thumb Code     0  libinit2.o(.ARM.Collect$$libinit$$0000001F)
    __rt_lib_init_getenv_1                   0x0000048b   Thumb Code     0  libinit2.o(.ARM.Collect$$libinit$$00000023)
    __rt_lib_init_heap_1                     0x0000048b   Thumb Code     0  libinit2.o(.ARM.Collect$$libinit$$0000000A)
    __rt_lib_init_lc_collate_1               0x0000048b   Thumb Code     0  libinit2.o(.ARM.Collect$$libinit$$00000011)
    __rt_lib_init_lc_ctype_1                 0x0000048b   Thumb Code     0  libinit2.o(.ARM.Collect$$libinit$$00000013)
    __rt_lib_init_lc_monetary_1              0x0000048b   Thumb Code     0  libinit2.o(.ARM.Collect$$libinit$$00000015)
    __rt_lib_init_lc_numeric_1               0x0000048b   Thumb Code     0  libinit2.o(.ARM.Collect$$libinit$$00000017)
    __rt_lib_init_lc_time_1                  0x0000048b   Thumb Code     0  libinit2.o(.ARM.Collect$$libinit$$00000019)
    __rt_lib_init_preinit_1                  0x0000048b   Thumb Code     0  libinit2.o(.ARM.Collect$$libinit$$00000004)
    __rt_lib_init_rand_1                     0x0000048b   Thumb Code     0  libinit2.o(.ARM.Collect$$libinit$$0000000E)
    __rt_lib_init_return                     0x0000048b   Thumb Code     0  libinit2.o(.ARM.Collect$$libinit$$00000033)
    __rt_lib_init_signal_1                   0x0000048b   Thumb Code     0  libinit2.o(.ARM.Collect$$libinit$$0000001D)
    __rt_lib_init_stdio_1                    0x0000048b   Thumb Code     0  libinit2.o(.ARM.Collect$$libinit$$00000025)
    __rt_lib_init_user_alloc_1               0x0000048b   Thumb Code     0  libinit2.o(.ARM.Collect$$libinit$$0000000C)
    __rt_lib_shutdown                        0x0000048d   Thumb Code     0  libshutdown.o(.ARM.Collect$$libshutdown$$00000000)
    __rt_lib_shutdown_cpp_1                  0x0000048f   Thumb Code     0  libshutdown2.o(.ARM.Collect$$libshutdown$$00000002)
    __rt_lib_shutdown_fp_trap_1              0x0000048f   Thumb Code     0  libshutdown2.o(.ARM.Collect$$libshutdown$$00000007)
    __rt_lib_shutdown_heap_1                 0x0000048f   Thumb Code     0  libshutdown2.o(.ARM.Collect$$libshutdown$$0000000F)
    __rt_lib_shutdown_return                 0x0000048f   Thumb Code     0  libshutdown2.o(.ARM.Collect$$libshutdown$$00000010)
    __rt_lib_shutdown_signal_1               0x0000048f   Thumb Code     0  libshutdown2.o(.ARM.Collect$$libshutdown$$0000000A)
    __rt_lib_shutdown_stdio_1                0x0000048f   Thumb Code     0  libshutdown2.o(.ARM.Collect$$libshutdown$$00000004)
    __rt_lib_shutdown_user_alloc_1           0x0000048f   Thumb Code     0  libshutdown2.o(.ARM.Collect$$libshutdown$$0000000C)
    __rt_entry                               0x00000491   Thumb Code     0  __rtentry.o(.ARM.Collect$$rtentry$$00000000)
    __rt_entry_presh_1                       0x00000491   Thumb Code     0  __rtentry2.o(.ARM.Collect$$rtentry$$00000002)
    __rt_entry_sh                            0x00000491   Thumb Code     0  __rtentry7.o(.ARM.Collect$$rtentry$$00000007)
    __rt_entry_li                            0x00000495   Thumb Code     0  __rtentry2.o(.ARM.Collect$$rtentry$$0000000A)
    __rt_entry_postsh_1                      0x00000495   Thumb Code     0  __rtentry2.o(.ARM.Collect$$rtentry$$00000009)
    __rt_entry_main                          0x00000499   Thumb Code     0  __rtentry2.o(.ARM.Collect$$rtentry$$0000000D)
    __rt_entry_postli_1                      0x00000499   Thumb Code     0  __rtentry2.o(.ARM.Collect$$rtentry$$0000000C)
    __rt_exit                                0x000004a5   Thumb Code     0  rtexit.o(.ARM.Collect$$rtexit$$00000000)
    __rt_exit_ls                             0x000004a7   Thumb Code     0  rtexit2.o(.ARM.Collect$$rtexit$$00000003)
    __rt_exit_prels_1                        0x000004a7   Thumb Code     0  rtexit2.o(.ARM.Collect$$rtexit$$00000002)
    __rt_exit_exit                           0x000004ab   Thumb Code     0  rtexit2.o(.ARM.Collect$$rtexit$$00000004)
    Reset_Handler                            0x000004b1   Thumb Code    24  startup_mk66f18.o(.text)
    NMI_Handler                              0x000004c9   Thumb Code     2  startup_mk66f18.o(.text)
    HardFault_Handler                        0x000004cb   Thumb Code     2  startup_mk66f18.o(.text)
    MemManage_Handler                        0x000004cd   Thumb Code     2  startup_mk66f18.o(.text)
    BusFault_Handler                         0x000004cf   Thumb Code     2  startup_mk66f18.o(.text)
    UsageFault_Handler                       0x000004d1   Thumb Code     2  startup_mk66f18.o(.text)
    SVC_Handler                              0x000004d3   Thumb Code     2  startup_mk66f18.o(.text)
    DebugMon_Handler                         0x000004d5   Thumb Code     2  startup_mk66f18.o(.text)
    PendSV_Handler                           0x000004d7   Thumb Code     2  startup_mk66f18.o(.text)
    SysTick_Handler                          0x000004d9   Thumb Code     2  startup_mk66f18.o(.text)
    DMA0_DMA16_IRQHandler                    0x000004db   Thumb Code     4  startup_mk66f18.o(.text)
    DMA1_DMA17_IRQHandler                    0x000004df   Thumb Code     4  startup_mk66f18.o(.text)
    DMA2_DMA18_IRQHandler                    0x000004e3   Thumb Code     4  startup_mk66f18.o(.text)
    DMA3_DMA19_IRQHandler                    0x000004e7   Thumb Code     4  startup_mk66f18.o(.text)
    DMA4_DMA20_IRQHandler                    0x000004eb   Thumb Code     4  startup_mk66f18.o(.text)
    DMA5_DMA21_IRQHandler                    0x000004ef   Thumb Code     4  startup_mk66f18.o(.text)
    DMA6_DMA22_IRQHandler                    0x000004f3   Thumb Code     4  startup_mk66f18.o(.text)
    DMA7_DMA23_IRQHandler                    0x000004f7   Thumb Code     4  startup_mk66f18.o(.text)
    DMA8_DMA24_IRQHandler                    0x000004fb   Thumb Code     4  startup_mk66f18.o(.text)
    DMA9_DMA25_IRQHandler                    0x000004ff   Thumb Code     4  startup_mk66f18.o(.text)
    DMA10_DMA26_IRQHandler                   0x00000503   Thumb Code     4  startup_mk66f18.o(.text)
    DMA11_DMA27_IRQHandler                   0x00000507   Thumb Code     4  startup_mk66f18.o(.text)
    DMA12_DMA28_IRQHandler                   0x0000050b   Thumb Code     4  startup_mk66f18.o(.text)
    DMA13_DMA29_IRQHandler                   0x0000050f   Thumb Code     4  startup_mk66f18.o(.text)
    DMA15_DMA31_IRQHandler                   0x00000517   Thumb Code     4  startup_mk66f18.o(.text)
    DMA_Error_IRQHandler                     0x0000051b   Thumb Code     4  startup_mk66f18.o(.text)
    I2C0_IRQHandler                          0x0000051f   Thumb Code     4  startup_mk66f18.o(.text)
    I2C1_IRQHandler                          0x00000523   Thumb Code     4  startup_mk66f18.o(.text)
    SPI0_IRQHandler                          0x00000527   Thumb Code     4  startup_mk66f18.o(.text)
    SPI1_IRQHandler                          0x0000052b   Thumb Code     4  startup_mk66f18.o(.text)
    I2S0_Tx_IRQHandler                       0x0000052f   Thumb Code     4  startup_mk66f18.o(.text)
    I2S0_Rx_IRQHandler                       0x00000533   Thumb Code     4  startup_mk66f18.o(.text)
    UART0_RX_TX_IRQHandler                   0x00000537   Thumb Code     4  startup_mk66f18.o(.text)
    UART0_ERR_IRQHandler                     0x0000053b   Thumb Code     4  startup_mk66f18.o(.text)
    UART1_RX_TX_IRQHandler                   0x0000053f   Thumb Code     4  startup_mk66f18.o(.text)
    UART1_ERR_IRQHandler                     0x00000543   Thumb Code     4  startup_mk66f18.o(.text)
    UART2_RX_TX_IRQHandler                   0x00000547   Thumb Code     4  startup_mk66f18.o(.text)
    UART2_ERR_IRQHandler                     0x0000054b   Thumb Code     4  startup_mk66f18.o(.text)
    UART3_RX_TX_IRQHandler                   0x0000054f   Thumb Code     4  startup_mk66f18.o(.text)
    UART3_ERR_IRQHandler                     0x00000553   Thumb Code     4  startup_mk66f18.o(.text)
    SPI2_IRQHandler                          0x00000557   Thumb Code     4  startup_mk66f18.o(.text)
    UART4_RX_TX_IRQHandler                   0x0000055b   Thumb Code     4  startup_mk66f18.o(.text)
    UART4_ERR_IRQHandler                     0x0000055f   Thumb Code     4  startup_mk66f18.o(.text)
    I2C2_IRQHandler                          0x00000563   Thumb Code     4  startup_mk66f18.o(.text)
    CAN0_ORed_Message_buffer_IRQHandler      0x00000567   Thumb Code     4  startup_mk66f18.o(.text)
    CAN0_Bus_Off_IRQHandler                  0x0000056b   Thumb Code     4  startup_mk66f18.o(.text)
    CAN0_Error_IRQHandler                    0x0000056f   Thumb Code     4  startup_mk66f18.o(.text)
    CAN0_Tx_Warning_IRQHandler               0x00000573   Thumb Code     4  startup_mk66f18.o(.text)
    CAN0_Rx_Warning_IRQHandler               0x00000577   Thumb Code     4  startup_mk66f18.o(.text)
    CAN0_Wake_Up_IRQHandler                  0x0000057b   Thumb Code     4  startup_mk66f18.o(.text)
    SDHC_IRQHandler                          0x0000057f   Thumb Code     4  startup_mk66f18.o(.text)
    LPUART0_IRQHandler                       0x00000593   Thumb Code     4  startup_mk66f18.o(.text)
    I2C3_IRQHandler                          0x00000597   Thumb Code     4  startup_mk66f18.o(.text)
    CAN1_ORed_Message_buffer_IRQHandler      0x0000059b   Thumb Code     4  startup_mk66f18.o(.text)
    CAN1_Bus_Off_IRQHandler                  0x0000059f   Thumb Code     4  startup_mk66f18.o(.text)
    CAN1_Error_IRQHandler                    0x000005a3   Thumb Code     4  startup_mk66f18.o(.text)
    CAN1_Tx_Warning_IRQHandler               0x000005a7   Thumb Code     4  startup_mk66f18.o(.text)
    CAN1_Rx_Warning_IRQHandler               0x000005ab   Thumb Code     4  startup_mk66f18.o(.text)
    CAN1_Wake_Up_IRQHandler                  0x000005af   Thumb Code     4  startup_mk66f18.o(.text)
    ADC0_IRQHandler                          0x000005b3   Thumb Code     0  startup_mk66f18.o(.text)
    ADC1_IRQHandler                          0x000005b3   Thumb Code     0  startup_mk66f18.o(.text)
    CMP0_IRQHandler                          0x000005b3   Thumb Code     0  startup_mk66f18.o(.text)
    CMP1_IRQHandler                          0x000005b3   Thumb Code     0  startup_mk66f18.o(.text)
    CMP2_IRQHandler                          0x000005b3   Thumb Code     0  startup_mk66f18.o(.text)
    CMP3_IRQHandler                          0x000005b3   Thumb Code     0  startup_mk66f18.o(.text)
    CMT_IRQHandler                           0x000005b3   Thumb Code     0  startup_mk66f18.o(.text)
    DAC0_IRQHandler                          0x000005b3   Thumb Code     0  startup_mk66f18.o(.text)
    DAC1_IRQHandler                          0x000005b3   Thumb Code     0  startup_mk66f18.o(.text)
    DMA_Error_DriverIRQHandler               0x000005b3   Thumb Code     0  startup_mk66f18.o(.text)
    DefaultISR                               0x000005b3   Thumb Code     0  startup_mk66f18.o(.text)
    ENET_1588_Timer_DriverIRQHandler         0x000005b3   Thumb Code     0  startup_mk66f18.o(.text)
    ENET_Error_DriverIRQHandler              0x000005b3   Thumb Code     0  startup_mk66f18.o(.text)
    ENET_Receive_DriverIRQHandler            0x000005b3   Thumb Code     0  startup_mk66f18.o(.text)
    ENET_Transmit_DriverIRQHandler           0x000005b3   Thumb Code     0  startup_mk66f18.o(.text)
    FTFE_IRQHandler                          0x000005b3   Thumb Code     0  startup_mk66f18.o(.text)
    FTM0_IRQHandler                          0x000005b3   Thumb Code     0  startup_mk66f18.o(.text)
    FTM1_IRQHandler                          0x000005b3   Thumb Code     0  startup_mk66f18.o(.text)
    FTM2_IRQHandler                          0x000005b3   Thumb Code     0  startup_mk66f18.o(.text)
    FTM3_IRQHandler                          0x000005b3   Thumb Code     0  startup_mk66f18.o(.text)
    LLWU_IRQHandler                          0x000005b3   Thumb Code     0  startup_mk66f18.o(.text)
    LPTMR0_IRQHandler                        0x000005b3   Thumb Code     0  startup_mk66f18.o(.text)
    LVD_LVW_IRQHandler                       0x000005b3   Thumb Code     0  startup_mk66f18.o(.text)
    MCG_IRQHandler                           0x000005b3   Thumb Code     0  startup_mk66f18.o(.text)
    MCM_IRQHandler                           0x000005b3   Thumb Code     0  startup_mk66f18.o(.text)
    PDB0_IRQHandler                          0x000005b3   Thumb Code     0  startup_mk66f18.o(.text)
    PIT0_IRQHandler                          0x000005b3   Thumb Code     0  startup_mk66f18.o(.text)
    PIT1_IRQHandler                          0x000005b3   Thumb Code     0  startup_mk66f18.o(.text)
    PIT2_IRQHandler                          0x000005b3   Thumb Code     0  startup_mk66f18.o(.text)
    PIT3_IRQHandler                          0x000005b3   Thumb Code     0  startup_mk66f18.o(.text)
    PORTA_IRQHandler                         0x000005b3   Thumb Code     0  startup_mk66f18.o(.text)
    PORTB_IRQHandler                         0x000005b3   Thumb Code     0  startup_mk66f18.o(.text)
    PORTC_IRQHandler                         0x000005b3   Thumb Code     0  startup_mk66f18.o(.text)
    PORTD_IRQHandler                         0x000005b3   Thumb Code     0  startup_mk66f18.o(.text)
    PORTE_IRQHandler                         0x000005b3   Thumb Code     0  startup_mk66f18.o(.text)
    RNG_IRQHandler                           0x000005b3   Thumb Code     0  startup_mk66f18.o(.text)
    RTC_IRQHandler                           0x000005b3   Thumb Code     0  startup_mk66f18.o(.text)
    RTC_Seconds_IRQHandler                   0x000005b3   Thumb Code     0  startup_mk66f18.o(.text)
    Read_Collision_IRQHandler                0x000005b3   Thumb Code     0  startup_mk66f18.o(.text)
    Reserved46_IRQHandler                    0x000005b3   Thumb Code     0  startup_mk66f18.o(.text)
    Reserved71_IRQHandler                    0x000005b3   Thumb Code     0  startup_mk66f18.o(.text)
    Reserved84_IRQHandler                    0x000005b3   Thumb Code     0  startup_mk66f18.o(.text)
    Reserved85_IRQHandler                    0x000005b3   Thumb Code     0  startup_mk66f18.o(.text)
    SWI_IRQHandler                           0x000005b3   Thumb Code     0  startup_mk66f18.o(.text)
    TPM1_IRQHandler                          0x000005b3   Thumb Code     0  startup_mk66f18.o(.text)
    TPM2_IRQHandler                          0x000005b3   Thumb Code     0  startup_mk66f18.o(.text)
    TSI0_IRQHandler                          0x000005b3   Thumb Code     0  startup_mk66f18.o(.text)
    UART0_ERR_DriverIRQHandler               0x000005b3   Thumb Code     0  startup_mk66f18.o(.text)
    UART1_ERR_DriverIRQHandler               0x000005b3   Thumb Code     0  startup_mk66f18.o(.text)
    UART2_ERR_DriverIRQHandler               0x000005b3   Thumb Code     0  startup_mk66f18.o(.text)
    UART3_ERR_DriverIRQHandler               0x000005b3   Thumb Code     0  startup_mk66f18.o(.text)
    UART4_ERR_DriverIRQHandler               0x000005b3   Thumb Code     0  startup_mk66f18.o(.text)
    USB0_IRQHandler                          0x000005b3   Thumb Code     0  startup_mk66f18.o(.text)
    USBDCD_IRQHandler                        0x000005b3   Thumb Code     0  startup_mk66f18.o(.text)
    USBHSDCD_IRQHandler                      0x000005b3   Thumb Code     0  startup_mk66f18.o(.text)
    USBHS_IRQHandler                         0x000005b3   Thumb Code     0  startup_mk66f18.o(.text)
    WDOG_EWM_IRQHandler                      0x000005b3   Thumb Code     0  startup_mk66f18.o(.text)
    __aeabi_uldivmod                         0x000006a5   Thumb Code     0  lludivv7m.o(.text)
    _ll_udiv                                 0x000006a5   Thumb Code   238  lludivv7m.o(.text)
    __aeabi_assert                           0x00000795   Thumb Code    86  assert.o(.text)
    __assert                                 0x00000795   Thumb Code     0  assert.o(.text)
    __aeabi_memclr4                          0x00000815   Thumb Code     0  rt_memclr_w.o(.text)
    __aeabi_memclr8                          0x00000815   Thumb Code     0  rt_memclr_w.o(.text)
    __rt_memclr_w                            0x00000815   Thumb Code    78  rt_memclr_w.o(.text)
    _memset_w                                0x00000819   Thumb Code     0  rt_memclr_w.o(.text)
    abort                                    0x00000863   Thumb Code    22  abort.o(.text)
    __assert_puts                            0x00000879   Thumb Code    20  assert_puts.o(.text)
    _ttywrch                                 0x0000088d   Thumb Code    14  sys_wrch.o(.text)
    _sys_exit                                0x0000089d   Thumb Code     8  sys_exit.o(.text)
    __rt_SIGABRT                             0x000008a9   Thumb Code    14  defsig_abrt_outer.o(.text)
    __I$use$semihosting                      0x000008b7   Thumb Code     0  use_no_semi.o(.text)
    __use_no_semihosting_swi                 0x000008b7   Thumb Code     2  use_no_semi.o(.text)
    __semihosting_library_function           0x000008b9   Thumb Code     0  indicate_semi.o(.text)
    exit                                     0x000008b9   Thumb Code    18  exit.o(.text)
    __sig_exit                               0x000008cb   Thumb Code    10  defsig_exit.o(.text)
    __rt_SIGABRT_inner                       0x000008d5   Thumb Code    14  defsig_abrt_inner.o(.text)
    __default_signal_display                 0x00000905   Thumb Code    50  defsig_general.o(.text)
    ActivateSlaveSpi                         0x00000939   Thumb Code    36  i2commands.o(i.ActivateSlaveSpi)
    AutoTestComplete                         0x00000961   Thumb Code    48  spitestapp.o(i.AutoTestComplete)
    AutoTestMode1                            0x00000995   Thumb Code   328  testmode1.o(i.AutoTestMode1)
    AutoTestMode2                            0x00000aed   Thumb Code   248  testmode2.o(i.AutoTestMode2)
    AutoTestMode3                            0x00000bf5   Thumb Code   364  testmode3.o(i.AutoTestMode3)
    AutoTestMode4                            0x00000d71   Thumb Code   562  testmode4.o(i.AutoTestMode4)
    BOARD_BootClockRUN                       0x00000fc1   Thumb Code    62  clock_config.o(i.BOARD_BootClockRUN)
    BOARD_InitBootClocks                     0x00001021   Thumb Code     8  clock_config.o(i.BOARD_InitBootClocks)
    BOARD_InitBootPins                       0x00001029   Thumb Code     8  pin_mux.o(i.BOARD_InitBootPins)
    BOARD_InitPins                           0x00001031   Thumb Code    90  pin_mux.o(i.BOARD_InitPins)
    CAN0_DriverIRQHandler                    0x000010a1   Thumb Code    52  fsl_flexcan.o(i.CAN0_DriverIRQHandler)
    CAN1_DriverIRQHandler                    0x00001129   Thumb Code    52  fsl_flexcan.o(i.CAN1_DriverIRQHandler)
    CLOCK_BootToPeeMode                      0x000011b1   Thumb Code    74  fsl_clock.o(i.CLOCK_BootToPeeMode)
    CLOCK_EnablePll0                         0x00001249   Thumb Code    78  fsl_clock.o(i.CLOCK_EnablePll0)
    CLOCK_GetEr32kClkFreq                    0x000012d1   Thumb Code    86  fsl_clock.o(i.CLOCK_GetEr32kClkFreq)
    CLOCK_GetExtPllFreq                      0x0000136d   Thumb Code     6  fsl_clock.o(i.CLOCK_GetExtPllFreq)
    CLOCK_GetFixedFreqClkFreq                0x00001379   Thumb Code    28  fsl_clock.o(i.CLOCK_GetFixedFreqClkFreq)
    CLOCK_GetFllFreq                         0x00001405   Thumb Code    66  fsl_clock.o(i.CLOCK_GetFllFreq)
    CLOCK_GetFreq                            0x00001471   Thumb Code   198  fsl_clock.o(i.CLOCK_GetFreq)
    CLOCK_GetInternalRefClkFreq              0x00001541   Thumb Code    22  fsl_clock.o(i.CLOCK_GetInternalRefClkFreq)
    CLOCK_GetOsc0ErClkDivFreq                0x00001641   Thumb Code    50  fsl_clock.o(i.CLOCK_GetOsc0ErClkDivFreq)
    CLOCK_GetOsc0ErClkUndivFreq              0x000016b5   Thumb Code    42  fsl_clock.o(i.CLOCK_GetOsc0ErClkUndivFreq)
    CLOCK_GetOutClkFreq                      0x00001741   Thumb Code    84  fsl_clock.o(i.CLOCK_GetOutClkFreq)
    CLOCK_GetPll0Freq                        0x00001799   Thumb Code    70  fsl_clock.o(i.CLOCK_GetPll0Freq)
    CLOCK_GetPllFllSelClkFreq                0x00001825   Thumb Code    88  fsl_clock.o(i.CLOCK_GetPllFllSelClkFreq)
    CLOCK_InitOsc0                           0x00001885   Thumb Code   108  fsl_clock.o(i.CLOCK_InitOsc0)
    CLOCK_SetExternalRefClkConfig            0x000018f9   Thumb Code    56  fsl_clock.o(i.CLOCK_SetExternalRefClkConfig)
    CLOCK_SetPbeMode                         0x00001935   Thumb Code   156  fsl_clock.o(i.CLOCK_SetPbeMode)
    CLOCK_SetSimConfig                       0x00001a09   Thumb Code    62  fsl_clock.o(i.CLOCK_SetSimConfig)
    ChnlEnable                               0x00001a51   Thumb Code   170  i2commands.o(i.ChnlEnable)
    DMA0_DMA16_DriverIRQHandler              0x00001b01   Thumb Code    64  fsl_edma.o(i.DMA0_DMA16_DriverIRQHandler)
    DMA10_DMA26_DriverIRQHandler             0x00001b49   Thumb Code    64  fsl_edma.o(i.DMA10_DMA26_DriverIRQHandler)
    DMA11_DMA27_DriverIRQHandler             0x00001b91   Thumb Code    64  fsl_edma.o(i.DMA11_DMA27_DriverIRQHandler)
    DMA12_DMA28_DriverIRQHandler             0x00001bd9   Thumb Code    64  fsl_edma.o(i.DMA12_DMA28_DriverIRQHandler)
    DMA13_DMA29_DriverIRQHandler             0x00001c21   Thumb Code    64  fsl_edma.o(i.DMA13_DMA29_DriverIRQHandler)
    DMA14_DMA30_DriverIRQHandler             0x00001c69   Thumb Code    64  fsl_edma.o(i.DMA14_DMA30_DriverIRQHandler)
    DMA14_DMA30_IRQHandler                   0x00001cb1   Thumb Code    14  dma.o(i.DMA14_DMA30_IRQHandler)
    DMA15_DMA31_DriverIRQHandler             0x00001cc9   Thumb Code    64  fsl_edma.o(i.DMA15_DMA31_DriverIRQHandler)
    DMA1_DMA17_DriverIRQHandler              0x00001d11   Thumb Code    64  fsl_edma.o(i.DMA1_DMA17_DriverIRQHandler)
    DMA2_DMA18_DriverIRQHandler              0x00001d59   Thumb Code    64  fsl_edma.o(i.DMA2_DMA18_DriverIRQHandler)
    DMA3_DMA19_DriverIRQHandler              0x00001da1   Thumb Code    64  fsl_edma.o(i.DMA3_DMA19_DriverIRQHandler)
    DMA4_DMA20_DriverIRQHandler              0x00001de9   Thumb Code    64  fsl_edma.o(i.DMA4_DMA20_DriverIRQHandler)
    DMA5_DMA21_DriverIRQHandler              0x00001e31   Thumb Code    64  fsl_edma.o(i.DMA5_DMA21_DriverIRQHandler)
    DMA6_DMA22_DriverIRQHandler              0x00001e79   Thumb Code    64  fsl_edma.o(i.DMA6_DMA22_DriverIRQHandler)
    DMA7_DMA23_DriverIRQHandler              0x00001ec1   Thumb Code    64  fsl_edma.o(i.DMA7_DMA23_DriverIRQHandler)
    DMA8_DMA24_DriverIRQHandler              0x00001f09   Thumb Code    64  fsl_edma.o(i.DMA8_DMA24_DriverIRQHandler)
    DMA9_DMA25_DriverIRQHandler              0x00001f51   Thumb Code    64  fsl_edma.o(i.DMA9_DMA25_DriverIRQHandler)
    DMAMUX_Init                              0x00002021   Thumb Code    36  fsl_dmamux.o(i.DMAMUX_Init)
    DSPI_GetInstance                         0x0000208d   Thumb Code    48  fsl_dspi.o(i.DSPI_GetInstance)
    DSPI_MasterSetBaudRate                   0x00002125   Thumb Code   186  fsl_dspi.o(i.DSPI_MasterSetBaudRate)
    DSPI_MasterSetDelayScaler                0x000021ed   Thumb Code   200  fsl_dspi.o(i.DSPI_MasterSetDelayScaler)
    DSPI_MasterSetDelayTimes                 0x000022e9   Thumb Code   208  fsl_dspi.o(i.DSPI_MasterSetDelayTimes)
    DmaInit                                  0x000023c9   Thumb Code   152  dma.o(i.DmaInit)
    EDMA_GetChannelStatusFlags               0x00002471   Thumb Code    70  fsl_edma.o(i.EDMA_GetChannelStatusFlags)
    EDMA_HandleIRQ                           0x00002519   Thumb Code   210  fsl_edma.o(i.EDMA_HandleIRQ)
    ENET_1588_Timer_IRQHandler               0x00002629   Thumb Code    32  fsl_enet.o(i.ENET_1588_Timer_IRQHandler)
    ENET_Error_IRQHandler                    0x00002655   Thumb Code    32  fsl_enet.o(i.ENET_Error_IRQHandler)
    ENET_Receive_IRQHandler                  0x00002681   Thumb Code    32  fsl_enet.o(i.ENET_Receive_IRQHandler)
    ENET_Transmit_IRQHandler                 0x000026ad   Thumb Code    32  fsl_enet.o(i.ENET_Transmit_IRQHandler)
    EnableContMode                           0x000026d9   Thumb Code    80  i2commands.o(i.EnableContMode)
    ErrorSet                                 0x0000272d   Thumb Code    18  gpio.o(i.ErrorSet)
    FrameSizeSet                             0x00002745   Thumb Code   132  i2commands.o(i.FrameSizeSet)
    GPIO_PinInit                             0x000027d5   Thumb Code    80  fsl_gpio.o(i.GPIO_PinInit)
    GpioInit                                 0x00002861   Thumb Code    32  gpio.o(i.GpioInit)
    I2C0_DriverIRQHandler                    0x00002885   Thumb Code    14  fsl_i2c.o(i.I2C0_DriverIRQHandler)
    I2C1_DriverIRQHandler                    0x0000289d   Thumb Code    14  fsl_i2c.o(i.I2C1_DriverIRQHandler)
    I2C2_DriverIRQHandler                    0x000028b5   Thumb Code    14  fsl_i2c.o(i.I2C2_DriverIRQHandler)
    I2C3_DriverIRQHandler                    0x000028cd   Thumb Code    14  fsl_i2c.o(i.I2C3_DriverIRQHandler)
    I2S0_Rx_DriverIRQHandler                 0x00002931   Thumb Code    52  fsl_sai.o(i.I2S0_Rx_DriverIRQHandler)
    I2S0_Tx_DriverIRQHandler                 0x000029ad   Thumb Code    52  fsl_sai.o(i.I2S0_Tx_DriverIRQHandler)
    InitSetup                                0x00002a29   Thumb Code    24  spitestapp.o(i.InitSetup)
    LPUART0_DriverIRQHandler                 0x00002a41   Thumb Code    32  fsl_lpuart.o(i.LPUART0_DriverIRQHandler)
    PIT_Init                                 0x00002aed   Thumb Code   120  fsl_pit.o(i.PIT_Init)
    PitInit                                  0x00002bb5   Thumb Code    82  timers.o(i.PitInit)
    ReadBurst16                              0x00002c4d   Thumb Code   146  i2commands.o(i.ReadBurst16)
    ReadReg16                                0x00002ce9   Thumb Code   122  i2commands.o(i.ReadReg16)
    ReadReg8                                 0x00002d69   Thumb Code    40  i2commands.o(i.ReadReg8)
    ReadSpi                                  0x00002d91   Thumb Code    54  spicomm.o(i.ReadSpi)
    ReadSpiBurst                             0x00002dd5   Thumb Code    58  spicomm.o(i.ReadSpiBurst)
    SDHC_DriverIRQHandler                    0x00002e1d   Thumb Code    52  fsl_sdhc.o(i.SDHC_DriverIRQHandler)
    SPI0_DriverIRQHandler                    0x00002e99   Thumb Code    34  fsl_dspi.o(i.SPI0_DriverIRQHandler)
    SPI1_DriverIRQHandler                    0x00002f09   Thumb Code    34  fsl_dspi.o(i.SPI1_DriverIRQHandler)
    SPI2_DriverIRQHandler                    0x00002f79   Thumb Code    34  fsl_dspi.o(i.SPI2_DriverIRQHandler)
    SendSpi                                  0x00002fe9   Thumb Code    46  spicomm.o(i.SendSpi)
    SendStartConv                            0x00003025   Thumb Code    22  i2commands.o(i.SendStartConv)
    SendStopConv                             0x0000303b   Thumb Code    22  i2commands.o(i.SendStopConv)
    SetBurst                                 0x00003051   Thumb Code   148  i2commands.o(i.SetBurst)
    SetConvRate                              0x000030ed   Thumb Code   116  i2commands.o(i.SetConvRate)
    SetRunMode                               0x00003179   Thumb Code   118  i2commands.o(i.SetRunMode)
    SpiInit                                  0x000031f9   Thumb Code   186  spicomm.o(i.SpiInit)
    StartDma                                 0x000032d1   Thumb Code    60  dma.o(i.StartDma)
    StopDma                                  0x00003335   Thumb Code    12  dma.o(i.StopDma)
    SysTickDelayUs                           0x00003349   Thumb Code    76  timers.o(i.SysTickDelayUs)
    SystemInit                               0x0000339d   Thumb Code    40  system_mk66f18.o(i.SystemInit)
    SystemInitHook                           0x000033cd   Thumb Code     2  system_mk66f18.o(i.SystemInitHook)
    UART0_DriverIRQHandler                   0x000033d1   Thumb Code    32  fsl_uart.o(i.UART0_DriverIRQHandler)
    UART0_RX_TX_DriverIRQHandler             0x000033fd   Thumb Code    24  fsl_uart.o(i.UART0_RX_TX_DriverIRQHandler)
    UART1_DriverIRQHandler                   0x00003415   Thumb Code    32  fsl_uart.o(i.UART1_DriverIRQHandler)
    UART1_RX_TX_DriverIRQHandler             0x00003441   Thumb Code    24  fsl_uart.o(i.UART1_RX_TX_DriverIRQHandler)
    UART2_DriverIRQHandler                   0x00003459   Thumb Code    32  fsl_uart.o(i.UART2_DriverIRQHandler)
    UART2_RX_TX_DriverIRQHandler             0x00003485   Thumb Code    24  fsl_uart.o(i.UART2_RX_TX_DriverIRQHandler)
    UART3_DriverIRQHandler                   0x0000349d   Thumb Code    32  fsl_uart.o(i.UART3_DriverIRQHandler)
    UART3_RX_TX_DriverIRQHandler             0x000034c9   Thumb Code    24  fsl_uart.o(i.UART3_RX_TX_DriverIRQHandler)
    UART4_DriverIRQHandler                   0x000034e1   Thumb Code    32  fsl_uart.o(i.UART4_DriverIRQHandler)
    UART4_RX_TX_DriverIRQHandler             0x0000350d   Thumb Code    24  fsl_uart.o(i.UART4_RX_TX_DriverIRQHandler)
    WaitTillIdle                             0x00003525   Thumb Code    24  i2commands.o(i.WaitTillIdle)
    WriteReg16                               0x0000353d   Thumb Code   112  i2commands.o(i.WriteReg16)
    WriteReg8                                0x000035b5   Thumb Code    46  i2commands.o(i.WriteReg8)
    main                                     0x000035e9   Thumb Code    22  mainapp.o(i.main)
    __aeabi_ddiv                             0x00003605   Thumb Code     0  ddiv.o(x$fpl$ddiv)
    _ddiv                                    0x00003605   Thumb Code   552  ddiv.o(x$fpl$ddiv)
    __aeabi_d2iz                             0x000038b5   Thumb Code     0  dfix.o(x$fpl$dfix)
    _dfix                                    0x000038b5   Thumb Code    94  dfix.o(x$fpl$dfix)
    __aeabi_ui2d                             0x00003913   Thumb Code     0  dflt_clz.o(x$fpl$dfltu)
    _dfltu                                   0x00003913   Thumb Code    38  dflt_clz.o(x$fpl$dfltu)
    __aeabi_dmul                             0x00003939   Thumb Code     0  dmul.o(x$fpl$dmul)
    _dmul                                    0x00003939   Thumb Code   332  dmul.o(x$fpl$dmul)
    __fpl_dnaninf                            0x00003a8d   Thumb Code   156  dnaninf.o(x$fpl$dnaninf)
    __fpl_dretinf                            0x00003b29   Thumb Code    12  dretinf.o(x$fpl$dretinf)
    _fp_init                                 0x00003b35   Thumb Code    10  fpinit.o(x$fpl$fpinit)
    __fplib_config_fpu_vfp                   0x00003b3d   Thumb Code     0  fpinit.o(x$fpl$fpinit)
    __fplib_config_pureend_doubles           0x00003b3d   Thumb Code     0  fpinit.o(x$fpl$fpinit)
    __I$use$fp                               0x00003b3e   Number         0  usenofp.o(x$fpl$usenofp)
    mcgConfig_BOARD_BootClockRUN             0x00003b50   Data          12  clock_config.o(.constdata)
    simConfig_BOARD_BootClockRUN             0x00003b5c   Data           8  clock_config.o(.constdata)
    oscConfig_BOARD_BootClockRUN             0x00003b64   Data           8  clock_config.o(.constdata)
    Region$$Table$$Base                      0x00003cb0   Number         0  anon$$obj.o(Region$$Table)
    Region$$Table$$Limit                     0x00003cd0   Number         0  anon$$obj.o(Region$$Table)
    testResults                              0x20000000   Data           4  mainapp.o(.data)
    spiI2Props                               0x20000004   Data          20  spitestapp.o(.data)
    g_xtal0Freq                              0x20000024   Data           4  fsl_clock.o(.data)
    g_xtal32Freq                             0x20000028   Data           4  fsl_clock.o(.data)
    g_dspiDummyData                          0x20000034   Data           3  fsl_dspi.o(.data)
    SystemCoreClock                          0x20000084   Data           4  system_mk66f18.o(.data)
    frmSizeChange                            0x20000088   Data           1  i2commands.o(.data)
    convRateTest                             0x20000089   Data           1  i2commands.o(.data)
    burstSizeEnum                            0x2000008a   Data           1  i2commands.o(.data)
    Image$$ARM_LIB_HEAP$$ZI$$Base            0x2000013c   Number         0  anon$$obj.o ABSOLUTE
    Image$$ARM_LIB_HEAP$$ZI$$Limit           0x2000053c   Number         0  anon$$obj.o ABSOLUTE
    Image$$ARM_LIB_STACK$$ZI$$Limit          0x20030000   Number         0  anon$$obj.o ABSOLUTE



==============================================================================

Memory Map of the image

  Image Entry point : 0x00000411

  Load Region LR_m_text (Base: 0x00000000, Size: 0x00003d5c, Max: 0x00200000, ABSOLUTE)

    Execution Region VECTOR_ROM (Exec base: 0x00000000, Load base: 0x00000000, Size: 0x00000400, Max: 0x00000400, ABSOLUTE)

    Exec Addr    Load Addr    Size         Type   Attr      Idx    E Section Name        Object

    0x00000000   0x00000000   0x00000400   Data   RO         6270    RESET               startup_mk66f18.o


    Execution Region ER_m_flash_config (Exec base: 0x00000400, Load base: 0x00000400, Size: 0x00000010, Max: 0x00000010, ABSOLUTE, FIXED)

    Exec Addr    Load Addr    Size         Type   Attr      Idx    E Section Name        Object

    0x00000400   0x00000400   0x00000010   Data   RO         6271    FlashConfig         startup_mk66f18.o


    Execution Region ER_m_text (Exec base: 0x00000410, Load base: 0x00000410, Size: 0x000038c0, Max: 0x001ffbf0, ABSOLUTE)

    Exec Addr    Load Addr    Size         Type   Attr      Idx    E Section Name        Object

    0x00000410   0x00000410   0x00000008   Code   RO         6761  * !!!main             c_w.l(__main.o)
    0x00000418   0x00000418   0x00000034   Code   RO         7016    !!!scatter          c_w.l(__scatter.o)
    0x0000044c   0x0000044c   0x0000001a   Code   RO         7018    !!handler_copy      c_w.l(__scatter_copy.o)
    0x00000466   0x00000466   0x00000002   PAD
    0x00000468   0x00000468   0x0000001c   Code   RO         7020    !!handler_zi        c_w.l(__scatter_zi.o)
    0x00000484   0x00000484   0x00000002   Code   RO         6955    .ARM.Collect$$libinit$$00000000  c_w.l(libinit.o)
    0x00000486   0x00000486   0x00000004   Code   RO         6819    .ARM.Collect$$libinit$$00000001  c_w.l(libinit2.o)
    0x0000048a   0x0000048a   0x00000000   Code   RO         6822    .ARM.Collect$$libinit$$00000004  c_w.l(libinit2.o)
    0x0000048a   0x0000048a   0x00000000   Code   RO         6825    .ARM.Collect$$libinit$$0000000A  c_w.l(libinit2.o)
    0x0000048a   0x0000048a   0x00000000   Code   RO         6827    .ARM.Collect$$libinit$$0000000C  c_w.l(libinit2.o)
    0x0000048a   0x0000048a   0x00000000   Code   RO         6829    .ARM.Collect$$libinit$$0000000E  c_w.l(libinit2.o)
    0x0000048a   0x0000048a   0x00000000   Code   RO         6832    .ARM.Collect$$libinit$$00000011  c_w.l(libinit2.o)
    0x0000048a   0x0000048a   0x00000000   Code   RO         6834    .ARM.Collect$$libinit$$00000013  c_w.l(libinit2.o)
    0x0000048a   0x0000048a   0x00000000   Code   RO         6836    .ARM.Collect$$libinit$$00000015  c_w.l(libinit2.o)
    0x0000048a   0x0000048a   0x00000000   Code   RO         6838    .ARM.Collect$$libinit$$00000017  c_w.l(libinit2.o)
    0x0000048a   0x0000048a   0x00000000   Code   RO         6840    .ARM.Collect$$libinit$$00000019  c_w.l(libinit2.o)
    0x0000048a   0x0000048a   0x00000000   Code   RO         6842    .ARM.Collect$$libinit$$0000001B  c_w.l(libinit2.o)
    0x0000048a   0x0000048a   0x00000000   Code   RO         6844    .ARM.Collect$$libinit$$0000001D  c_w.l(libinit2.o)
    0x0000048a   0x0000048a   0x00000000   Code   RO         6846    .ARM.Collect$$libinit$$0000001F  c_w.l(libinit2.o)
    0x0000048a   0x0000048a   0x00000000   Code   RO         6848    .ARM.Collect$$libinit$$00000021  c_w.l(libinit2.o)
    0x0000048a   0x0000048a   0x00000000   Code   RO         6850    .ARM.Collect$$libinit$$00000023  c_w.l(libinit2.o)
    0x0000048a   0x0000048a   0x00000000   Code   RO         6852    .ARM.Collect$$libinit$$00000025  c_w.l(libinit2.o)
    0x0000048a   0x0000048a   0x00000000   Code   RO         6856    .ARM.Collect$$libinit$$0000002C  c_w.l(libinit2.o)
    0x0000048a   0x0000048a   0x00000000   Code   RO         6858    .ARM.Collect$$libinit$$0000002E  c_w.l(libinit2.o)
    0x0000048a   0x0000048a   0x00000000   Code   RO         6860    .ARM.Collect$$libinit$$00000030  c_w.l(libinit2.o)
    0x0000048a   0x0000048a   0x00000000   Code   RO         6862    .ARM.Collect$$libinit$$00000032  c_w.l(libinit2.o)
    0x0000048a   0x0000048a   0x00000002   Code   RO         6863    .ARM.Collect$$libinit$$00000033  c_w.l(libinit2.o)
    0x0000048c   0x0000048c   0x00000002   Code   RO         7013    .ARM.Collect$$libshutdown$$00000000  c_w.l(libshutdown.o)
    0x0000048e   0x0000048e   0x00000000   Code   RO         6975    .ARM.Collect$$libshutdown$$00000002  c_w.l(libshutdown2.o)
    0x0000048e   0x0000048e   0x00000000   Code   RO         6977    .ARM.Collect$$libshutdown$$00000004  c_w.l(libshutdown2.o)
    0x0000048e   0x0000048e   0x00000000   Code   RO         6980    .ARM.Collect$$libshutdown$$00000007  c_w.l(libshutdown2.o)
    0x0000048e   0x0000048e   0x00000000   Code   RO         6983    .ARM.Collect$$libshutdown$$0000000A  c_w.l(libshutdown2.o)
    0x0000048e   0x0000048e   0x00000000   Code   RO         6985    .ARM.Collect$$libshutdown$$0000000C  c_w.l(libshutdown2.o)
    0x0000048e   0x0000048e   0x00000000   Code   RO         6988    .ARM.Collect$$libshutdown$$0000000F  c_w.l(libshutdown2.o)
    0x0000048e   0x0000048e   0x00000002   Code   RO         6989    .ARM.Collect$$libshutdown$$00000010  c_w.l(libshutdown2.o)
    0x00000490   0x00000490   0x00000000   Code   RO         6781    .ARM.Collect$$rtentry$$00000000  c_w.l(__rtentry.o)
    0x00000490   0x00000490   0x00000000   Code   RO         6879    .ARM.Collect$$rtentry$$00000002  c_w.l(__rtentry2.o)
    0x00000490   0x00000490   0x00000004   Code   RO         6893    .ARM.Collect$$rtentry$$00000007  c_w.l(__rtentry7.o)
    0x00000494   0x00000494   0x00000000   Code   RO         6881    .ARM.Collect$$rtentry$$00000009  c_w.l(__rtentry2.o)
    0x00000494   0x00000494   0x00000004   Code   RO         6882    .ARM.Collect$$rtentry$$0000000A  c_w.l(__rtentry2.o)
    0x00000498   0x00000498   0x00000000   Code   RO         6884    .ARM.Collect$$rtentry$$0000000C  c_w.l(__rtentry2.o)
    0x00000498   0x00000498   0x00000008   Code   RO         6885    .ARM.Collect$$rtentry$$0000000D  c_w.l(__rtentry2.o)
    0x000004a0   0x000004a0   0x00000004   Code   RO         6894    .ARM.Collect$$rtentry$$00002718  c_w.l(__rtentry7.o)
    0x000004a4   0x000004a4   0x00000002   Code   RO         6958    .ARM.Collect$$rtexit$$00000000  c_w.l(rtexit.o)
    0x000004a6   0x000004a6   0x00000000   Code   RO         6991    .ARM.Collect$$rtexit$$00000002  c_w.l(rtexit2.o)
    0x000004a6   0x000004a6   0x00000004   Code   RO         6992    .ARM.Collect$$rtexit$$00000003  c_w.l(rtexit2.o)
    0x000004aa   0x000004aa   0x00000006   Code   RO         6993    .ARM.Collect$$rtexit$$00000004  c_w.l(rtexit2.o)
    0x000004b0   0x000004b0   0x000001f4   Code   RO         6272    .text               startup_mk66f18.o
    0x000006a4   0x000006a4   0x000000ee   Code   RO         6749    .text               c_w.l(lludivv7m.o)
    0x00000792   0x00000792   0x00000002   PAD
    0x00000794   0x00000794   0x00000080   Code   RO         6751    .text               c_w.l(assert.o)
    0x00000814   0x00000814   0x0000004e   Code   RO         6759    .text               c_w.l(rt_memclr_w.o)
    0x00000862   0x00000862   0x00000016   Code   RO         6811    .text               c_w.l(abort.o)
    0x00000878   0x00000878   0x00000014   Code   RO         6813    .text               c_w.l(assert_puts.o)
    0x0000088c   0x0000088c   0x0000000e   Code   RO         6869    .text               c_w.l(sys_wrch.o)
    0x0000089a   0x0000089a   0x00000002   PAD
    0x0000089c   0x0000089c   0x0000000c   Code   RO         6873    .text               c_w.l(sys_exit.o)
    0x000008a8   0x000008a8   0x0000000e   Code   RO         6908    .text               c_w.l(defsig_abrt_outer.o)
    0x000008b6   0x000008b6   0x00000002   Code   RO         6925    .text               c_w.l(use_no_semi.o)
    0x000008b8   0x000008b8   0x00000000   Code   RO         6927    .text               c_w.l(indicate_semi.o)
    0x000008b8   0x000008b8   0x00000012   Code   RO         6934    .text               c_w.l(exit.o)
    0x000008ca   0x000008ca   0x0000000a   Code   RO         6936    .text               c_w.l(defsig_exit.o)
    0x000008d4   0x000008d4   0x00000030   Code   RO         6938    .text               c_w.l(defsig_abrt_inner.o)
    0x00000904   0x00000904   0x00000032   Code   RO         6966    .text               c_w.l(defsig_general.o)
    0x00000936   0x00000936   0x00000002   PAD
    0x00000938   0x00000938   0x00000028   Code   RO         6354    i.ActivateSlaveSpi  i2commands.o
    0x00000960   0x00000960   0x00000034   Code   RO          124    i.AutoTestComplete  spitestapp.o
    0x00000994   0x00000994   0x00000158   Code   RO         6585    i.AutoTestMode1     testmode1.o
    0x00000aec   0x00000aec   0x00000108   Code   RO         6609    i.AutoTestMode2     testmode2.o
    0x00000bf4   0x00000bf4   0x0000017c   Code   RO         6633    i.AutoTestMode3     testmode3.o
    0x00000d70   0x00000d70   0x00000250   Code   RO         6657    i.AutoTestMode4     testmode4.o
    0x00000fc0   0x00000fc0   0x00000060   Code   RO          177    i.BOARD_BootClockRUN  clock_config.o
    0x00001020   0x00001020   0x00000008   Code   RO          178    i.BOARD_InitBootClocks  clock_config.o
    0x00001028   0x00001028   0x00000008   Code   RO          222    i.BOARD_InitBootPins  pin_mux.o
    0x00001030   0x00001030   0x00000070   Code   RO          223    i.BOARD_InitPins    pin_mux.o
    0x000010a0   0x000010a0   0x00000088   Code   RO         2404    i.CAN0_DriverIRQHandler  fsl_flexcan.o
    0x00001128   0x00001128   0x00000088   Code   RO         2405    i.CAN1_DriverIRQHandler  fsl_flexcan.o
    0x000011b0   0x000011b0   0x00000084   Code   RO          460    i.CLOCK_BootToPeeMode  fsl_clock.o
    0x00001234   0x00001234   0x00000014   Code   RO          179    i.CLOCK_CONFIG_SetFllExtRefDiv  clock_config.o
    0x00001248   0x00001248   0x00000088   Code   RO          467    i.CLOCK_EnablePll0  fsl_clock.o
    0x000012d0   0x000012d0   0x0000009c   Code   RO          476    i.CLOCK_GetEr32kClkFreq  fsl_clock.o
    0x0000136c   0x0000136c   0x0000000c   Code   RO          477    i.CLOCK_GetExtPllFreq  fsl_clock.o
    0x00001378   0x00001378   0x0000001c   Code   RO          478    i.CLOCK_GetFixedFreqClkFreq  fsl_clock.o
    0x00001394   0x00001394   0x00000070   Code   RO          481    i.CLOCK_GetFllExtRefClkFreq  fsl_clock.o
    0x00001404   0x00001404   0x0000004c   Code   RO          482    i.CLOCK_GetFllFreq  fsl_clock.o
    0x00001450   0x00001450   0x00000020   Code   RO          483    i.CLOCK_GetFllRefClkFreq  fsl_clock.o
    0x00001470   0x00001470   0x000000d0   Code   RO          484    i.CLOCK_GetFreq     fsl_clock.o
    0x00001540   0x00001540   0x0000001c   Code   RO          485    i.CLOCK_GetInternalRefClkFreq  fsl_clock.o
    0x0000155c   0x0000155c   0x0000002c   Code   RO          486    i.CLOCK_GetInternalRefClkSelectFreq  fsl_clock.o
    0x00001588   0x00001588   0x000000b8   Code   RO          487    i.CLOCK_GetMcgExtClkFreq  fsl_clock.o
    0x00001640   0x00001640   0x00000074   Code   RO          489    i.CLOCK_GetOsc0ErClkDivFreq  fsl_clock.o
    0x000016b4   0x000016b4   0x0000006c   Code   RO          491    i.CLOCK_GetOsc0ErClkUndivFreq  fsl_clock.o
    0x00001720   0x00001720   0x00000020   Code   RO          492    i.CLOCK_GetOscRangeFromFreq  fsl_clock.o
    0x00001740   0x00001740   0x00000058   Code   RO          493    i.CLOCK_GetOutClkFreq  fsl_clock.o
    0x00001798   0x00001798   0x00000084   Code   RO          495    i.CLOCK_GetPll0Freq  fsl_clock.o
    0x0000181c   0x0000181c   0x00000008   Code   RO          496    i.CLOCK_GetPll0RefFreq  fsl_clock.o
    0x00001824   0x00001824   0x00000060   Code   RO          497    i.CLOCK_GetPllFllSelClkFreq  fsl_clock.o
    0x00001884   0x00001884   0x00000074   Code   RO          499    i.CLOCK_InitOsc0    fsl_clock.o
    0x000018f8   0x000018f8   0x0000003c   Code   RO          505    i.CLOCK_SetExternalRefClkConfig  fsl_clock.o
    0x00001934   0x00001934   0x000000d4   Code   RO          513    i.CLOCK_SetPbeMode  fsl_clock.o
    0x00001a08   0x00001a08   0x00000048   Code   RO          518    i.CLOCK_SetSimConfig  fsl_clock.o
    0x00001a50   0x00001a50   0x000000b0   Code   RO         6355    i.ChnlEnable        i2commands.o
    0x00001b00   0x00001b00   0x00000048   Code   RO         1746    i.DMA0_DMA16_DriverIRQHandler  fsl_edma.o
    0x00001b48   0x00001b48   0x00000048   Code   RO         1747    i.DMA10_DMA26_DriverIRQHandler  fsl_edma.o
    0x00001b90   0x00001b90   0x00000048   Code   RO         1748    i.DMA11_DMA27_DriverIRQHandler  fsl_edma.o
    0x00001bd8   0x00001bd8   0x00000048   Code   RO         1749    i.DMA12_DMA28_DriverIRQHandler  fsl_edma.o
    0x00001c20   0x00001c20   0x00000048   Code   RO         1750    i.DMA13_DMA29_DriverIRQHandler  fsl_edma.o
    0x00001c68   0x00001c68   0x00000048   Code   RO         1751    i.DMA14_DMA30_DriverIRQHandler  fsl_edma.o
    0x00001cb0   0x00001cb0   0x00000018   Code   RO         6480    i.DMA14_DMA30_IRQHandler  dma.o
    0x00001cc8   0x00001cc8   0x00000048   Code   RO         1752    i.DMA15_DMA31_DriverIRQHandler  fsl_edma.o
    0x00001d10   0x00001d10   0x00000048   Code   RO         1753    i.DMA1_DMA17_DriverIRQHandler  fsl_edma.o
    0x00001d58   0x00001d58   0x00000048   Code   RO         1754    i.DMA2_DMA18_DriverIRQHandler  fsl_edma.o
    0x00001da0   0x00001da0   0x00000048   Code   RO         1755    i.DMA3_DMA19_DriverIRQHandler  fsl_edma.o
    0x00001de8   0x00001de8   0x00000048   Code   RO         1756    i.DMA4_DMA20_DriverIRQHandler  fsl_edma.o
    0x00001e30   0x00001e30   0x00000048   Code   RO         1757    i.DMA5_DMA21_DriverIRQHandler  fsl_edma.o
    0x00001e78   0x00001e78   0x00000048   Code   RO         1758    i.DMA6_DMA22_DriverIRQHandler  fsl_edma.o
    0x00001ec0   0x00001ec0   0x00000048   Code   RO         1759    i.DMA7_DMA23_DriverIRQHandler  fsl_edma.o
    0x00001f08   0x00001f08   0x00000048   Code   RO         1760    i.DMA8_DMA24_DriverIRQHandler  fsl_edma.o
    0x00001f50   0x00001f50   0x00000048   Code   RO         1761    i.DMA9_DMA25_DriverIRQHandler  fsl_edma.o
    0x00001f98   0x00001f98   0x00000088   Code   RO         1253    i.DMAMUX_GetInstance  fsl_dmamux.o
    0x00002020   0x00002020   0x0000002c   Code   RO         1254    i.DMAMUX_Init       fsl_dmamux.o
    0x0000204c   0x0000204c   0x00000040   Code   RO         1294    i.DSPI_CommonIRQHandler  fsl_dspi.o
    0x0000208c   0x0000208c   0x00000084   Code   RO         1302    i.DSPI_GetInstance  fsl_dspi.o
    0x00002110   0x00002110   0x00000012   Code   RO         1304    i.DSPI_IsMaster     fsl_dspi.o
    0x00002122   0x00002122   0x00000002   PAD
    0x00002124   0x00002124   0x000000c8   Code   RO         1310    i.DSPI_MasterSetBaudRate  fsl_dspi.o
    0x000021ec   0x000021ec   0x000000fc   Code   RO         1311    i.DSPI_MasterSetDelayScaler  fsl_dspi.o
    0x000022e8   0x000022e8   0x000000e0   Code   RO         1312    i.DSPI_MasterSetDelayTimes  fsl_dspi.o
    0x000023c8   0x000023c8   0x000000a8   Code   RO         6481    i.DmaInit           dma.o
    0x00002470   0x00002470   0x000000a8   Code   RO         1769    i.EDMA_GetChannelStatusFlags  fsl_edma.o
    0x00002518   0x00002518   0x00000110   Code   RO         1773    i.EDMA_HandleIRQ    fsl_edma.o
    0x00002628   0x00002628   0x0000002c   Code   RO         2090    i.ENET_1588_Timer_IRQHandler  fsl_enet.o
    0x00002654   0x00002654   0x0000002c   Code   RO         2097    i.ENET_Error_IRQHandler  fsl_enet.o
    0x00002680   0x00002680   0x0000002c   Code   RO         2107    i.ENET_Receive_IRQHandler  fsl_enet.o
    0x000026ac   0x000026ac   0x0000002c   Code   RO         2120    i.ENET_Transmit_IRQHandler  fsl_enet.o
    0x000026d8   0x000026d8   0x00000054   Code   RO         6356    i.EnableContMode    i2commands.o
    0x0000272c   0x0000272c   0x00000018   Code   RO         6555    i.ErrorSet          gpio.o
    0x00002744   0x00002744   0x00000090   Code   RO         6357    i.FrameSizeSet      i2commands.o
    0x000027d4   0x000027d4   0x0000008c   Code   RO         3235    i.GPIO_PinInit      fsl_gpio.o
    0x00002860   0x00002860   0x00000024   Code   RO         6556    i.GpioInit          gpio.o
    0x00002884   0x00002884   0x00000018   Code   RO         3283    i.I2C0_DriverIRQHandler  fsl_i2c.o
    0x0000289c   0x0000289c   0x00000018   Code   RO         3284    i.I2C1_DriverIRQHandler  fsl_i2c.o
    0x000028b4   0x000028b4   0x00000018   Code   RO         3285    i.I2C2_DriverIRQHandler  fsl_i2c.o
    0x000028cc   0x000028cc   0x00000018   Code   RO         3286    i.I2C3_DriverIRQHandler  fsl_i2c.o
    0x000028e4   0x000028e4   0x0000004c   Code   RO         3322    i.I2C_TransferCommonIRQHandler  fsl_i2c.o
    0x00002930   0x00002930   0x0000007c   Code   RO         4463    i.I2S0_Rx_DriverIRQHandler  fsl_sai.o
    0x000029ac   0x000029ac   0x0000007c   Code   RO         4464    i.I2S0_Tx_DriverIRQHandler  fsl_sai.o
    0x00002a28   0x00002a28   0x00000018   Code   RO          125    i.InitSetup         spitestapp.o
    0x00002a40   0x00002a40   0x0000002c   Code   RO         3818    i.LPUART0_DriverIRQHandler  fsl_lpuart.o
    0x00002a6c   0x00002a6c   0x00000080   Code   RO         4156    i.PIT_GetInstance   fsl_pit.o
    0x00002aec   0x00002aec   0x000000b8   Code   RO         4158    i.PIT_Init          fsl_pit.o
    0x00002ba4   0x00002ba4   0x0000000e   Code   RO          224    i.PORT_SetPinMux    pin_mux.o
    0x00002bb2   0x00002bb2   0x00000002   PAD
    0x00002bb4   0x00002bb4   0x00000098   Code   RO         6522    i.PitInit           timers.o
    0x00002c4c   0x00002c4c   0x0000009c   Code   RO         6358    i.ReadBurst16       i2commands.o
    0x00002ce8   0x00002ce8   0x00000080   Code   RO         6360    i.ReadReg16         i2commands.o
    0x00002d68   0x00002d68   0x00000028   Code   RO         6362    i.ReadReg8          i2commands.o
    0x00002d90   0x00002d90   0x00000044   Code   RO         6281    i.ReadSpi           spicomm.o
    0x00002dd4   0x00002dd4   0x00000048   Code   RO         6282    i.ReadSpiBurst      spicomm.o
    0x00002e1c   0x00002e1c   0x0000007c   Code   RO         5058    i.SDHC_DriverIRQHandler  fsl_sdhc.o
    0x00002e98   0x00002e98   0x00000070   Code   RO         1341    i.SPI0_DriverIRQHandler  fsl_dspi.o
    0x00002f08   0x00002f08   0x00000070   Code   RO         1342    i.SPI1_DriverIRQHandler  fsl_dspi.o
    0x00002f78   0x00002f78   0x00000070   Code   RO         1343    i.SPI2_DriverIRQHandler  fsl_dspi.o
    0x00002fe8   0x00002fe8   0x0000003c   Code   RO         6284    i.SendSpi           spicomm.o
    0x00003024   0x00003024   0x00000016   Code   RO         6363    i.SendStartConv     i2commands.o
    0x0000303a   0x0000303a   0x00000016   Code   RO         6364    i.SendStopConv      i2commands.o
    0x00003050   0x00003050   0x0000009c   Code   RO         6365    i.SetBurst          i2commands.o
    0x000030ec   0x000030ec   0x0000008c   Code   RO         6366    i.SetConvRate       i2commands.o
    0x00003178   0x00003178   0x00000080   Code   RO         6367    i.SetRunMode        i2commands.o
    0x000031f8   0x000031f8   0x000000d8   Code   RO         6286    i.SpiInit           spicomm.o
    0x000032d0   0x000032d0   0x00000050   Code   RO         6482    i.StartDma          dma.o
    0x00003320   0x00003320   0x00000014   Code   RO         6287    i.StartSpiTransfer  spicomm.o
    0x00003334   0x00003334   0x00000014   Code   RO         6483    i.StopDma           dma.o
    0x00003348   0x00003348   0x00000054   Code   RO         6523    i.SysTickDelayUs    timers.o
    0x0000339c   0x0000339c   0x00000030   Code   RO         6232    i.SystemInit        system_mk66f18.o
    0x000033cc   0x000033cc   0x00000002   Code   RO         6233    i.SystemInitHook    system_mk66f18.o
    0x000033ce   0x000033ce   0x00000002   PAD
    0x000033d0   0x000033d0   0x0000002c   Code   RO         5769    i.UART0_DriverIRQHandler  fsl_uart.o
    0x000033fc   0x000033fc   0x00000018   Code   RO         5770    i.UART0_RX_TX_DriverIRQHandler  fsl_uart.o
    0x00003414   0x00003414   0x0000002c   Code   RO         5771    i.UART1_DriverIRQHandler  fsl_uart.o
    0x00003440   0x00003440   0x00000018   Code   RO         5772    i.UART1_RX_TX_DriverIRQHandler  fsl_uart.o
    0x00003458   0x00003458   0x0000002c   Code   RO         5773    i.UART2_DriverIRQHandler  fsl_uart.o
    0x00003484   0x00003484   0x00000018   Code   RO         5774    i.UART2_RX_TX_DriverIRQHandler  fsl_uart.o
    0x0000349c   0x0000349c   0x0000002c   Code   RO         5775    i.UART3_DriverIRQHandler  fsl_uart.o
    0x000034c8   0x000034c8   0x00000018   Code   RO         5776    i.UART3_RX_TX_DriverIRQHandler  fsl_uart.o
    0x000034e0   0x000034e0   0x0000002c   Code   RO         5777    i.UART4_DriverIRQHandler  fsl_uart.o
    0x0000350c   0x0000350c   0x00000018   Code   RO         5778    i.UART4_RX_TX_DriverIRQHandler  fsl_uart.o
    0x00003524   0x00003524   0x00000018   Code   RO         6368    i.WaitTillIdle      i2commands.o
    0x0000353c   0x0000353c   0x00000078   Code   RO         6369    i.WriteReg16        i2commands.o
    0x000035b4   0x000035b4   0x00000034   Code   RO         6370    i.WriteReg8         i2commands.o
    0x000035e8   0x000035e8   0x0000001c   Code   RO            6    i.main              mainapp.o
    0x00003604   0x00003604   0x000002b0   Code   RO         6764    x$fpl$ddiv          fz_wm.l(ddiv.o)
    0x000038b4   0x000038b4   0x0000005e   Code   RO         6767    x$fpl$dfix          fz_wm.l(dfix.o)
    0x00003912   0x00003912   0x00000026   Code   RO         6771    x$fpl$dfltu         fz_wm.l(dflt_clz.o)
    0x00003938   0x00003938   0x00000154   Code   RO         6777    x$fpl$dmul          fz_wm.l(dmul.o)
    0x00003a8c   0x00003a8c   0x0000009c   Code   RO         6864    x$fpl$dnaninf       fz_wm.l(dnaninf.o)
    0x00003b28   0x00003b28   0x0000000c   Code   RO         6866    x$fpl$dretinf       fz_wm.l(dretinf.o)
    0x00003b34   0x00003b34   0x0000000a   Code   RO         6923    x$fpl$fpinit        fz_wm.l(fpinit.o)
    0x00003b3e   0x00003b3e   0x00000000   Code   RO         6868    x$fpl$usenofp       fz_wm.l(usenofp.o)
    0x00003b3e   0x00003b3e   0x00000002   PAD
    0x00003b40   0x00003b40   0x00000010   Data   RO          126    .constdata          spitestapp.o
    0x00003b50   0x00003b50   0x0000001c   Data   RO          180    .constdata          clock_config.o
    0x00003b6c   0x00003b6c   0x00000002   Data   RO          225    .constdata          pin_mux.o
    0x00003b6e   0x00003b6e   0x00000002   PAD
    0x00003b70   0x00003b70   0x00000060   Data   RO          521    .constdata          fsl_clock.o
    0x00003bd0   0x00003bd0   0x00000008   Data   RO         1255    .constdata          fsl_dmamux.o
    0x00003bd8   0x00003bd8   0x000000c1   Data   RO         1345    .constdata          fsl_dspi.o
    0x00003c99   0x00003c99   0x00000003   PAD
    0x00003c9c   0x00003c9c   0x00000008   Data   RO         4159    .constdata          fsl_pit.o
    0x00003ca4   0x00003ca4   0x0000000c   Data   RO         6288    .constdata          spicomm.o
    0x00003cb0   0x00003cb0   0x00000020   Data   RO         7014    Region$$Table       anon$$obj.o


    Execution Region RW_m_data (Exec base: 0x1fff0000, Load base: 0x00003cd0, Size: 0x00000000, Max: 0x00010000, ABSOLUTE)

    **** No section assigned to this execution region ****


    Execution Region RW_m_data_2 (Exec base: 0x20000000, Load base: 0x00003cd0, Size: 0x0000013c, Max: 0x0002f800, ABSOLUTE)

    Exec Addr    Load Addr    Size         Type   Attr      Idx    E Section Name        Object

    0x20000000   0x00003cd0   0x00000004   Data   RW            7    .data               mainapp.o
    0x20000004   0x00003cd4   0x00000014   Data   RW          127    .data               spitestapp.o
    0x20000018   0x00003ce8   0x00000014   Data   RW          522    .data               fsl_clock.o
    0x2000002c   0x00003cfc   0x0000000b   Data   RW         1346    .data               fsl_dspi.o
    0x20000037   0x00003d07   0x00000001   PAD
    0x20000038   0x00003d08   0x00000014   Data   RW         2125    .data               fsl_enet.o
    0x2000004c   0x00003d1c   0x0000000c   Data   RW         2448    .data               fsl_flexcan.o
    0x20000058   0x00003d28   0x00000008   Data   RW         3325    .data               fsl_i2c.o
    0x20000060   0x00003d30   0x00000008   Data   RW         3847    .data               fsl_lpuart.o
    0x20000068   0x00003d38   0x00000010   Data   RW         4536    .data               fsl_sai.o
    0x20000078   0x00003d48   0x00000008   Data   RW         5093    .data               fsl_sdhc.o
    0x20000080   0x00003d50   0x00000004   Data   RW         5808    .data               fsl_uart.o
    0x20000084   0x00003d54   0x00000004   Data   RW         6234    .data               system_mk66f18.o
    0x20000088   0x00003d58   0x00000003   Data   RW         6371    .data               i2commands.o
    0x2000008b   0x00003d5b   0x00000001   PAD
    0x2000008c        -       0x0000000c   Zero   RW         1344    .bss                fsl_dspi.o
    0x20000098        -       0x00000080   Zero   RW         1798    .bss                fsl_edma.o
    0x20000118        -       0x00000010   Zero   RW         3323    .bss                fsl_i2c.o
    0x20000128        -       0x00000014   Zero   RW         5806    .bss                fsl_uart.o


    Execution Region ARM_LIB_HEAP (Exec base: 0x2000013c, Load base: 0x00003d5c, Size: 0x00000400, Max: 0x00000400, ABSOLUTE)

    Exec Addr    Load Addr    Size         Type   Attr      Idx    E Section Name        Object

    0x2000013c        -       0x00000400   Zero   RW            1    ARM_LIB_HEAP.bss    anon$$obj.o


    Execution Region ARM_LIB_STACK (Exec base: 0x2002fc00, Load base: 0x00003d5c, Size: 0x00000400, Max: 0x00000400, ABSOLUTE)

    Exec Addr    Load Addr    Size         Type   Attr      Idx    E Section Name        Object

    0x2002fc00        -       0x00000400   Zero   RW            2    ARM_LIB_STACK.bss   anon$$obj.o


==============================================================================

Image component sizes


      Code (inc. data)   RO Data    RW Data    ZI Data      Debug   Object Name

       124         40         28          0          0      11012   clock_config.o
       292         54          0          0          0       2192   dma.o
         0          0          0          0          0       8407   fsl_adc16.o
      2188        658         96         20          0      28463   fsl_clock.o
         0          0          0          0          0       5156   fsl_cmt.o
       180         98          8          0          0       2090   fsl_dmamux.o
      1226        410        193         11         12      19769   fsl_dspi.o
      1592        288          0          0        128      44647   fsl_edma.o
       176         48          0         20          0      16164   fsl_enet.o
       272        168          0         12          0      12256   fsl_flexcan.o
       140         60          0          0          0       2287   fsl_gpio.o
       172         50          0          8         16       7104   fsl_i2c.o
        44         12          0          8          0      10747   fsl_lpuart.o
       312        146          8          0          0       3595   fsl_pit.o
       248        144          0         16          0       8622   fsl_sai.o
       124         72          0          8          0      11456   fsl_sdhc.o
       340         60          0          4         20      10136   fsl_uart.o
        60         10          0          0          0        930   gpio.o
      1432         98          0          3          0      10717   i2commands.o
        28          6          0          4          0     738282   mainapp.o
       134         22          2          0          0      13537   pin_mux.o
       436         78         12          0          0       3325   spicomm.o
        76          4         16         20          0       2764   spitestapp.o
       500        238       1040          0          0       3632   startup_mk66f18.o
        50          8          0          4          0       1272   system_mk66f18.o
       344         16          0          0          0       1012   testmode1.o
       264         16          0          0          0        988   testmode2.o
       380         16          0          0          0       1044   testmode3.o
       592         30          0          0          0       7555   testmode4.o
       236         78          0          0          0       2719   timers.o

    ----------------------------------------------------------------------
     11968       2928       1440        140       2224     991880   Object Totals
         0          0         32          0       2048          0   (incl. Generated)
         6          0          5          2          0          0   (incl. Padding)

    ----------------------------------------------------------------------

      Code (inc. data)   RO Data    RW Data    ZI Data      Debug   Library Member Name

         8          0          0          0          0         68   __main.o
         0          0          0          0          0          0   __rtentry.o
        12          0          0          0          0          0   __rtentry2.o
         8          4          0          0          0          0   __rtentry7.o
        52          8          0          0          0          0   __scatter.o
        26          0          0          0          0          0   __scatter_copy.o
        28          0          0          0          0          0   __scatter_zi.o
        22          0          0          0          0         80   abort.o
       128         42          0          0          0         76   assert.o
        20          0          0          0          0         76   assert_puts.o
        48         34          0          0          0         76   defsig_abrt_inner.o
        14          0          0          0          0         80   defsig_abrt_outer.o
        10          0          0          0          0         68   defsig_exit.o
        50          0          0          0          0         88   defsig_general.o
        18          0          0          0          0         80   exit.o
         0          0          0          0          0          0   indicate_semi.o
         2          0          0          0          0          0   libinit.o
         6          0          0          0          0          0   libinit2.o
         2          0          0          0          0          0   libshutdown.o
         2          0          0          0          0          0   libshutdown2.o
       238          0          0          0          0        100   lludivv7m.o
        78          0          0          0          0         80   rt_memclr_w.o
         2          0          0          0          0          0   rtexit.o
        10          0          0          0          0          0   rtexit2.o
        12          4          0          0          0         68   sys_exit.o
        14          0          0          0          0         76   sys_wrch.o
         2          0          0          0          0         68   use_no_semi.o
       688        140          0          0          0        256   ddiv.o
        94          4          0          0          0        140   dfix.o
        38          0          0          0          0        116   dflt_clz.o
       340         12          0          0          0        152   dmul.o
       156          4          0          0          0        140   dnaninf.o
        12          0          0          0          0        116   dretinf.o
        10          0          0          0          0        116   fpinit.o
         0          0          0          0          0          0   usenofp.o

    ----------------------------------------------------------------------
      2160        252          0          0          0       2120   Library Totals
        10          0          0          0          0          0   (incl. Padding)

    ----------------------------------------------------------------------

      Code (inc. data)   RO Data    RW Data    ZI Data      Debug   Library Name

       812         92          0          0          0       1084   c_w.l
      1338        160          0          0          0       1036   fz_wm.l

    ----------------------------------------------------------------------
      2160        252          0          0          0       2120   Library Totals

    ----------------------------------------------------------------------

==============================================================================


      Code (inc. data)   RO Data    RW Data    ZI Data      Debug   

     14128       3180       1440        140       2224     981180   Grand Totals
     14128       3180       1440        140       2224     981180   ELF Image Totals
     14128       3180       1440        140          0          0   ROM Totals

==============================================================================

    Total RO  Size (Code + RO Data)                15568 (  15.20kB)
    Total RW  Size (RW Data + ZI Data)              2364 (   2.31kB)
    Total ROM Size (Code + RO Data + RW Data)      15708 (  15.34kB)

==============================================================================

