Component: ARM Compiler 5.06 update 6 (build 750) Tool: armlink [4d35ed]

==============================================================================

Section Cross References

    mainapp.o(i.main) refers to clock_config.o(i.BOARD_InitBootClocks) for BOARD_InitBootClocks
    mainapp.o(i.main) refers to pin_mux.o(i.BOARD_InitBootPins) for BOARD_InitBootPins
    mainapp.o(i.main) refers to spitestapp.o(i.InitSetup) for InitSetup
    mainapp.o(i.main) refers to testmode3.o(i.AutoTestMode3) for AutoTestMode3
    mainapp.o(i.main) refers to testmode4.o(i.AutoTestMode4) for AutoTestMode4
    spitestapp.o(i.AutoTestComplete) refers to spitestapp.o(.constdata) for .constdata
    spitestapp.o(i.InitSetup) refers to spicomm.o(i.SpiInit) for SpiInit
    spitestapp.o(i.InitSetup) refers to timers.o(i.PitInit) for PitInit
    spitestapp.o(i.InitSetup) refers to dma.o(i.DmaInit) for DmaInit
    spitestapp.o(i.InitSetup) refers to i2commands.o(i.ActivateSlaveSpi) for ActivateSlaveSpi
    spitestapp.o(.constdata) refers to testmode1.o(i.AutoTestMode1) for AutoTestMode1
    spitestapp.o(.constdata) refers to testmode2.o(i.AutoTestMode2) for AutoTestMode2
    spitestapp.o(.constdata) refers to testmode3.o(i.AutoTestMode3) for AutoTestMode3
    spitestapp.o(.constdata) refers to testmode4.o(i.AutoTestMode4) for AutoTestMode4
    clock_config.o(i.BOARD_BootClockRUN) refers to fsl_clock.o(i.CLOCK_InitOsc0) for CLOCK_InitOsc0
    clock_config.o(i.BOARD_BootClockRUN) refers to clock_config.o(i.CLOCK_CONFIG_SetFllExtRefDiv) for CLOCK_CONFIG_SetFllExtRefDiv
    clock_config.o(i.BOARD_BootClockRUN) refers to fsl_clock.o(i.CLOCK_BootToPeeMode) for CLOCK_BootToPeeMode
    clock_config.o(i.BOARD_BootClockRUN) refers to fsl_clock.o(i.CLOCK_SetSimConfig) for CLOCK_SetSimConfig
    clock_config.o(i.BOARD_BootClockRUN) refers to clock_config.o(.constdata) for oscConfig_BOARD_BootClockRUN
    clock_config.o(i.BOARD_BootClockRUN) refers to fsl_clock.o(.data) for g_xtal0Freq
    clock_config.o(i.BOARD_BootClockRUN) refers to system_mk66f18.o(.data) for SystemCoreClock
    clock_config.o(i.BOARD_InitBootClocks) refers to clock_config.o(i.BOARD_BootClockRUN) for BOARD_BootClockRUN
    pin_mux.o(i.BOARD_InitBootPins) refers to pin_mux.o(i.BOARD_InitPins) for BOARD_InitPins
    pin_mux.o(i.BOARD_InitPins) refers to fsl_gpio.o(i.GPIO_PinInit) for GPIO_PinInit
    pin_mux.o(i.BOARD_InitPins) refers to pin_mux.o(i.PORT_SetPinMux) for PORT_SetPinMux
    pin_mux.o(i.BOARD_InitPins) refers to pin_mux.o(.constdata) for .constdata
    fsl_adc16.o(i.ADC16_Deinit) refers to fsl_adc16.o(i.ADC16_GetInstance) for ADC16_GetInstance
    fsl_adc16.o(i.ADC16_Deinit) refers to fsl_adc16.o(.constdata) for s_adc16Clocks
    fsl_adc16.o(i.ADC16_DoAutoCalibration) refers to fsl_adc16.o(i.ADC16_GetStatusFlags) for ADC16_GetStatusFlags
    fsl_adc16.o(i.ADC16_DoAutoCalibration) refers to fsl_adc16.o(i.ADC16_GetChannelStatusFlags) for ADC16_GetChannelStatusFlags
    fsl_adc16.o(i.ADC16_GetChannelStatusFlags) refers to assert.o(.text) for __aeabi_assert
    fsl_adc16.o(i.ADC16_GetDefaultConfig) refers to assert.o(.text) for __aeabi_assert
    fsl_adc16.o(i.ADC16_GetInstance) refers to assert.o(.text) for __aeabi_assert
    fsl_adc16.o(i.ADC16_GetInstance) refers to fsl_adc16.o(.constdata) for s_adc16Bases
    fsl_adc16.o(i.ADC16_Init) refers to assert.o(.text) for __aeabi_assert
    fsl_adc16.o(i.ADC16_Init) refers to fsl_adc16.o(i.ADC16_GetInstance) for ADC16_GetInstance
    fsl_adc16.o(i.ADC16_Init) refers to fsl_adc16.o(.constdata) for s_adc16Clocks
    fsl_adc16.o(i.ADC16_SetChannelConfig) refers to assert.o(.text) for __aeabi_assert
    fsl_adc16.o(i.ADC16_SetHardwareCompareConfig) refers to assert.o(.text) for __aeabi_assert
    fsl_cache.o(i.L1CACHE_CleanDCacheByRange) refers to fsl_cache.o(i.L1CACHE_CleanCodeCacheByRange) for L1CACHE_CleanCodeCacheByRange
    fsl_cache.o(i.L1CACHE_CleanInvalidateDCacheByRange) refers to fsl_cache.o(i.L1CACHE_CleanInvalidateCodeCacheByRange) for L1CACHE_CleanInvalidateCodeCacheByRange
    fsl_cache.o(i.L1CACHE_DisableCodeCache) refers to fsl_cache.o(i.L1CACHE_CleanCodeCache) for L1CACHE_CleanCodeCache
    fsl_cache.o(i.L1CACHE_EnableCodeCache) refers to fsl_cache.o(i.L1CACHE_InvalidateCodeCache) for L1CACHE_InvalidateCodeCache
    fsl_cache.o(i.L1CACHE_InvalidateICacheByRange) refers to fsl_cache.o(i.L1CACHE_InvalidateCodeCacheByRange) for L1CACHE_InvalidateCodeCacheByRange
    fsl_clock.o(i.CLOCK_BootToBlpeMode) refers to fsl_clock.o(i.CLOCK_SetExternalRefClkConfig) for CLOCK_SetExternalRefClkConfig
    fsl_clock.o(i.CLOCK_BootToBlpiMode) refers to fsl_clock.o(i.CLOCK_SetInternalRefClkConfig) for CLOCK_SetInternalRefClkConfig
    fsl_clock.o(i.CLOCK_BootToFeeMode) refers to fsl_clock.o(i.CLOCK_SetExternalRefClkConfig) for CLOCK_SetExternalRefClkConfig
    fsl_clock.o(i.CLOCK_BootToFeeMode) refers to fsl_clock.o(i.CLOCK_SetFeeMode) for CLOCK_SetFeeMode
[...]
    .ARM.Collect$$libshutdown$$00000010      0x0000048e   Section        2  libshutdown2.o(.ARM.Collect$$libshutdown$$00000010)
    .ARM.Collect$$rtentry$$00000000          0x00000490   Section        0  __rtentry.o(.ARM.Collect$$rtentry$$00000000)
    .ARM.Collect$$rtentry$$00000002          0x00000490   Section        0  __rtentry2.o(.ARM.Collect$$rtentry$$00000002)
    .ARM.Collect$$rtentry$$00000007          0x00000490   Section        4  __rtentry7.o(.ARM.Collect$$rtentry$$00000007)
    .ARM.Collect$$rtentry$$00000009          0x00000494   Section        0  __rtentry2.o(.ARM.Collect$$rtentry$$00000009)
    .ARM.Collect$$rtentry$$0000000A          0x00000494   Section        4  __rtentry2.o(.ARM.Collect$$rtentry$$0000000A)
    .ARM.Collect$$rtentry$$0000000C          0x00000498   Section        0  __rtentry2.o(.ARM.Collect$$rtentry$$0000000C)
    .ARM.Collect$$rtentry$$0000000D          0x00000498   Section        8  __rtentry2.o(.ARM.Collect$$rtentry$$0000000D)
    .ARM.Collect$$rtentry$$00002718          0x000004a0   Section        4  __rtentry7.o(.ARM.Collect$$rtentry$$00002718)
    __lit__00000000                          0x000004a0   Data           4  __rtentry7.o(.ARM.Collect$$rtentry$$00002718)
    .ARM.Collect$$rtexit$$00000000           0x000004a4   Section        2  rtexit.o(.ARM.Collect$$rtexit$$00000000)
    .ARM.Collect$$rtexit$$00000002           0x000004a6   Section        0  rtexit2.o(.ARM.Collect$$rtexit$$00000002)
    .ARM.Collect$$rtexit$$00000003           0x000004a6   Section        4  rtexit2.o(.ARM.Collect$$rtexit$$00000003)
    .ARM.Collect$$rtexit$$00000004           0x000004aa   Section        6  rtexit2.o(.ARM.Collect$$rtexit$$00000004)
    .text                                    0x000004b0   Section      500  startup_mk66f18.o(.text)
    $v0                                      0x000004b0   Number         0  startup_mk66f18.o(.text)
    .text                                    0x000006a4   Section      238  lludivv7m.o(.text)
    .text                                    0x00000794   Section        0  assert.o(.text)
    .text                                    0x00000814   Section       78  rt_memclr_w.o(.text)
    .text                                    0x00000862   Section        0  abort.o(.text)
    .text                                    0x00000878   Section        0  assert_puts.o(.text)
    .text                                    0x0000088c   Section        0  sys_wrch.o(.text)
    .text                                    0x0000089c   Section        0  sys_exit.o(.text)
    .text                                    0x000008a8   Section        0  defsig_abrt_outer.o(.text)
    .text                                    0x000008b6   Section        2  use_no_semi.o(.text)
    .text                                    0x000008b8   Section        0  indicate_semi.o(.text)
    .text                                    0x000008b8   Section        0  exit.o(.text)
    .text                                    0x000008ca   Section        0  defsig_exit.o(.text)
    .text                                    0x000008d4   Section        0  defsig_abrt_inner.o(.text)
    .text                                    0x00000904   Section        0  defsig_general.o(.text)
    i.ActivateSlaveSpi                       0x00000938   Section        0  i2commands.o(i.ActivateSlaveSpi)
    i.AutoTestMode3                          0x00000960   Section        0  testmode3.o(i.AutoTestMode3)
    i.AutoTestMode4                          0x00000ab0   Section        0  testmode4.o(i.AutoTestMode4)
    i.BOARD_BootClockRUN                     0x00000cec   Section        0  clock_config.o(i.BOARD_BootClockRUN)
    i.BOARD_InitBootClocks                   0x00000d4c   Section        0  clock_config.o(i.BOARD_InitBootClocks)
    i.BOARD_InitBootPins                     0x00000d54   Section        0  pin_mux.o(i.BOARD_InitBootPins)
    i.BOARD_InitPins                         0x00000d5c   Section        0  pin_mux.o(i.BOARD_InitPins)
    i.CAN0_DriverIRQHandler                  0x00000dcc   Section        0  fsl_flexcan.o(i.CAN0_DriverIRQHandler)
    i.CAN1_DriverIRQHandler                  0x00000e54   Section        0  fsl_flexcan.o(i.CAN1_DriverIRQHandler)
    i.CLOCK_BootToPeeMode                    0x00000edc   Section        0  fsl_clock.o(i.CLOCK_BootToPeeMode)
    i.CLOCK_CONFIG_SetFllExtRefDiv           0x00000f60   Section        0  clock_config.o(i.CLOCK_CONFIG_SetFllExtRefDiv)
    CLOCK_CONFIG_SetFllExtRefDiv             0x00000f61   Thumb Code    14  clock_config.o(i.CLOCK_CONFIG_SetFllExtRefDiv)
    i.CLOCK_EnablePll0                       0x00000f74   Section        0  fsl_clock.o(i.CLOCK_EnablePll0)
    i.CLOCK_GetEr32kClkFreq                  0x00000ffc   Section        0  fsl_clock.o(i.CLOCK_GetEr32kClkFreq)
    i.CLOCK_GetExtPllFreq                    0x00001098   Section        0  fsl_clock.o(i.CLOCK_GetExtPllFreq)
    i.CLOCK_GetFixedFreqClkFreq              0x000010a4   Section        0  fsl_clock.o(i.CLOCK_GetFixedFreqClkFreq)
    i.CLOCK_GetFllExtRefClkFreq              0x000010c0   Section        0  fsl_clock.o(i.CLOCK_GetFllExtRefClkFreq)
    CLOCK_GetFllExtRefClkFreq                0x000010c1   Thumb Code   108  fsl_clock.o(i.CLOCK_GetFllExtRefClkFreq)
    i.CLOCK_GetFllFreq                       0x00001130   Section        0  fsl_clock.o(i.CLOCK_GetFllFreq)
    i.CLOCK_GetFllRefClkFreq                 0x0000117c   Section        0  fsl_clock.o(i.CLOCK_GetFllRefClkFreq)
    CLOCK_GetFllRefClkFreq                   0x0000117d   Thumb Code    24  fsl_clock.o(i.CLOCK_GetFllRefClkFreq)
    i.CLOCK_GetFreq                          0x0000119c   Section        0  fsl_clock.o(i.CLOCK_GetFreq)
    i.CLOCK_GetInternalRefClkFreq            0x0000126c   Section        0  fsl_clock.o(i.CLOCK_GetInternalRefClkFreq)
    i.CLOCK_GetInternalRefClkSelectFreq      0x00001288   Section        0  fsl_clock.o(i.CLOCK_GetInternalRefClkSelectFreq)
    CLOCK_GetInternalRefClkSelectFreq        0x00001289   Thumb Code    32  fsl_clock.o(i.CLOCK_GetInternalRefClkSelectFreq)
    i.CLOCK_GetMcgExtClkFreq                 0x000012b4   Section        0  fsl_clock.o(i.CLOCK_GetMcgExtClkFreq)
    CLOCK_GetMcgExtClkFreq                   0x000012b5   Thumb Code    84  fsl_clock.o(i.CLOCK_GetMcgExtClkFreq)
    i.CLOCK_GetOsc0ErClkDivFreq              0x0000136c   Section        0  fsl_clock.o(i.CLOCK_GetOsc0ErClkDivFreq)
    i.CLOCK_GetOsc0ErClkUndivFreq            0x000013e0   Section        0  fsl_clock.o(i.CLOCK_GetOsc0ErClkUndivFreq)
    i.CLOCK_GetOscRangeFromFreq              0x0000144c   Section        0  fsl_clock.o(i.CLOCK_GetOscRangeFromFreq)
    CLOCK_GetOscRangeFromFreq                0x0000144d   Thumb Code    28  fsl_clock.o(i.CLOCK_GetOscRangeFromFreq)
    i.CLOCK_GetOutClkFreq                    0x0000146c   Section        0  fsl_clock.o(i.CLOCK_GetOutClkFreq)
    i.CLOCK_GetPll0Freq                      0x000014c4   Section        0  fsl_clock.o(i.CLOCK_GetPll0Freq)
    i.CLOCK_GetPll0RefFreq                   0x00001548   Section        0  fsl_clock.o(i.CLOCK_GetPll0RefFreq)
    CLOCK_GetPll0RefFreq                     0x00001549   Thumb Code     8  fsl_clock.o(i.CLOCK_GetPll0RefFreq)
    i.CLOCK_GetPllFllSelClkFreq              0x00001550   Section        0  fsl_clock.o(i.CLOCK_GetPllFllSelClkFreq)
    i.CLOCK_InitOsc0                         0x000015b0   Section        0  fsl_clock.o(i.CLOCK_InitOsc0)
    i.CLOCK_SetExternalRefClkConfig          0x00001624   Section        0  fsl_clock.o(i.CLOCK_SetExternalRefClkConfig)
    i.CLOCK_SetPbeMode                       0x00001660   Section        0  fsl_clock.o(i.CLOCK_SetPbeMode)
    i.CLOCK_SetSimConfig                     0x00001734   Section        0  fsl_clock.o(i.CLOCK_SetSimConfig)
    i.ChnlEnable                             0x0000177c   Section        0  i2commands.o(i.ChnlEnable)
    i.DMA0_DMA16_DriverIRQHandler            0x0000182c   Section        0  fsl_edma.o(i.DMA0_DMA16_DriverIRQHandler)
    i.DMA10_DMA26_DriverIRQHandler           0x00001874   Section        0  fsl_edma.o(i.DMA10_DMA26_DriverIRQHandler)
    i.DMA11_DMA27_DriverIRQHandler           0x000018bc   Section        0  fsl_edma.o(i.DMA11_DMA27_DriverIRQHandler)
    i.DMA12_DMA28_DriverIRQHandler           0x00001904   Section        0  fsl_edma.o(i.DMA12_DMA28_DriverIRQHandler)
    i.DMA13_DMA29_DriverIRQHandler           0x0000194c   Section        0  fsl_edma.o(i.DMA13_DMA29_DriverIRQHandler)
    i.DMA14_DMA30_DriverIRQHandler           0x00001994   Section        0  fsl_edma.o(i.DMA14_DMA30_DriverIRQHandler)
    i.DMA14_DMA30_IRQHandler                 0x000019dc   Section        0  dma.o(i.DMA14_DMA30_IRQHandler)
    i.DMA15_DMA31_DriverIRQHandler           0x000019f4   Section        0  fsl_edma.o(i.DMA15_DMA31_DriverIRQHandler)
    i.DMA1_DMA17_DriverIRQHandler            0x00001a3c   Section        0  fsl_edma.o(i.DMA1_DMA17_DriverIRQHandler)
    i.DMA2_DMA18_DriverIRQHandler            0x00001a84   Section        0  fsl_edma.o(i.DMA2_DMA18_DriverIRQHandler)
    i.DMA3_DMA19_DriverIRQHandler            0x00001acc   Section        0  fsl_edma.o(i.DMA3_DMA19_DriverIRQHandler)
    i.DMA4_DMA20_DriverIRQHandler            0x00001b14   Section        0  fsl_edma.o(i.DMA4_DMA20_DriverIRQHandler)
    i.DMA5_DMA21_DriverIRQHandler            0x00001b5c   Section        0  fsl_edma.o(i.DMA5_DMA21_DriverIRQHandler)
    i.DMA6_DMA22_DriverIRQHandler            0x00001ba4   Section        0  fsl_edma.o(i.DMA6_DMA22_DriverIRQHandler)
    i.DMA7_DMA23_DriverIRQHandler            0x00001bec   Section        0  fsl_edma.o(i.DMA7_DMA23_DriverIRQHandler)
    i.DMA8_DMA24_DriverIRQHandler            0x00001c34   Section        0  fsl_edma.o(i.DMA8_DMA24_DriverIRQHandler)
    i.DMA9_DMA25_DriverIRQHandler            0x00001c7c   Section        0  fsl_edma.o(i.DMA9_DMA25_DriverIRQHandler)
    i.DMAMUX_GetInstance                     0x00001cc4   Section        0  fsl_dmamux.o(i.DMAMUX_GetInstance)
    DMAMUX_GetInstance                       0x00001cc5   Thumb Code    46  fsl_dmamux.o(i.DMAMUX_GetInstance)
    i.DMAMUX_Init                            0x00001d4c   Section        0  fsl_dmamux.o(i.DMAMUX_Init)
    i.DSPI_CommonIRQHandler                  0x00001d78   Section        0  fsl_dspi.o(i.DSPI_CommonIRQHandler)
    DSPI_CommonIRQHandler                    0x00001d79   Thumb Code    54  fsl_dspi.o(i.DSPI_CommonIRQHandler)
    i.DSPI_GetInstance                       0x00001db8   Section        0  fsl_dspi.o(i.DSPI_GetInstance)
    i.DSPI_IsMaster                          0x00001e3c   Section        0  fsl_dspi.o(i.DSPI_IsMaster)
    DSPI_IsMaster                            0x00001e3d   Thumb Code    18  fsl_dspi.o(i.DSPI_IsMaster)
    i.DSPI_MasterSetBaudRate                 0x00001e50   Section        0  fsl_dspi.o(i.DSPI_MasterSetBaudRate)
    i.DSPI_MasterSetDelayScaler              0x00001f18   Section        0  fsl_dspi.o(i.DSPI_MasterSetDelayScaler)
    i.DSPI_MasterSetDelayTimes               0x00002014   Section        0  fsl_dspi.o(i.DSPI_MasterSetDelayTimes)
    i.DmaInit                                0x000020f4   Section        0  dma.o(i.DmaInit)
    i.EDMA_GetChannelStatusFlags             0x0000219c   Section        0  fsl_edma.o(i.EDMA_GetChannelStatusFlags)
    i.EDMA_HandleIRQ                         0x00002244   Section        0  fsl_edma.o(i.EDMA_HandleIRQ)
    i.ENET_1588_Timer_IRQHandler             0x00002354   Section        0  fsl_enet.o(i.ENET_1588_Timer_IRQHandler)
    i.ENET_Error_IRQHandler                  0x00002380   Section        0  fsl_enet.o(i.ENET_Error_IRQHandler)
    i.ENET_Receive_IRQHandler                0x000023ac   Section        0  fsl_enet.o(i.ENET_Receive_IRQHandler)
    i.ENET_Transmit_IRQHandler               0x000023d8   Section        0  fsl_enet.o(i.ENET_Transmit_IRQHandler)
    i.EnableContMode                         0x00002404   Section        0  i2commands.o(i.EnableContMode)
    i.FrameSizeSet                           0x00002458   Section        0  i2commands.o(i.FrameSizeSet)
    i.GPIO_PinInit                           0x000024e8   Section        0  fsl_gpio.o(i.GPIO_PinInit)
    i.I2C0_DriverIRQHandler                  0x00002574   Section        0  fsl_i2c.o(i.I2C0_DriverIRQHandler)
    i.I2C1_DriverIRQHandler                  0x0000258c   Section        0  fsl_i2c.o(i.I2C1_DriverIRQHandler)
    i.I2C2_DriverIRQHandler                  0x000025a4   Section        0  fsl_i2c.o(i.I2C2_DriverIRQHandler)
    i.I2C3_DriverIRQHandler                  0x000025bc   Section        0  fsl_i2c.o(i.I2C3_DriverIRQHandler)
    i.I2C_TransferCommonIRQHandler           0x000025d4   Section        0  fsl_i2c.o(i.I2C_TransferCommonIRQHandler)
    I2C_TransferCommonIRQHandler             0x000025d5   Thumb Code    66  fsl_i2c.o(i.I2C_TransferCommonIRQHandler)
    i.I2S0_Rx_DriverIRQHandler               0x00002620   Section        0  fsl_sai.o(i.I2S0_Rx_DriverIRQHandler)
    i.I2S0_Tx_DriverIRQHandler               0x0000269c   Section        0  fsl_sai.o(i.I2S0_Tx_DriverIRQHandler)
    i.InitSetup                              0x00002718   Section        0  spitestapp.o(i.InitSetup)
    i.LPUART0_DriverIRQHandler               0x0000272c   Section        0  fsl_lpuart.o(i.LPUART0_DriverIRQHandler)
    i.PIT_GetInstance                        0x00002758   Section        0  fsl_pit.o(i.PIT_GetInstance)
    PIT_GetInstance                          0x00002759   Thumb Code    46  fsl_pit.o(i.PIT_GetInstance)
    i.PIT_Init                               0x000027d8   Section        0  fsl_pit.o(i.PIT_Init)
    i.PORT_SetPinMux                         0x00002890   Section        0  pin_mux.o(i.PORT_SetPinMux)
    PORT_SetPinMux                           0x00002891   Thumb Code    14  pin_mux.o(i.PORT_SetPinMux)
    i.PitInit                                0x000028a0   Section        0  timers.o(i.PitInit)
    i.ReadBurst16                            0x00002938   Section        0  i2commands.o(i.ReadBurst16)
    i.ReadReg16                              0x000029d4   Section        0  i2commands.o(i.ReadReg16)
    i.ReadReg8                               0x00002a54   Section        0  i2commands.o(i.ReadReg8)
    i.ReadSpi                                0x00002a7c   Section        0  spicomm.o(i.ReadSpi)
    i.ReadSpiBurst                           0x00002ac0   Section        0  spicomm.o(i.ReadSpiBurst)
    i.SDHC_DriverIRQHandler                  0x00002b08   Section        0  fsl_sdhc.o(i.SDHC_DriverIRQHandler)
    i.SPI0_DriverIRQHandler                  0x00002b84   Section        0  fsl_dspi.o(i.SPI0_DriverIRQHandler)
    i.SPI1_DriverIRQHandler                  0x00002bf4   Section        0  fsl_dspi.o(i.SPI1_DriverIRQHandler)
    i.SPI2_DriverIRQHandler                  0x00002c64   Section        0  fsl_dspi.o(i.SPI2_DriverIRQHandler)
    i.SendSpi                                0x00002cd4   Section        0  spicomm.o(i.SendSpi)
    i.SendStartConv                          0x00002d10   Section        0  i2commands.o(i.SendStartConv)
    i.SendStopConv                           0x00002d26   Section        0  i2commands.o(i.SendStopConv)
    i.SetBurst                               0x00002d3c   Section        0  i2commands.o(i.SetBurst)
    i.SetConvRate                            0x00002dd8   Section        0  i2commands.o(i.SetConvRate)
    i.SetRunMode                             0x00002e64   Section        0  i2commands.o(i.SetRunMode)
    i.SpiInit                                0x00002ee4   Section        0  spicomm.o(i.SpiInit)
    i.StartDma                               0x00002fbc   Section        0  dma.o(i.StartDma)
    i.StartSpiTransfer                       0x0000300c   Section        0  spicomm.o(i.StartSpiTransfer)
    StartSpiTransfer                         0x0000300d   Thumb Code    14  spicomm.o(i.StartSpiTransfer)
    i.StopDma                                0x00003020   Section        0  dma.o(i.StopDma)
    i.SysTickDelayUs                         0x00003034   Section        0  timers.o(i.SysTickDelayUs)
    i.SystemInit                             0x00003088   Section        0  system_mk66f18.o(i.SystemInit)
    i.SystemInitHook                         0x000030b8   Section        0  system_mk66f18.o(i.SystemInitHook)
    i.UART0_DriverIRQHandler                 0x000030bc   Section        0  fsl_uart.o(i.UART0_DriverIRQHandler)
    i.UART0_RX_TX_DriverIRQHandler           0x000030e8   Section        0  fsl_uart.o(i.UART0_RX_TX_DriverIRQHandler)
    i.UART1_DriverIRQHandler                 0x00003100   Section        0  fsl_uart.o(i.UART1_DriverIRQHandler)
    i.UART1_RX_TX_DriverIRQHandler           0x0000312c   Section        0  fsl_uart.o(i.UART1_RX_TX_DriverIRQHandler)
    i.UART2_DriverIRQHandler                 0x00003144   Section        0  fsl_uart.o(i.UART2_DriverIRQHandler)
    i.UART2_RX_TX_DriverIRQHandler           0x00003170   Section        0  fsl_uart.o(i.UART2_RX_TX_DriverIRQHandler)
    i.UART3_DriverIRQHandler                 0x00003188   Section        0  fsl_uart.o(i.UART3_DriverIRQHandler)
    i.UART3_RX_TX_DriverIRQHandler           0x000031b4   Section        0  fsl_uart.o(i.UART3_RX_TX_DriverIRQHandler)
    i.UART4_DriverIRQHandler                 0x000031cc   Section        0  fsl_uart.o(i.UART4_DriverIRQHandler)
    i.UART4_RX_TX_DriverIRQHandler           0x000031f8   Section        0  fsl_uart.o(i.UART4_RX_TX_DriverIRQHandler)
    i.WaitTillIdle                           0x00003210   Section        0  i2commands.o(i.WaitTillIdle)
    i.WriteReg16                             0x00003228   Section        0  i2commands.o(i.WriteReg16)
    i.WriteReg8                              0x000032a0   Section        0  i2commands.o(i.WriteReg8)
    i.main                                   0x000032d4   Section        0  mainapp.o(i.main)
    x$fpl$ddiv                               0x000032ec   Section      688  ddiv.o(x$fpl$ddiv)
    $v0                                      0x000032ec   Number         0  ddiv.o(x$fpl$ddiv)
    ddiv_entry                               0x000032f3   Thumb Code     0  ddiv.o(x$fpl$ddiv)
    x$fpl$dfix                               0x0000359c   Section       94  dfix.o(x$fpl$dfix)
    $v0                                      0x0000359c   Number         0  dfix.o(x$fpl$dfix)
    x$fpl$dfltu                              0x000035fa   Section       38  dflt_clz.o(x$fpl$dfltu)
    $v0                                      0x000035fa   Number         0  dflt_clz.o(x$fpl$dfltu)
    x$fpl$dmul                               0x00003620   Section      340  dmul.o(x$fpl$dmul)
    $v0                                      0x00003620   Number         0  dmul.o(x$fpl$dmul)
    x$fpl$dnaninf                            0x00003774   Section      156  dnaninf.o(x$fpl$dnaninf)
    $v0                                      0x00003774   Number         0  dnaninf.o(x$fpl$dnaninf)
    x$fpl$dretinf                            0x00003810   Section       12  dretinf.o(x$fpl$dretinf)
    $v0                                      0x00003810   Number         0  dretinf.o(x$fpl$dretinf)
    x$fpl$fpinit                             0x0000381c   Section       10  fpinit.o(x$fpl$fpinit)
    $v0                                      0x0000381c   Number         0  fpinit.o(x$fpl$fpinit)
    x$fpl$usenofp                            0x00003826   Section        0  usenofp.o(x$fpl$usenofp)
    .constdata                               0x00003828   Section       28  clock_config.o(.constdata)
    .constdata                               0x00003844   Section        2  pin_mux.o(.constdata)
    .constdata                               0x00003848   Section       96  fsl_clock.o(.constdata)
    mcgModeMatrix                            0x00003848   Data          64  fsl_clock.o(.constdata)
    fllFactorTable                           0x00003888   Data          16  fsl_clock.o(.constdata)
    trimRange                                0x00003898   Data          16  fsl_clock.o(.constdata)
    .constdata                               0x000038a8   Section        8  fsl_dmamux.o(.constdata)
    s_dmamuxBases                            0x000038a8   Data           4  fsl_dmamux.o(.constdata)
    s_dmamuxClockName                        0x000038ac   Data           4  fsl_dmamux.o(.constdata)
    .constdata                               0x000038b0   Section      193  fsl_dspi.o(.constdata)
    s_baudratePrescaler                      0x000038b0   Data          16  fsl_dspi.o(.constdata)
    s_baudrateScaler                         0x000038c0   Data          64  fsl_dspi.o(.constdata)
    s_delayPrescaler                         0x00003900   Data          16  fsl_dspi.o(.constdata)
    s_delayScaler                            0x00003910   Data          64  fsl_dspi.o(.constdata)
    s_dspiBases                              0x00003950   Data          12  fsl_dspi.o(.constdata)
    s_dspiIRQ                                0x0000395c   Data           3  fsl_dspi.o(.constdata)
    s_dspiClock                              0x00003960   Data          12  fsl_dspi.o(.constdata)
    .constdata                               0x00003974   Section        8  fsl_pit.o(.constdata)
    s_pitBases                               0x00003974   Data           4  fsl_pit.o(.constdata)
    s_pitClocks                              0x00003978   Data           4  fsl_pit.o(.constdata)
    .constdata                               0x0000397c   Section       12  spicomm.o(.constdata)
    .data                                    0x20000000   Section       20  spitestapp.o(.data)
    .data                                    0x20000014   Section       20  fsl_clock.o(.data)
    s_slowIrcFreq                            0x20000014   Data           4  fsl_clock.o(.data)
    s_fastIrcFreq                            0x20000018   Data           4  fsl_clock.o(.data)
    s_extPllFreq                             0x2000001c   Data           4  fsl_clock.o(.data)
    .data                                    0x20000028   Section       11  fsl_dspi.o(.data)
    s_dspiMasterIsr                          0x20000028   Data           4  fsl_dspi.o(.data)
    s_dspiSlaveIsr                           0x2000002c   Data           4  fsl_dspi.o(.data)
    .data                                    0x20000034   Section       20  fsl_enet.o(.data)
    s_ENETHandle                             0x20000034   Data           4  fsl_enet.o(.data)
    s_enetTxIsr                              0x20000038   Data           4  fsl_enet.o(.data)
    s_enetRxIsr                              0x2000003c   Data           4  fsl_enet.o(.data)
    s_enetErrIsr                             0x20000040   Data           4  fsl_enet.o(.data)
    s_enetTsIsr                              0x20000044   Data           4  fsl_enet.o(.data)
    .data                                    0x20000048   Section       12  fsl_flexcan.o(.data)
    s_flexcanHandle                          0x20000048   Data           8  fsl_flexcan.o(.data)
    s_flexcanIsr                             0x20000050   Data           4  fsl_flexcan.o(.data)
    .data                                    0x20000054   Section        8  fsl_i2c.o(.data)
    s_i2cMasterIsr                           0x20000054   Data           4  fsl_i2c.o(.data)
    s_i2cSlaveIsr                            0x20000058   Data           4  fsl_i2c.o(.data)
    .data                                    0x2000005c   Section        8  fsl_lpuart.o(.data)
    s_lpuartHandle                           0x2000005c   Data           4  fsl_lpuart.o(.data)
    s_lpuartIsr                              0x20000060   Data           4  fsl_lpuart.o(.data)
    .data                                    0x20000064   Section       16  fsl_sai.o(.data)
    s_saiHandle                              0x20000064   Data           8  fsl_sai.o(.data)
    s_saiTxIsr                               0x2000006c   Data           4  fsl_sai.o(.data)
    s_saiRxIsr                               0x20000070   Data           4  fsl_sai.o(.data)
    .data                                    0x20000074   Section        8  fsl_sdhc.o(.data)
    s_sdhcHandle                             0x20000074   Data           4  fsl_sdhc.o(.data)
    s_sdhcIsr                                0x20000078   Data           4  fsl_sdhc.o(.data)
    .data                                    0x2000007c   Section        4  fsl_uart.o(.data)
    s_uartIsr                                0x2000007c   Data           4  fsl_uart.o(.data)
    .data                                    0x20000080   Section        4  system_mk66f18.o(.data)
    .data                                    0x20000084   Section        3  i2commands.o(.data)
    .bss                                     0x20000088   Section       12  fsl_dspi.o(.bss)
    g_dspiHandle                             0x20000088   Data          12  fsl_dspi.o(.bss)
    .bss                                     0x20000094   Section      128  fsl_edma.o(.bss)
    s_EDMAHandle                             0x20000094   Data         128  fsl_edma.o(.bss)
    .bss                                     0x20000114   Section       16  fsl_i2c.o(.bss)
    s_i2cHandle                              0x20000114   Data          16  fsl_i2c.o(.bss)
    .bss                                     0x20000124   Section       20  fsl_uart.o(.bss)
    s_uartHandle                             0x20000124   Data          20  fsl_uart.o(.bss)

    Global Symbols

    Symbol Name                              Value     Ov Type        Size  Object(Section)

    BuildAttributes$$THM_ISAv4$E$P$D$K$B$S$7EM$VFPi3$EXTD16$VFPS$VFMA$PE$A:L22UL41UL21$X:L11$S22US41US21$IEEE1$IW$USESV6$~STKCKD$USESV7$~SHL$OTIME$ROPI$EBA8$UX$STANDARDLIB$REQ8$PRES8$EABIv2 0x00000000   Number         0  anon$$obj.o ABSOLUTE
    __ARM_use_no_argv                        0x00000000   Number         0  mainapp.o ABSOLUTE
    __Vectors                                0x00000000   Data           4  startup_mk66f18.o(RESET)
    Image$$ZI$$Limit                          - Undefined Weak Reference
    __ARM_exceptions_init                     - Undefined Weak Reference
    __alloca_initialize                       - Undefined Weak Reference
    __arm_preinit_                            - Undefined Weak Reference
    __cpp_initialize__aeabi_                  - Undefined Weak Reference
    __cxa_finalize                            - Undefined Weak Reference
    __rt_locale                               - Undefined Weak Reference
    __sigvec_lookup                           - Undefined Weak Reference
    __user_heap_extent                        - Undefined Weak Reference
    _atexit_init                              - Undefined Weak Reference
    _call_atexit_fns                          - Undefined Weak Reference
    _clock_init                               - Undefined Weak Reference
    _fp_trap_init                             - Undefined Weak Reference
    _fp_trap_shutdown                         - Undefined Weak Reference
    _get_lc_collate                           - Undefined Weak Reference
    _get_lc_ctype                             - Undefined Weak Reference
    _get_lc_monetary                          - Undefined Weak Reference
    _get_lc_numeric                           - Undefined Weak Reference
    _get_lc_time                              - Undefined Weak Reference
    _getenv_init                              - Undefined Weak Reference
    _handle_redirection                       - Undefined Weak Reference
    _initio                                   - Undefined Weak Reference
    _mutex_acquire                            - Undefined Weak Reference
    _mutex_free                               - Undefined Weak Reference
    _mutex_release                            - Undefined Weak Reference
    _rand_init                                - Undefined Weak Reference
    _signal_finish                            - Undefined Weak Reference
    _signal_init                              - Undefined Weak Reference
    _terminateio                              - Undefined Weak Reference
    __Vectors_End                            0x00000400   Data           0  startup_mk66f18.o(RESET)
    __Vectors_Size                           0x00000400   Number         0  startup_mk66f18.o ABSOLUTE
    __main                                   0x00000411   Thumb Code     8  __main.o(!!!main)
    __scatterload                            0x00000419   Thumb Code     0  __scatter.o(!!!scatter)
    __scatterload_rt2                        0x00000419   Thumb Code    44  __scatter.o(!!!scatter)
    __scatterload_rt2_thumb_only             0x00000419   Thumb Code     0  __scatter.o(!!!scatter)
    __scatterload_null                       0x00000427   Thumb Code     0  __scatter.o(!!!scatter)
    __scatterload_copy                       0x0000044d   Thumb Code    26  __scatter_copy.o(!!handler_copy)
    __scatterload_zeroinit                   0x00000469   Thumb Code    28  __scatter_zi.o(!!handler_zi)
    __rt_lib_init                            0x00000485   Thumb Code     0  libinit.o(.ARM.Collect$$libinit$$00000000)
    __rt_lib_init_fp_1                       0x00000487   Thumb Code     0  libinit2.o(.ARM.Collect$$libinit$$00000001)
    __rt_lib_init_alloca_1                   0x0000048b   Thumb Code     0  libinit2.o(.ARM.Collect$$libinit$$0000002E)
    __rt_lib_init_argv_1                     0x0000048b   Thumb Code     0  libinit2.o(.ARM.Collect$$libinit$$0000002C)
    __rt_lib_init_atexit_1                   0x0000048b   Thumb Code     0  libinit2.o(.ARM.Collect$$libinit$$0000001B)
    __rt_lib_init_clock_1                    0x0000048b   Thumb Code     0  libinit2.o(.ARM.Collect$$libinit$$00000021)
    __rt_lib_init_cpp_1                      0x0000048b   Thumb Code     0  libinit2.o(.ARM.Collect$$libinit$$00000032)
    __rt_lib_init_exceptions_1               0x0000048b   Thumb Code     0  libinit2.o(.ARM.Collect$$libinit$$00000030)
    __rt_lib_init_fp_trap_1                  0x0000048b   Thumb Code     0  libinit2.o(.ARM.Collect$$libinit$$0000001F)
    __rt_lib_init_getenv_1                   0x0000048b   Thumb Code     0  libinit2.o(.ARM.Collect$$libinit$$00000023)
    __rt_lib_init_heap_1                     0x0000048b   Thumb Code     0  libinit2.o(.ARM.Collect$$libinit$$0000000A)
    __rt_lib_init_lc_collate_1               0x0000048b   Thumb Code     0  libinit2.o(.ARM.Collect$$libinit$$00000011)
    __rt_lib_init_lc_ctype_1                 0x0000048b   Thumb Code     0  libinit2.o(.ARM.Collect$$libinit$$00000013)
    __rt_lib_init_lc_monetary_1              0x0000048b   Thumb Code     0  libinit2.o(.ARM.Collect$$libinit$$00000015)
    __rt_lib_init_lc_numeric_1               0x0000048b   Thumb Code     0  libinit2.o(.ARM.Collect$$libinit$$00000017)
    __rt_lib_init_lc_time_1                  0x0000048b   Thumb Code     0  libinit2.o(.ARM.Collect$$libinit$$00000019)
    __rt_lib_init_preinit_1                  0x0000048b   Thumb Code     0  libinit2.o(.ARM.Collect$$libinit$$00000004)
    __rt_lib_init_rand_1                     0x0000048b   Thumb Code     0  libinit2.o(.ARM.Collect$$libinit$$0000000E)
    __rt_lib_init_return                     0x0000048b   Thumb Code     0  libinit2.o(.ARM.Collect$$libinit$$00000033)
    __rt_lib_init_signal_1                   0x0000048b   Thumb Code     0  libinit2.o(.ARM.Collect$$libinit$$0000001D)
    __rt_lib_init_stdio_1                    0x0000048b   Thumb Code     0  libinit2.o(.ARM.Collect$$libinit$$00000025)
    __rt_lib_init_user_alloc_1               0x0000048b   Thumb Code     0  libinit2.o(.ARM.Collect$$libinit$$0000000C)
    __rt_lib_shutdown                        0x0000048d   Thumb Code     0  libshutdown.o(.ARM.Collect$$libshutdown$$00000000)
    __rt_lib_shutdown_cpp_1                  0x0000048f   Thumb Code     0  libshutdown2.o(.ARM.Collect$$libshutdown$$00000002)
    __rt_lib_shutdown_fp_trap_1              0x0000048f   Thumb Code     0  libshutdown2.o(.ARM.Collect$$libshutdown$$00000007)
    __rt_lib_shutdown_heap_1                 0x0000048f   Thumb Code     0  libshutdown2.o(.ARM.Collect$$libshutdown$$0000000F)
    __rt_lib_shutdown_return                 0x0000048f   Thumb Code     0  libshutdown2.o(.ARM.Collect$$libshutdown$$00000010)
    __rt_lib_shutdown_signal_1               0x0000048f   Thumb Code     0  libshutdown2.o(.ARM.Collect$$libshutdown$$0000000A)
    __rt_lib_shutdown_stdio_1                0x0000048f   Thumb Code     0  libshutdown2.o(.ARM.Collect$$libshutdown$$00000004)
    __rt_lib_shutdown_user_alloc_1           0x0000048f   Thumb Code     0  libshutdown2.o(.ARM.Collect$$libshutdown$$0000000C)
    __rt_entry                               0x00000491   Thumb Code     0  __rtentry.o(.ARM.Collect$$rtentry$$00000000)
    __rt_entry_presh_1                       0x00000491   Thumb Code     0  __rtentry2.o(.ARM.Collect$$rtentry$$00000002)
    __rt_entry_sh                            0x00000491   Thumb Code     0  __rtentry7.o(.ARM.Collect$$rtentry$$00000007)
    __rt_entry_li                            0x00000495   Thumb Code     0  __rtentry2.o(.ARM.Collect$$rtentry$$0000000A)
    __rt_entry_postsh_1                      0x00000495   Thumb Code     0  __rtentry2.o(.ARM.Collect$$rtentry$$00000009)
    __rt_entry_main                          0x00000499   Thumb Code     0  __rtentry2.o(.ARM.Collect$$rtentry$$0000000D)
    __rt_entry_postli_1                      0x00000499   Thumb Code     0  __rtentry2.o(.ARM.Collect$$rtentry$$0000000C)
    __rt_exit                                0x000004a5   Thumb Code     0  rtexit.o(.ARM.Collect$$rtexit$$00000000)
    __rt_exit_ls                             0x000004a7   Thumb Code     0  rtexit2.o(.ARM.Collect$$rtexit$$00000003)
    __rt_exit_prels_1                        0x000004a7   Thumb Code     0  rtexit2.o(.ARM.Collect$$rtexit$$00000002)
    __rt_exit_exit                           0x000004ab   Thumb Code     0  rtexit2.o(.ARM.Collect$$rtexit$$00000004)
    Reset_Handler                            0x000004b1   Thumb Code    24  startup_mk66f18.o(.text)
    NMI_Handler                              0x000004c9   Thumb Code     2  startup_mk66f18.o(.text)
    HardFault_Handler                        0x000004cb   Thumb Code     2  startup_mk66f18.o(.text)
    MemManage_Handler                        0x000004cd   Thumb Code     2  startup_mk66f18.o(.text)
    BusFault_Handler                         0x000004cf   Thumb Code     2  startup_mk66f18.o(.text)
    UsageFault_Handler                       0x000004d1   Thumb Code     2  startup_mk66f18.o(.text)
    SVC_Handler                              0x000004d3   Thumb Code     2  startup_mk66f18.o(.text)
    DebugMon_Handler                         0x000004d5   Thumb Code     2  startup_mk66f18.o(.text)
    PendSV_Handler                           0x000004d7   Thumb Code     2  startup_mk66f18.o(.text)
    SysTick_Handler                          0x000004d9   Thumb Code     2  startup_mk66f18.o(.text)
    DMA0_DMA16_IRQHandler                    0x000004db   Thumb Code     4  startup_mk66f18.o(.text)
    DMA1_DMA17_IRQHandler                    0x000004df   Thumb Code     4  startup_mk66f18.o(.text)
    DMA2_DMA18_IRQHandler                    0x000004e3   Thumb Code     4  startup_mk66f18.o(.text)
    DMA3_DMA19_IRQHandler                    0x000004e7   Thumb Code     4  startup_mk66f18.o(.text)
    DMA4_DMA20_IRQHandler                    0x000004eb   Thumb Code     4  startup_mk66f18.o(.text)
    DMA5_DMA21_IRQHandler                    0x000004ef   Thumb Code     4  startup_mk66f18.o(.text)
    DMA6_DMA22_IRQHandler                    0x000004f3   Thumb Code     4  startup_mk66f18.o(.text)
    DMA7_DMA23_IRQHandler                    0x000004f7   Thumb Code     4  startup_mk66f18.o(.text)
    DMA8_DMA24_IRQHandler                    0x000004fb   Thumb Code     4  startup_mk66f18.o(.text)
    DMA9_DMA25_IRQHandler                    0x000004ff   Thumb Code     4  startup_mk66f18.o(.text)
    DMA10_DMA26_IRQHandler                   0x00000503   Thumb Code     4  startup_mk66f18.o(.text)
    DMA11_DMA27_IRQHandler                   0x00000507   Thumb Code     4  startup_mk66f18.o(.text)
    DMA12_DMA28_IRQHandler                   0x0000050b   Thumb Code     4  startup_mk66f18.o(.text)
    DMA13_DMA29_IRQHandler                   0x0000050f   Thumb Code     4  startup_mk66f18.o(.text)
    DMA15_DMA31_IRQHandler                   0x00000517   Thumb Code     4  startup_mk66f18.o(.text)
    DMA_Error_IRQHandler                     0x0000051b   Thumb Code     4  startup_mk66f18.o(.text)
    I2C0_IRQHandler                          0x0000051f   Thumb Code     4  startup_mk66f18.o(.text)
    I2C1_IRQHandler                          0x00000523   Thumb Code     4  startup_mk66f18.o(.text)
    SPI0_IRQHandler                          0x00000527   Thumb Code     4  startup_mk66f18.o(.text)
    SPI1_IRQHandler                          0x0000052b   Thumb Code     4  startup_mk66f18.o(.text)
    I2S0_Tx_IRQHandler                       0x0000052f   Thumb Code     4  startup_mk66f18.o(.text)
    I2S0_Rx_IRQHandler                       0x00000533   Thumb Code     4  startup_mk66f18.o(.text)
    UART0_RX_TX_IRQHandler                   0x00000537   Thumb Code     4  startup_mk66f18.o(.text)
    UART0_ERR_IRQHandler                     0x0000053b   Thumb Code     4  startup_mk66f18.o(.text)
    UART1_RX_TX_IRQHandler                   0x0000053f   Thumb Code     4  startup_mk66f18.o(.text)
    UART1_ERR_IRQHandler                     0x00000543   Thumb Code     4  startup_mk66f18.o(.text)
    UART2_RX_TX_IRQHandler                   0x00000547   Thumb Code     4  startup_mk66f18.o(.text)
    UART2_ERR_IRQHandler                     0x0000054b   Thumb Code     4  startup_mk66f18.o(.text)
    UART3_RX_TX_IRQHandler                   0x0000054f   Thumb Code     4  startup_mk66f18.o(.text)
    UART3_ERR_IRQHandler                     0x00000553   Thumb Code     4  startup_mk66f18.o(.text)
    SPI2_IRQHandler                          0x00000557   Thumb Code     4  startup_mk66f18.o(.text)
    UART4_RX_TX_IRQHandler                   0x0000055b   Thumb Code     4  startup_mk66f18.o(.text)
    UART4_ERR_IRQHandler                     0x0000055f   Thumb Code     4  startup_mk66f18.o(.text)
    I2C2_IRQHandler                          0x00000563   Thumb Code     4  startup_mk66f18.o(.text)
    CAN0_ORed_Message_buffer_IRQHandler      0x00000567   Thumb Code     4  startup_mk66f18.o(.text)
    CAN0_Bus_Off_IRQHandler                  0x0000056b   Thumb Code     4  startup_mk66f18.o(.text)
    CAN0_Error_IRQHandler                    0x0000056f   Thumb Code     4  startup_mk66f18.o(.text)
    CAN0_Tx_Warning_IRQHandler               0x00000573   Thumb Code     4  startup_mk66f18.o(.text)
    CAN0_Rx_Warning_IRQHandler               0x00000577   Thumb Code     4  startup_mk66f18.o(.text)
    CAN0_Wake_Up_IRQHandler                  0x0000057b   Thumb Code     4  startup_mk66f18.o(.text)
    SDHC_IRQHandler                          0x0000057f   Thumb Code     4  startup_mk66f18.o(.text)
    LPUART0_IRQHandler                       0x00000593   Thumb Code     4  startup_mk66f18.o(.text)
    I2C3_IRQHandler                          0x00000597   Thumb Code     4  startup_mk66f18.o(.text)
    CAN1_ORed_Message_buffer_IRQHandler      0x0000059b   Thumb Code     4  startup_mk66f18.o(.text)
    CAN1_Bus_Off_IRQHandler                  0x0000059f   Thumb Code     4  startup_mk66f18.o(.text)
    CAN1_Error_IRQHandler                    0x000005a3   Thumb Code     4  startup_mk66f18.o(.text)
    CAN1_Tx_Warning_IRQHandler               0x000005a7   Thumb Code     4  startup_mk66f18.o(.text)
    CAN1_Rx_Warning_IRQHandler               0x000005ab   Thumb Code     4  startup_mk66f18.o(.text)
    CAN1_Wake_Up_IRQHandler                  0x000005af   Thumb Code     4  startup_mk66f18.o(.text)
    ADC0_IRQHandler                          0x000005b3   Thumb Code     0  startup_mk66f18.o(.text)
    ADC1_IRQHandler                          0x000005b3   Thumb Code     0  startup_mk66f18.o(.text)
    CMP0_IRQHandler                          0x000005b3   Thumb Code     0  startup_mk66f18.o(.text)
    CMP1_IRQHandler                          0x000005b3   Thumb Code     0  startup_mk66f18.o(.text)
    CMP2_IRQHandler                          0x000005b3   Thumb Code     0  startup_mk66f18.o(.text)
    CMP3_IRQHandler                          0x000005b3   Thumb Code     0  startup_mk66f18.o(.text)
    CMT_IRQHandler                           0x000005b3   Thumb Code     0  startup_mk66f18.o(.text)
    DAC0_IRQHandler                          0x000005b3   Thumb Code     0  startup_mk66f18.o(.text)
    DAC1_IRQHandler                          0x000005b3   Thumb Code     0  startup_mk66f18.o(.text)
    DMA_Error_DriverIRQHandler               0x000005b3   Thumb Code     0  startup_mk66f18.o(.text)
    DefaultISR                               0x000005b3   Thumb Code     0  startup_mk66f18.o(.text)
    ENET_1588_Timer_DriverIRQHandler         0x000005b3   Thumb Code     0  startup_mk66f18.o(.text)
    ENET_Error_DriverIRQHandler              0x000005b3   Thumb Code     0  startup_mk66f18.o(.text)
    ENET_Receive_DriverIRQHandler            0x000005b3   Thumb Code     0  startup_mk66f18.o(.text)
    ENET_Transmit_DriverIRQHandler           0x000005b3   Thumb Code     0  startup_mk66f18.o(.text)
    FTFE_IRQHandler                          0x000005b3   Thumb Code     0  startup_mk66f18.o(.text)
    FTM0_IRQHandler                          0x000005b3   Thumb Code     0  startup_mk66f18.o(.text)
    FTM1_IRQHandler                          0x000005b3   Thumb Code     0  startup_mk66f18.o(.text)
    FTM2_IRQHandler                          0x000005b3   Thumb Code     0  startup_mk66f18.o(.text)
    FTM3_IRQHandler                          0x000005b3   Thumb Code     0  startup_mk66f18.o(.text)
    LLWU_IRQHandler                          0x000005b3   Thumb Code     0  startup_mk66f18.o(.text)
    LPTMR0_IRQHandler                        0x000005b3   Thumb Code     0  startup_mk66f18.o(.text)
    LVD_LVW_IRQHandler                       0x000005b3   Thumb Code     0  startup_mk66f18.o(.text)
    MCG_IRQHandler                           0x000005b3   Thumb Code     0  startup_mk66f18.o(.text)
    MCM_IRQHandler                           0x000005b3   Thumb Code     0  startup_mk66f18.o(.text)
    PDB0_IRQHandler                          0x000005b3   Thumb Code     0  startup_mk66f18.o(.text)
    PIT0_IRQHandler                          0x000005b3   Thumb Code     0  startup_mk66f18.o(.text)
    PIT1_IRQHandler                          0x000005b3   Thumb Code     0  startup_mk66f18.o(.text)
    PIT2_IRQHandler                          0x000005b3   Thumb Code     0  startup_mk66f18.o(.text)
    PIT3_IRQHandler                          0x000005b3   Thumb Code     0  startup_mk66f18.o(.text)
    PORTA_IRQHandler                         0x000005b3   Thumb Code     0  startup_mk66f18.o(.text)
    PORTB_IRQHandler                         0x000005b3   Thumb Code     0  startup_mk66f18.o(.text)
    PORTC_IRQHandler                         0x000005b3   Thumb Code     0  startup_mk66f18.o(.text)
    PORTD_IRQHandler                         0x000005b3   Thumb Code     0  startup_mk66f18.o(.text)
    PORTE_IRQHandler                         0x000005b3   Thumb Code     0  startup_mk66f18.o(.text)
    RNG_IRQHandler                           0x000005b3   Thumb Code     0  startup_mk66f18.o(.text)
    RTC_IRQHandler                           0x000005b3   Thumb Code     0  startup_mk66f18.o(.text)
    RTC_Seconds_IRQHandler                   0x000005b3   Thumb Code     0  startup_mk66f18.o(.text)
    Read_Collision_IRQHandler                0x000005b3   Thumb Code     0  startup_mk66f18.o(.text)
    Reserved46_IRQHandler                    0x000005b3   Thumb Code     0  startup_mk66f18.o(.text)
    Reserved71_IRQHandler                    0x000005b3   Thumb Code     0  startup_mk66f18.o(.text)
    Reserved84_IRQHandler                    0x000005b3   Thumb Code     0  startup_mk66f18.o(.text)
    Reserved85_IRQHandler                    0x000005b3   Thumb Code     0  startup_mk66f18.o(.text)
    SWI_IRQHandler                           0x000005b3   Thumb Code     0  startup_mk66f18.o(.text)
    TPM1_IRQHandler                          0x000005b3   Thumb Code     0  startup_mk66f18.o(.text)
    TPM2_IRQHandler                          0x000005b3   Thumb Code     0  startup_mk66f18.o(.text)
    TSI0_IRQHandler                          0x000005b3   Thumb Code     0  startup_mk66f18.o(.text)
    UART0_ERR_DriverIRQHandler               0x000005b3   Thumb Code     0  startup_mk66f18.o(.text)
    UART1_ERR_DriverIRQHandler               0x000005b3   Thumb Code     0  startup_mk66f18.o(.text)
    UART2_ERR_DriverIRQHandler               0x000005b3   Thumb Code     0  startup_mk66f18.o(.text)
    UART3_ERR_DriverIRQHandler               0x000005b3   Thumb Code     0  startup_mk66f18.o(.text)
    UART4_ERR_DriverIRQHandler               0x000005b3   Thumb Code     0  startup_mk66f18.o(.text)
    USB0_IRQHandler                          0x000005b3   Thumb Code     0  startup_mk66f18.o(.text)
    USBDCD_IRQHandler                        0x000005b3   Thumb Code     0  startup_mk66f18.o(.text)
    USBHSDCD_IRQHandler                      0x000005b3   Thumb Code     0  startup_mk66f18.o(.text)
    USBHS_IRQHandler                         0x000005b3   Thumb Code     0  startup_mk66f18.o(.text)
    WDOG_EWM_IRQHandler                      0x000005b3   Thumb Code     0  startup_mk66f18.o(.text)
    __aeabi_uldivmod                         0x000006a5   Thumb Code     0  lludivv7m.o(.text)
    _ll_udiv                                 0x000006a5   Thumb Code   238  lludivv7m.o(.text)
    __aeabi_assert                           0x00000795   Thumb Code    86  assert.o(.text)
    __assert                                 0x00000795   Thumb Code     0  assert.o(.text)
    __aeabi_memclr4                          0x00000815   Thumb Code     0  rt_memclr_w.o(.text)
    __aeabi_memclr8                          0x00000815   Thumb Code     0  rt_memclr_w.o(.text)
    __rt_memclr_w                            0x00000815   Thumb Code    78  rt_memclr_w.o(.text)
    _memset_w                                0x00000819   Thumb Code     0  rt_memclr_w.o(.text)
    abort                                    0x00000863   Thumb Code    22  abort.o(.text)
    __assert_puts                            0x00000879   Thumb Code    20  assert_puts.o(.text)
    _ttywrch                                 0x0000088d   Thumb Code    14  sys_wrch.o(.text)
    _sys_exit                                0x0000089d   Thumb Code     8  sys_exit.o(.text)
    __rt_SIGABRT                             0x000008a9   Thumb Code    14  defsig_abrt_outer.o(.text)
    __I$use$semihosting                      0x000008b7   Thumb Code     0  use_no_semi.o(.text)
    __use_no_semihosting_swi                 0x000008b7   Thumb Code     2  use_no_semi.o(.text)
    __semihosting_library_function           0x000008b9   Thumb Code     0  indicate_semi.o(.text)
    exit                                     0x000008b9   Thumb Code    18  exit.o(.text)
    __sig_exit                               0x000008cb   Thumb Code    10  defsig_exit.o(.text)
    __rt_SIGABRT_inner                       0x000008d5   Thumb Code    14  defsig_abrt_inner.o(.text)
    __default_signal_display                 0x00000905   Thumb Code    50  defsig_general.o(.text)
    ActivateSlaveSpi                         0x00000939   Thumb Code    36  i2commands.o(i.ActivateSlaveSpi)
    AutoTestMode3                            0x00000961   Thumb Code   318  testmode3.o(i.AutoTestMode3)
    AutoTestMode4                            0x00000ab1   Thumb Code   542  testmode4.o(i.AutoTestMode4)
    BOARD_BootClockRUN                       0x00000ced   Thumb Code    62  clock_config.o(i.BOARD_BootClockRUN)
    BOARD_InitBootClocks                     0x00000d4d   Thumb Code     8  clock_config.o(i.BOARD_InitBootClocks)
    BOARD_InitBootPins                       0x00000d55   Thumb Code     8  pin_mux.o(i.BOARD_InitBootPins)
    BOARD_InitPins                           0x00000d5d   Thumb Code    90  pin_mux.o(i.BOARD_InitPins)
    CAN0_DriverIRQHandler                    0x00000dcd   Thumb Code    52  fsl_flexcan.o(i.CAN0_DriverIRQHandler)
    CAN1_DriverIRQHandler                    0x00000e55   Thumb Code    52  fsl_flexcan.o(i.CAN1_DriverIRQHandler)
    CLOCK_BootToPeeMode                      0x00000edd   Thumb Code    74  fsl_clock.o(i.CLOCK_BootToPeeMode)
    CLOCK_EnablePll0                         0x00000f75   Thumb Code    78  fsl_clock.o(i.CLOCK_EnablePll0)
    CLOCK_GetEr32kClkFreq                    0x00000ffd   Thumb Code    86  fsl_clock.o(i.CLOCK_GetEr32kClkFreq)
    CLOCK_GetExtPllFreq                      0x00001099   Thumb Code     6  fsl_clock.o(i.CLOCK_GetExtPllFreq)
    CLOCK_GetFixedFreqClkFreq                0x000010a5   Thumb Code    28  fsl_clock.o(i.CLOCK_GetFixedFreqClkFreq)
    CLOCK_GetFllFreq                         0x00001131   Thumb Code    66  fsl_clock.o(i.CLOCK_GetFllFreq)
    CLOCK_GetFreq                            0x0000119d   Thumb Code   198  fsl_clock.o(i.CLOCK_GetFreq)
    CLOCK_GetInternalRefClkFreq              0x0000126d   Thumb Code    22  fsl_clock.o(i.CLOCK_GetInternalRefClkFreq)
    CLOCK_GetOsc0ErClkDivFreq                0x0000136d   Thumb Code    50  fsl_clock.o(i.CLOCK_GetOsc0ErClkDivFreq)
    CLOCK_GetOsc0ErClkUndivFreq              0x000013e1   Thumb Code    42  fsl_clock.o(i.CLOCK_GetOsc0ErClkUndivFreq)
    CLOCK_GetOutClkFreq                      0x0000146d   Thumb Code    84  fsl_clock.o(i.CLOCK_GetOutClkFreq)
    CLOCK_GetPll0Freq                        0x000014c5   Thumb Code    70  fsl_clock.o(i.CLOCK_GetPll0Freq)
    CLOCK_GetPllFllSelClkFreq                0x00001551   Thumb Code    88  fsl_clock.o(i.CLOCK_GetPllFllSelClkFreq)
    CLOCK_InitOsc0                           0x000015b1   Thumb Code   108  fsl_clock.o(i.CLOCK_InitOsc0)
    CLOCK_SetExternalRefClkConfig            0x00001625   Thumb Code    56  fsl_clock.o(i.CLOCK_SetExternalRefClkConfig)
    CLOCK_SetPbeMode                         0x00001661   Thumb Code   156  fsl_clock.o(i.CLOCK_SetPbeMode)
    CLOCK_SetSimConfig                       0x00001735   Thumb Code    62  fsl_clock.o(i.CLOCK_SetSimConfig)
    ChnlEnable                               0x0000177d   Thumb Code   170  i2commands.o(i.ChnlEnable)
    DMA0_DMA16_DriverIRQHandler              0x0000182d   Thumb Code    64  fsl_edma.o(i.DMA0_DMA16_DriverIRQHandler)
    DMA10_DMA26_DriverIRQHandler             0x00001875   Thumb Code    64  fsl_edma.o(i.DMA10_DMA26_DriverIRQHandler)
    DMA11_DMA27_DriverIRQHandler             0x000018bd   Thumb Code    64  fsl_edma.o(i.DMA11_DMA27_DriverIRQHandler)
    DMA12_DMA28_DriverIRQHandler             0x00001905   Thumb Code    64  fsl_edma.o(i.DMA12_DMA28_DriverIRQHandler)
    DMA13_DMA29_DriverIRQHandler             0x0000194d   Thumb Code    64  fsl_edma.o(i.DMA13_DMA29_DriverIRQHandler)
    DMA14_DMA30_DriverIRQHandler             0x00001995   Thumb Code    64  fsl_edma.o(i.DMA14_DMA30_DriverIRQHandler)
    DMA14_DMA30_IRQHandler                   0x000019dd   Thumb Code    14  dma.o(i.DMA14_DMA30_IRQHandler)
    DMA15_DMA31_DriverIRQHandler             0x000019f5   Thumb Code    64  fsl_edma.o(i.DMA15_DMA31_DriverIRQHandler)
    DMA1_DMA17_DriverIRQHandler              0x00001a3d   Thumb Code    64  fsl_edma.o(i.DMA1_DMA17_DriverIRQHandler)
    DMA2_DMA18_DriverIRQHandler              0x00001a85   Thumb Code    64  fsl_edma.o(i.DMA2_DMA18_DriverIRQHandler)
    DMA3_DMA19_DriverIRQHandler              0x00001acd   Thumb Code    64  fsl_edma.o(i.DMA3_DMA19_DriverIRQHandler)
    DMA4_DMA20_DriverIRQHandler              0x00001b15   Thumb Code    64  fsl_edma.o(i.DMA4_DMA20_DriverIRQHandler)
    DMA5_DMA21_DriverIRQHandler              0x00001b5d   Thumb Code    64  fsl_edma.o(i.DMA5_DMA21_DriverIRQHandler)
    DMA6_DMA22_DriverIRQHandler              0x00001ba5   Thumb Code    64  fsl_edma.o(i.DMA6_DMA22_DriverIRQHandler)
    DMA7_DMA23_DriverIRQHandler              0x00001bed   Thumb Code    64  fsl_edma.o(i.DMA7_DMA23_DriverIRQHandler)
    DMA8_DMA24_DriverIRQHandler              0x00001c35   Thumb Code    64  fsl_edma.o(i.DMA8_DMA24_DriverIRQHandler)
    DMA9_DMA25_DriverIRQHandler              0x00001c7d   Thumb Code    64  fsl_edma.o(i.DMA9_DMA25_DriverIRQHandler)
    DMAMUX_Init                              0x00001d4d   Thumb Code    36  fsl_dmamux.o(i.DMAMUX_Init)
    DSPI_GetInstance                         0x00001db9   Thumb Code    48  fsl_dspi.o(i.DSPI_GetInstance)
    DSPI_MasterSetBaudRate                   0x00001e51   Thumb Code   186  fsl_dspi.o(i.DSPI_MasterSetBaudRate)
    DSPI_MasterSetDelayScaler                0x00001f19   Thumb Code   200  fsl_dspi.o(i.DSPI_MasterSetDelayScaler)
    DSPI_MasterSetDelayTimes                 0x00002015   Thumb Code   208  fsl_dspi.o(i.DSPI_MasterSetDelayTimes)
    DmaInit                                  0x000020f5   Thumb Code   152  dma.o(i.DmaInit)
    EDMA_GetChannelStatusFlags               0x0000219d   Thumb Code    70  fsl_edma.o(i.EDMA_GetChannelStatusFlags)
    EDMA_HandleIRQ                           0x00002245   Thumb Code   210  fsl_edma.o(i.EDMA_HandleIRQ)
    ENET_1588_Timer_IRQHandler               0x00002355   Thumb Code    32  fsl_enet.o(i.ENET_1588_Timer_IRQHandler)
    ENET_Error_IRQHandler                    0x00002381   Thumb Code    32  fsl_enet.o(i.ENET_Error_IRQHandler)
    ENET_Receive_IRQHandler                  0x000023ad   Thumb Code    32  fsl_enet.o(i.ENET_Receive_IRQHandler)
    ENET_Transmit_IRQHandler                 0x000023d9   Thumb Code    32  fsl_enet.o(i.ENET_Transmit_IRQHandler)
    EnableContMode                           0x00002405   Thumb Code    80  i2commands.o(i.EnableContMode)
    FrameSizeSet                             0x00002459   Thumb Code   132  i2commands.o(i.FrameSizeSet)
    GPIO_PinInit                             0x000024e9   Thumb Code    80  fsl_gpio.o(i.GPIO_PinInit)
    I2C0_DriverIRQHandler                    0x00002575   Thumb Code    14  fsl_i2c.o(i.I2C0_DriverIRQHandler)
    I2C1_DriverIRQHandler                    0x0000258d   Thumb Code    14  fsl_i2c.o(i.I2C1_DriverIRQHandler)
    I2C2_DriverIRQHandler                    0x000025a5   Thumb Code    14  fsl_i2c.o(i.I2C2_DriverIRQHandler)
    I2C3_DriverIRQHandler                    0x000025bd   Thumb Code    14  fsl_i2c.o(i.I2C3_DriverIRQHandler)
    I2S0_Rx_DriverIRQHandler                 0x00002621   Thumb Code    52  fsl_sai.o(i.I2S0_Rx_DriverIRQHandler)
    I2S0_Tx_DriverIRQHandler                 0x0000269d   Thumb Code    52  fsl_sai.o(i.I2S0_Tx_DriverIRQHandler)
    InitSetup                                0x00002719   Thumb Code    20  spitestapp.o(i.InitSetup)
    LPUART0_DriverIRQHandler                 0x0000272d   Thumb Code    32  fsl_lpuart.o(i.LPUART0_DriverIRQHandler)
    PIT_Init                                 0x000027d9   Thumb Code   120  fsl_pit.o(i.PIT_Init)
    PitInit                                  0x000028a1   Thumb Code    82  timers.o(i.PitInit)
    ReadBurst16                              0x00002939   Thumb Code   146  i2commands.o(i.ReadBurst16)
    ReadReg16                                0x000029d5   Thumb Code   122  i2commands.o(i.ReadReg16)
    ReadReg8                                 0x00002a55   Thumb Code    40  i2commands.o(i.ReadReg8)
    ReadSpi                                  0x00002a7d   Thumb Code    54  spicomm.o(i.ReadSpi)
    ReadSpiBurst                             0x00002ac1   Thumb Code    58  spicomm.o(i.ReadSpiBurst)
    SDHC_DriverIRQHandler                    0x00002b09   Thumb Code    52  fsl_sdhc.o(i.SDHC_DriverIRQHandler)
    SPI0_DriverIRQHandler                    0x00002b85   Thumb Code    34  fsl_dspi.o(i.SPI0_DriverIRQHandler)
    SPI1_DriverIRQHandler                    0x00002bf5   Thumb Code    34  fsl_dspi.o(i.SPI1_DriverIRQHandler)
    SPI2_DriverIRQHandler                    0x00002c65   Thumb Code    34  fsl_dspi.o(i.SPI2_DriverIRQHandler)
    SendSpi                                  0x00002cd5   Thumb Code    46  spicomm.o(i.SendSpi)
    SendStartConv                            0x00002d11   Thumb Code    22  i2commands.o(i.SendStartConv)
    SendStopConv                             0x00002d27   Thumb Code    22  i2commands.o(i.SendStopConv)
    SetBurst                                 0x00002d3d   Thumb Code   148  i2commands.o(i.SetBurst)
    SetConvRate                              0x00002dd9   Thumb Code   116  i2commands.o(i.SetConvRate)
    SetRunMode                               0x00002e65   Thumb Code   118  i2commands.o(i.SetRunMode)
    SpiInit                                  0x00002ee5   Thumb Code   186  spicomm.o(i.SpiInit)
    StartDma                                 0x00002fbd   Thumb Code    60  dma.o(i.StartDma)
    StopDma                                  0x00003021   Thumb Code    12  dma.o(i.StopDma)
    SysTickDelayUs                           0x00003035   Thumb Code    76  timers.o(i.SysTickDelayUs)
    SystemInit                               0x00003089   Thumb Code    40  system_mk66f18.o(i.SystemInit)
    SystemInitHook                           0x000030b9   Thumb Code     2  system_mk66f18.o(i.SystemInitHook)
    UART0_DriverIRQHandler                   0x000030bd   Thumb Code    32  fsl_uart.o(i.UART0_DriverIRQHandler)
    UART0_RX_TX_DriverIRQHandler             0x000030e9   Thumb Code    24  fsl_uart.o(i.UART0_RX_TX_DriverIRQHandler)
    UART1_DriverIRQHandler                   0x00003101   Thumb Code    32  fsl_uart.o(i.UART1_DriverIRQHandler)
    UART1_RX_TX_DriverIRQHandler             0x0000312d   Thumb Code    24  fsl_uart.o(i.UART1_RX_TX_DriverIRQHandler)
    UART2_DriverIRQHandler                   0x00003145   Thumb Code    32  fsl_uart.o(i.UART2_DriverIRQHandler)
    UART2_RX_TX_DriverIRQHandler             0x00003171   Thumb Code    24  fsl_uart.o(i.UART2_RX_TX_DriverIRQHandler)
    UART3_DriverIRQHandler                   0x00003189   Thumb Code    32  fsl_uart.o(i.UART3_DriverIRQHandler)
    UART3_RX_TX_DriverIRQHandler             0x000031b5   Thumb Code    24  fsl_uart.o(i.UART3_RX_TX_DriverIRQHandler)
    UART4_DriverIRQHandler                   0x000031cd   Thumb Code    32  fsl_uart.o(i.UART4_DriverIRQHandler)
    UART4_RX_TX_DriverIRQHandler             0x000031f9   Thumb Code    24  fsl_uart.o(i.UART4_RX_TX_DriverIRQHandler)
    WaitTillIdle                             0x00003211   Thumb Code    24  i2commands.o(i.WaitTillIdle)
    WriteReg16                               0x00003229   Thumb Code   112  i2commands.o(i.WriteReg16)
    WriteReg8                                0x000032a1   Thumb Code    46  i2commands.o(i.WriteReg8)
    main                                     0x000032d5   Thumb Code    24  mainapp.o(i.main)
    __aeabi_ddiv                             0x000032ed   Thumb Code     0  ddiv.o(x$fpl$ddiv)
    _ddiv                                    0x000032ed   Thumb Code   552  ddiv.o(x$fpl$ddiv)
    __aeabi_d2iz                             0x0000359d   Thumb Code     0  dfix.o(x$fpl$dfix)
    _dfix                                    0x0000359d   Thumb Code    94  dfix.o(x$fpl$dfix)
    __aeabi_ui2d                             0x000035fb   Thumb Code     0  dflt_clz.o(x$fpl$dfltu)
    _dfltu                                   0x000035fb   Thumb Code    38  dflt_clz.o(x$fpl$dfltu)
    __aeabi_dmul                             0x00003621   Thumb Code     0  dmul.o(x$fpl$dmul)
    _dmul                                    0x00003621   Thumb Code   332  dmul.o(x$fpl$dmul)
    __fpl_dnaninf                            0x00003775   Thumb Code   156  dnaninf.o(x$fpl$dnaninf)
    __fpl_dretinf                            0x00003811   Thumb Code    12  dretinf.o(x$fpl$dretinf)
    _fp_init                                 0x0000381d   Thumb Code    10  fpinit.o(x$fpl$fpinit)
    __fplib_config_fpu_vfp                   0x00003825   Thumb Code     0  fpinit.o(x$fpl$fpinit)
    __fplib_config_pureend_doubles           0x00003825   Thumb Code     0  fpinit.o(x$fpl$fpinit)
    __I$use$fp                               0x00003826   Number         0  usenofp.o(x$fpl$usenofp)
    mcgConfig_BOARD_BootClockRUN             0x00003828   Data          12  clock_config.o(.constdata)
    simConfig_BOARD_BootClockRUN             0x00003834   Data           8  clock_config.o(.constdata)
    oscConfig_BOARD_BootClockRUN             0x0000383c   Data           8  clock_config.o(.constdata)
    Region$$Table$$Base                      0x00003988   Number         0  anon$$obj.o(Region$$Table)
    Region$$Table$$Limit                     0x000039a8   Number         0  anon$$obj.o(Region$$Table)
    spiI2Props                               0x20000000   Data          20  spitestapp.o(.data)
    g_xtal0Freq                              0x20000020   Data           4  fsl_clock.o(.data)
    g_xtal32Freq                             0x20000024   Data           4  fsl_clock.o(.data)
    g_dspiDummyData                          0x20000030   Data           3  fsl_dspi.o(.data)
    SystemCoreClock                          0x20000080   Data           4  system_mk66f18.o(.data)
    frmSizeChange                            0x20000084   Data           1  i2commands.o(.data)
    convRateTest                             0x20000085   Data           1  i2commands.o(.data)
    burstSizeEnum                            0x20000086   Data           1  i2commands.o(.data)
    Image$$ARM_LIB_HEAP$$ZI$$Base            0x20000138   Number         0  anon$$obj.o ABSOLUTE
    Image$$ARM_LIB_HEAP$$ZI$$Limit           0x20000538   Number         0  anon$$obj.o ABSOLUTE
    Image$$ARM_LIB_STACK$$ZI$$Limit          0x20030000   Number         0  anon$$obj.o ABSOLUTE



==============================================================================

Memory Map of the image

  Image Entry point : 0x00000411

  Load Region LR_m_text (Base: 0x00000000, Size: 0x00003a30, Max: 0x00200000, ABSOLUTE)

    Execution Region VECTOR_ROM (Exec base: 0x00000000, Load base: 0x00000000, Size: 0x00000400, Max: 0x00000400, ABSOLUTE)

    Exec Addr    Load Addr    Size         Type   Attr      Idx    E Section Name        Object

    0x00000000   0x00000000   0x00000400   Data   RO         6267    RESET               startup_mk66f18.o


    Execution Region ER_m_flash_config (Exec base: 0x00000400, Load base: 0x00000400, Size: 0x00000010, Max: 0x00000010, ABSOLUTE, FIXED)

    Exec Addr    Load Addr    Size         Type   Attr      Idx    E Section Name        Object

    0x00000400   0x00000400   0x00000010   Data   RO         6268    FlashConfig         startup_mk66f18.o


    Execution Region ER_m_text (Exec base: 0x00000410, Load base: 0x00000410, Size: 0x00003598, Max: 0x001ffbf0, ABSOLUTE)

    Exec Addr    Load Addr    Size         Type   Attr      Idx    E Section Name        Object

    0x00000410   0x00000410   0x00000008   Code   RO         6728  * !!!main             c_w.l(__main.o)
    0x00000418   0x00000418   0x00000034   Code   RO         6983    !!!scatter          c_w.l(__scatter.o)
    0x0000044c   0x0000044c   0x0000001a   Code   RO         6985    !!handler_copy      c_w.l(__scatter_copy.o)
    0x00000466   0x00000466   0x00000002   PAD
    0x00000468   0x00000468   0x0000001c   Code   RO         6987    !!handler_zi        c_w.l(__scatter_zi.o)
    0x00000484   0x00000484   0x00000002   Code   RO         6922    .ARM.Collect$$libinit$$00000000  c_w.l(libinit.o)
    0x00000486   0x00000486   0x00000004   Code   RO         6786    .ARM.Collect$$libinit$$00000001  c_w.l(libinit2.o)
    0x0000048a   0x0000048a   0x00000000   Code   RO         6789    .ARM.Collect$$libinit$$00000004  c_w.l(libinit2.o)
    0x0000048a   0x0000048a   0x00000000   Code   RO         6792    .ARM.Collect$$libinit$$0000000A  c_w.l(libinit2.o)
    0x0000048a   0x0000048a   0x00000000   Code   RO         6794    .ARM.Collect$$libinit$$0000000C  c_w.l(libinit2.o)
    0x0000048a   0x0000048a   0x00000000   Code   RO         6796    .ARM.Collect$$libinit$$0000000E  c_w.l(libinit2.o)
    0x0000048a   0x0000048a   0x00000000   Code   RO         6799    .ARM.Collect$$libinit$$00000011  c_w.l(libinit2.o)
    0x0000048a   0x0000048a   0x00000000   Code   RO         6801    .ARM.Collect$$libinit$$00000013  c_w.l(libinit2.o)
    0x0000048a   0x0000048a   0x00000000   Code   RO         6803    .ARM.Collect$$libinit$$00000015  c_w.l(libinit2.o)
    0x0000048a   0x0000048a   0x00000000   Code   RO         6805    .ARM.Collect$$libinit$$00000017  c_w.l(libinit2.o)
    0x0000048a   0x0000048a   0x00000000   Code   RO         6807    .ARM.Collect$$libinit$$00000019  c_w.l(libinit2.o)
    0x0000048a   0x0000048a   0x00000000   Code   RO         6809    .ARM.Collect$$libinit$$0000001B  c_w.l(libinit2.o)
    0x0000048a   0x0000048a   0x00000000   Code   RO         6811    .ARM.Collect$$libinit$$0000001D  c_w.l(libinit2.o)
    0x0000048a   0x0000048a   0x00000000   Code   RO         6813    .ARM.Collect$$libinit$$0000001F  c_w.l(libinit2.o)
    0x0000048a   0x0000048a   0x00000000   Code   RO         6815    .ARM.Collect$$libinit$$00000021  c_w.l(libinit2.o)
    0x0000048a   0x0000048a   0x00000000   Code   RO         6817    .ARM.Collect$$libinit$$00000023  c_w.l(libinit2.o)
    0x0000048a   0x0000048a   0x00000000   Code   RO         6819    .ARM.Collect$$libinit$$00000025  c_w.l(libinit2.o)
    0x0000048a   0x0000048a   0x00000000   Code   RO         6823    .ARM.Collect$$libinit$$0000002C  c_w.l(libinit2.o)
    0x0000048a   0x0000048a   0x00000000   Code   RO         6825    .ARM.Collect$$libinit$$0000002E  c_w.l(libinit2.o)
    0x0000048a   0x0000048a   0x00000000   Code   RO         6827    .ARM.Collect$$libinit$$00000030  c_w.l(libinit2.o)
    0x0000048a   0x0000048a   0x00000000   Code   RO         6829    .ARM.Collect$$libinit$$00000032  c_w.l(libinit2.o)
    0x0000048a   0x0000048a   0x00000002   Code   RO         6830    .ARM.Collect$$libinit$$00000033  c_w.l(libinit2.o)
    0x0000048c   0x0000048c   0x00000002   Code   RO         6980    .ARM.Collect$$libshutdown$$00000000  c_w.l(libshutdown.o)
    0x0000048e   0x0000048e   0x00000000   Code   RO         6942    .ARM.Collect$$libshutdown$$00000002  c_w.l(libshutdown2.o)
    0x0000048e   0x0000048e   0x00000000   Code   RO         6944    .ARM.Collect$$libshutdown$$00000004  c_w.l(libshutdown2.o)
    0x0000048e   0x0000048e   0x00000000   Code   RO         6947    .ARM.Collect$$libshutdown$$00000007  c_w.l(libshutdown2.o)
    0x0000048e   0x0000048e   0x00000000   Code   RO         6950    .ARM.Collect$$libshutdown$$0000000A  c_w.l(libshutdown2.o)
    0x0000048e   0x0000048e   0x00000000   Code   RO         6952    .ARM.Collect$$libshutdown$$0000000C  c_w.l(libshutdown2.o)
    0x0000048e   0x0000048e   0x00000000   Code   RO         6955    .ARM.Collect$$libshutdown$$0000000F  c_w.l(libshutdown2.o)
    0x0000048e   0x0000048e   0x00000002   Code   RO         6956    .ARM.Collect$$libshutdown$$00000010  c_w.l(libshutdown2.o)
    0x00000490   0x00000490   0x00000000   Code   RO         6748    .ARM.Collect$$rtentry$$00000000  c_w.l(__rtentry.o)
    0x00000490   0x00000490   0x00000000   Code   RO         6846    .ARM.Collect$$rtentry$$00000002  c_w.l(__rtentry2.o)
    0x00000490   0x00000490   0x00000004   Code   RO         6860    .ARM.Collect$$rtentry$$00000007  c_w.l(__rtentry7.o)
    0x00000494   0x00000494   0x00000000   Code   RO         6848    .ARM.Collect$$rtentry$$00000009  c_w.l(__rtentry2.o)
    0x00000494   0x00000494   0x00000004   Code   RO         6849    .ARM.Collect$$rtentry$$0000000A  c_w.l(__rtentry2.o)
    0x00000498   0x00000498   0x00000000   Code   RO         6851    .ARM.Collect$$rtentry$$0000000C  c_w.l(__rtentry2.o)
    0x00000498   0x00000498   0x00000008   Code   RO         6852    .ARM.Collect$$rtentry$$0000000D  c_w.l(__rtentry2.o)
    0x000004a0   0x000004a0   0x00000004   Code   RO         6861    .ARM.Collect$$rtentry$$00002718  c_w.l(__rtentry7.o)
    0x000004a4   0x000004a4   0x00000002   Code   RO         6925    .ARM.Collect$$rtexit$$00000000  c_w.l(rtexit.o)
    0x000004a6   0x000004a6   0x00000000   Code   RO         6958    .ARM.Collect$$rtexit$$00000002  c_w.l(rtexit2.o)
    0x000004a6   0x000004a6   0x00000004   Code   RO         6959    .ARM.Collect$$rtexit$$00000003  c_w.l(rtexit2.o)
    0x000004aa   0x000004aa   0x00000006   Code   RO         6960    .ARM.Collect$$rtexit$$00000004  c_w.l(rtexit2.o)
    0x000004b0   0x000004b0   0x000001f4   Code   RO         6269    .text               startup_mk66f18.o
    0x000006a4   0x000006a4   0x000000ee   Code   RO         6716    .text               c_w.l(lludivv7m.o)
    0x00000792   0x00000792   0x00000002   PAD
    0x00000794   0x00000794   0x00000080   Code   RO         6718    .text               c_w.l(assert.o)
    0x00000814   0x00000814   0x0000004e   Code   RO         6726    .text               c_w.l(rt_memclr_w.o)
    0x00000862   0x00000862   0x00000016   Code   RO         6778    .text               c_w.l(abort.o)
    0x00000878   0x00000878   0x00000014   Code   RO         6780    .text               c_w.l(assert_puts.o)
    0x0000088c   0x0000088c   0x0000000e   Code   RO         6836    .text               c_w.l(sys_wrch.o)
    0x0000089a   0x0000089a   0x00000002   PAD
    0x0000089c   0x0000089c   0x0000000c   Code   RO         6840    .text               c_w.l(sys_exit.o)
    0x000008a8   0x000008a8   0x0000000e   Code   RO         6875    .text               c_w.l(defsig_abrt_outer.o)
    0x000008b6   0x000008b6   0x00000002   Code   RO         6892    .text               c_w.l(use_no_semi.o)
    0x000008b8   0x000008b8   0x00000000   Code   RO         6894    .text               c_w.l(indicate_semi.o)
    0x000008b8   0x000008b8   0x00000012   Code   RO         6901    .text               c_w.l(exit.o)
    0x000008ca   0x000008ca   0x0000000a   Code   RO         6903    .text               c_w.l(defsig_exit.o)
    0x000008d4   0x000008d4   0x00000030   Code   RO         6905    .text               c_w.l(defsig_abrt_inner.o)
    0x00000904   0x00000904   0x00000032   Code   RO         6933    .text               c_w.l(defsig_general.o)
    0x00000936   0x00000936   0x00000002   PAD
    0x00000938   0x00000938   0x00000028   Code   RO         6351    i.ActivateSlaveSpi  i2commands.o
    0x00000960   0x00000960   0x00000150   Code   RO         6600    i.AutoTestMode3     testmode3.o
    0x00000ab0   0x00000ab0   0x0000023c   Code   RO         6624    i.AutoTestMode4     testmode4.o
    0x00000cec   0x00000cec   0x00000060   Code   RO          174    i.BOARD_BootClockRUN  clock_config.o
    0x00000d4c   0x00000d4c   0x00000008   Code   RO          175    i.BOARD_InitBootClocks  clock_config.o
    0x00000d54   0x00000d54   0x00000008   Code   RO          219    i.BOARD_InitBootPins  pin_mux.o
    0x00000d5c   0x00000d5c   0x00000070   Code   RO          220    i.BOARD_InitPins    pin_mux.o
    0x00000dcc   0x00000dcc   0x00000088   Code   RO         2401    i.CAN0_DriverIRQHandler  fsl_flexcan.o
    0x00000e54   0x00000e54   0x00000088   Code   RO         2402    i.CAN1_DriverIRQHandler  fsl_flexcan.o
    0x00000edc   0x00000edc   0x00000084   Code   RO          457    i.CLOCK_BootToPeeMode  fsl_clock.o
    0x00000f60   0x00000f60   0x00000014   Code   RO          176    i.CLOCK_CONFIG_SetFllExtRefDiv  clock_config.o
    0x00000f74   0x00000f74   0x00000088   Code   RO          464    i.CLOCK_EnablePll0  fsl_clock.o
    0x00000ffc   0x00000ffc   0x0000009c   Code   RO          473    i.CLOCK_GetEr32kClkFreq  fsl_clock.o
    0x00001098   0x00001098   0x0000000c   Code   RO          474    i.CLOCK_GetExtPllFreq  fsl_clock.o
    0x000010a4   0x000010a4   0x0000001c   Code   RO          475    i.CLOCK_GetFixedFreqClkFreq  fsl_clock.o
    0x000010c0   0x000010c0   0x00000070   Code   RO          478    i.CLOCK_GetFllExtRefClkFreq  fsl_clock.o
    0x00001130   0x00001130   0x0000004c   Code   RO          479    i.CLOCK_GetFllFreq  fsl_clock.o
    0x0000117c   0x0000117c   0x00000020   Code   RO          480    i.CLOCK_GetFllRefClkFreq  fsl_clock.o
    0x0000119c   0x0000119c   0x000000d0   Code   RO          481    i.CLOCK_GetFreq     fsl_clock.o
    0x0000126c   0x0000126c   0x0000001c   Code   RO          482    i.CLOCK_GetInternalRefClkFreq  fsl_clock.o
    0x00001288   0x00001288   0x0000002c   Code   RO          483    i.CLOCK_GetInternalRefClkSelectFreq  fsl_clock.o
    0x000012b4   0x000012b4   0x000000b8   Code   RO          484    i.CLOCK_GetMcgExtClkFreq  fsl_clock.o
    0x0000136c   0x0000136c   0x00000074   Code   RO          486    i.CLOCK_GetOsc0ErClkDivFreq  fsl_clock.o
    0x000013e0   0x000013e0   0x0000006c   Code   RO          488    i.CLOCK_GetOsc0ErClkUndivFreq  fsl_clock.o
    0x0000144c   0x0000144c   0x00000020   Code   RO          489    i.CLOCK_GetOscRangeFromFreq  fsl_clock.o
    0x0000146c   0x0000146c   0x00000058   Code   RO          490    i.CLOCK_GetOutClkFreq  fsl_clock.o
    0x000014c4   0x000014c4   0x00000084   Code   RO          492    i.CLOCK_GetPll0Freq  fsl_clock.o
    0x00001548   0x00001548   0x00000008   Code   RO          493    i.CLOCK_GetPll0RefFreq  fsl_clock.o
    0x00001550   0x00001550   0x00000060   Code   RO          494    i.CLOCK_GetPllFllSelClkFreq  fsl_clock.o
    0x000015b0   0x000015b0   0x00000074   Code   RO          496    i.CLOCK_InitOsc0    fsl_clock.o
    0x00001624   0x00001624   0x0000003c   Code   RO          502    i.CLOCK_SetExternalRefClkConfig  fsl_clock.o
    0x00001660   0x00001660   0x000000d4   Code   RO          510    i.CLOCK_SetPbeMode  fsl_clock.o
    0x00001734   0x00001734   0x00000048   Code   RO          515    i.CLOCK_SetSimConfig  fsl_clock.o
    0x0000177c   0x0000177c   0x000000b0   Code   RO         6352    i.ChnlEnable        i2commands.o
    0x0000182c   0x0000182c   0x00000048   Code   RO         1743    i.DMA0_DMA16_DriverIRQHandler  fsl_edma.o
    0x00001874   0x00001874   0x00000048   Code   RO         1744    i.DMA10_DMA26_DriverIRQHandler  fsl_edma.o
    0x000018bc   0x000018bc   0x00000048   Code   RO         1745    i.DMA11_DMA27_DriverIRQHandler  fsl_edma.o
    0x00001904   0x00001904   0x00000048   Code   RO         1746    i.DMA12_DMA28_DriverIRQHandler  fsl_edma.o
    0x0000194c   0x0000194c   0x00000048   Code   RO         1747    i.DMA13_DMA29_DriverIRQHandler  fsl_edma.o
    0x00001994   0x00001994   0x00000048   Code   RO         1748    i.DMA14_DMA30_DriverIRQHandler  fsl_edma.o
    0x000019dc   0x000019dc   0x00000018   Code   RO         6477    i.DMA14_DMA30_IRQHandler  dma.o
    0x000019f4   0x000019f4   0x00000048   Code   RO         1749    i.DMA15_DMA31_DriverIRQHandler  fsl_edma.o
    0x00001a3c   0x00001a3c   0x00000048   Code   RO         1750    i.DMA1_DMA17_DriverIRQHandler  fsl_edma.o
    0x00001a84   0x00001a84   0x00000048   Code   RO         1751    i.DMA2_DMA18_DriverIRQHandler  fsl_edma.o
    0x00001acc   0x00001acc   0x00000048   Code   RO         1752    i.DMA3_DMA19_DriverIRQHandler  fsl_edma.o
    0x00001b14   0x00001b14   0x00000048   Code   RO         1753    i.DMA4_DMA20_DriverIRQHandler  fsl_edma.o
    0x00001b5c   0x00001b5c   0x00000048   Code   RO         1754    i.DMA5_DMA21_DriverIRQHandler  fsl_edma.o
    0x00001ba4   0x00001ba4   0x00000048   Code   RO         1755    i.DMA6_DMA22_DriverIRQHandler  fsl_edma.o
    0x00001bec   0x00001bec   0x00000048   Code   RO         1756    i.DMA7_DMA23_DriverIRQHandler  fsl_edma.o
    0x00001c34   0x00001c34   0x00000048   Code   RO         1757    i.DMA8_DMA24_DriverIRQHandler  fsl_edma.o
    0x00001c7c   0x00001c7c   0x00000048   Code   RO         1758    i.DMA9_DMA25_DriverIRQHandler  fsl_edma.o
    0x00001cc4   0x00001cc4   0x00000088   Code   RO         1250    i.DMAMUX_GetInstance  fsl_dmamux.o
    0x00001d4c   0x00001d4c   0x0000002c   Code   RO         1251    i.DMAMUX_Init       fsl_dmamux.o
    0x00001d78   0x00001d78   0x00000040   Code   RO         1291    i.DSPI_CommonIRQHandler  fsl_dspi.o
    0x00001db8   0x00001db8   0x00000084   Code   RO         1299    i.DSPI_GetInstance  fsl_dspi.o
    0x00001e3c   0x00001e3c   0x00000012   Code   RO         1301    i.DSPI_IsMaster     fsl_dspi.o
    0x00001e4e   0x00001e4e   0x00000002   PAD
    0x00001e50   0x00001e50   0x000000c8   Code   RO         1307    i.DSPI_MasterSetBaudRate  fsl_dspi.o
    0x00001f18   0x00001f18   0x000000fc   Code   RO         1308    i.DSPI_MasterSetDelayScaler  fsl_dspi.o
    0x00002014   0x00002014   0x000000e0   Code   RO         1309    i.DSPI_MasterSetDelayTimes  fsl_dspi.o
    0x000020f4   0x000020f4   0x000000a8   Code   RO         6478    i.DmaInit           dma.o
    0x0000219c   0x0000219c   0x000000a8   Code   RO         1766    i.EDMA_GetChannelStatusFlags  fsl_edma.o
    0x00002244   0x00002244   0x00000110   Code   RO         1770    i.EDMA_HandleIRQ    fsl_edma.o
    0x00002354   0x00002354   0x0000002c   Code   RO         2087    i.ENET_1588_Timer_IRQHandler  fsl_enet.o
    0x00002380   0x00002380   0x0000002c   Code   RO         2094    i.ENET_Error_IRQHandler  fsl_enet.o
    0x000023ac   0x000023ac   0x0000002c   Code   RO         2104    i.ENET_Receive_IRQHandler  fsl_enet.o
    0x000023d8   0x000023d8   0x0000002c   Code   RO         2117    i.ENET_Transmit_IRQHandler  fsl_enet.o
    0x00002404   0x00002404   0x00000054   Code   RO         6353    i.EnableContMode    i2commands.o
    0x00002458   0x00002458   0x00000090   Code   RO         6354    i.FrameSizeSet      i2commands.o
    0x000024e8   0x000024e8   0x0000008c   Code   RO         3232    i.GPIO_PinInit      fsl_gpio.o
    0x00002574   0x00002574   0x00000018   Code   RO         3280    i.I2C0_DriverIRQHandler  fsl_i2c.o
    0x0000258c   0x0000258c   0x00000018   Code   RO         3281    i.I2C1_DriverIRQHandler  fsl_i2c.o
    0x000025a4   0x000025a4   0x00000018   Code   RO         3282    i.I2C2_DriverIRQHandler  fsl_i2c.o
    0x000025bc   0x000025bc   0x00000018   Code   RO         3283    i.I2C3_DriverIRQHandler  fsl_i2c.o
    0x000025d4   0x000025d4   0x0000004c   Code   RO         3319    i.I2C_TransferCommonIRQHandler  fsl_i2c.o
    0x00002620   0x00002620   0x0000007c   Code   RO         4460    i.I2S0_Rx_DriverIRQHandler  fsl_sai.o
    0x0000269c   0x0000269c   0x0000007c   Code   RO         4461    i.I2S0_Tx_DriverIRQHandler  fsl_sai.o
    0x00002718   0x00002718   0x00000014   Code   RO          125    i.InitSetup         spitestapp.o
    0x0000272c   0x0000272c   0x0000002c   Code   RO         3815    i.LPUART0_DriverIRQHandler  fsl_lpuart.o
    0x00002758   0x00002758   0x00000080   Code   RO         4153    i.PIT_GetInstance   fsl_pit.o
    0x000027d8   0x000027d8   0x000000b8   Code   RO         4155    i.PIT_Init          fsl_pit.o
    0x00002890   0x00002890   0x0000000e   Code   RO          221    i.PORT_SetPinMux    pin_mux.o
    0x0000289e   0x0000289e   0x00000002   PAD
    0x000028a0   0x000028a0   0x00000098   Code   RO         6519    i.PitInit           timers.o
    0x00002938   0x00002938   0x0000009c   Code   RO         6355    i.ReadBurst16       i2commands.o
    0x000029d4   0x000029d4   0x00000080   Code   RO         6357    i.ReadReg16         i2commands.o
    0x00002a54   0x00002a54   0x00000028   Code   RO         6359    i.ReadReg8          i2commands.o
    0x00002a7c   0x00002a7c   0x00000044   Code   RO         6278    i.ReadSpi           spicomm.o
    0x00002ac0   0x00002ac0   0x00000048   Code   RO         6279    i.ReadSpiBurst      spicomm.o
    0x00002b08   0x00002b08   0x0000007c   Code   RO         5055    i.SDHC_DriverIRQHandler  fsl_sdhc.o
    0x00002b84   0x00002b84   0x00000070   Code   RO         1338    i.SPI0_DriverIRQHandler  fsl_dspi.o
    0x00002bf4   0x00002bf4   0x00000070   Code   RO         1339    i.SPI1_DriverIRQHandler  fsl_dspi.o
    0x00002c64   0x00002c64   0x00000070   Code   RO         1340    i.SPI2_DriverIRQHandler  fsl_dspi.o
    0x00002cd4   0x00002cd4   0x0000003c   Code   RO         6281    i.SendSpi           spicomm.o
    0x00002d10   0x00002d10   0x00000016   Code   RO         6360    i.SendStartConv     i2commands.o
    0x00002d26   0x00002d26   0x00000016   Code   RO         6361    i.SendStopConv      i2commands.o
    0x00002d3c   0x00002d3c   0x0000009c   Code   RO         6362    i.SetBurst          i2commands.o
    0x00002dd8   0x00002dd8   0x0000008c   Code   RO         6363    i.SetConvRate       i2commands.o
    0x00002e64   0x00002e64   0x00000080   Code   RO         6364    i.SetRunMode        i2commands.o
    0x00002ee4   0x00002ee4   0x000000d8   Code   RO         6283    i.SpiInit           spicomm.o
    0x00002fbc   0x00002fbc   0x00000050   Code   RO         6479    i.StartDma          dma.o
    0x0000300c   0x0000300c   0x00000014   Code   RO         6284    i.StartSpiTransfer  spicomm.o
    0x00003020   0x00003020   0x00000014   Code   RO         6480    i.StopDma           dma.o
    0x00003034   0x00003034   0x00000054   Code   RO         6520    i.SysTickDelayUs    timers.o
    0x00003088   0x00003088   0x00000030   Code   RO         6229    i.SystemInit        system_mk66f18.o
    0x000030b8   0x000030b8   0x00000002   Code   RO         6230    i.SystemInitHook    system_mk66f18.o
    0x000030ba   0x000030ba   0x00000002   PAD
    0x000030bc   0x000030bc   0x0000002c   Code   RO         5766    i.UART0_DriverIRQHandler  fsl_uart.o
    0x000030e8   0x000030e8   0x00000018   Code   RO         5767    i.UART0_RX_TX_DriverIRQHandler  fsl_uart.o
    0x00003100   0x00003100   0x0000002c   Code   RO         5768    i.UART1_DriverIRQHandler  fsl_uart.o
    0x0000312c   0x0000312c   0x00000018   Code   RO         5769    i.UART1_RX_TX_DriverIRQHandler  fsl_uart.o
    0x00003144   0x00003144   0x0000002c   Code   RO         5770    i.UART2_DriverIRQHandler  fsl_uart.o
    0x00003170   0x00003170   0x00000018   Code   RO         5771    i.UART2_RX_TX_DriverIRQHandler  fsl_uart.o
    0x00003188   0x00003188   0x0000002c   Code   RO         5772    i.UART3_DriverIRQHandler  fsl_uart.o
    0x000031b4   0x000031b4   0x00000018   Code   RO         5773    i.UART3_RX_TX_DriverIRQHandler  fsl_uart.o
    0x000031cc   0x000031cc   0x0000002c   Code   RO         5774    i.UART4_DriverIRQHandler  fsl_uart.o
    0x000031f8   0x000031f8   0x00000018   Code   RO         5775    i.UART4_RX_TX_DriverIRQHandler  fsl_uart.o
    0x00003210   0x00003210   0x00000018   Code   RO         6365    i.WaitTillIdle      i2commands.o
    0x00003228   0x00003228   0x00000078   Code   RO         6366    i.WriteReg16        i2commands.o
    0x000032a0   0x000032a0   0x00000034   Code   RO         6367    i.WriteReg8         i2commands.o
    0x000032d4   0x000032d4   0x00000018   Code   RO            6    i.main              mainapp.o
    0x000032ec   0x000032ec   0x000002b0   Code   RO         6731    x$fpl$ddiv          fz_wm.l(ddiv.o)
    0x0000359c   0x0000359c   0x0000005e   Code   RO         6734    x$fpl$dfix          fz_wm.l(dfix.o)
    0x000035fa   0x000035fa   0x00000026   Code   RO         6738    x$fpl$dfltu         fz_wm.l(dflt_clz.o)
    0x00003620   0x00003620   0x00000154   Code   RO         6744    x$fpl$dmul          fz_wm.l(dmul.o)
    0x00003774   0x00003774   0x0000009c   Code   RO         6831    x$fpl$dnaninf       fz_wm.l(dnaninf.o)
    0x00003810   0x00003810   0x0000000c   Code   RO         6833    x$fpl$dretinf       fz_wm.l(dretinf.o)
    0x0000381c   0x0000381c   0x0000000a   Code   RO         6890    x$fpl$fpinit        fz_wm.l(fpinit.o)
    0x00003826   0x00003826   0x00000000   Code   RO         6835    x$fpl$usenofp       fz_wm.l(usenofp.o)
    0x00003826   0x00003826   0x00000002   PAD
    0x00003828   0x00003828   0x0000001c   Data   RO          177    .constdata          clock_config.o
    0x00003844   0x00003844   0x00000002   Data   RO          222    .constdata          pin_mux.o
    0x00003846   0x00003846   0x00000002   PAD
    0x00003848   0x00003848   0x00000060   Data   RO          518    .constdata          fsl_clock.o
    0x000038a8   0x000038a8   0x00000008   Data   RO         1252    .constdata          fsl_dmamux.o
    0x000038b0   0x000038b0   0x000000c1   Data   RO         1342    .constdata          fsl_dspi.o
    0x00003971   0x00003971   0x00000003   PAD
    0x00003974   0x00003974   0x00000008   Data   RO         4156    .constdata          fsl_pit.o
    0x0000397c   0x0000397c   0x0000000c   Data   RO         6285    .constdata          spicomm.o
    0x00003988   0x00003988   0x00000020   Data   RO         6981    Region$$Table       anon$$obj.o


    Execution Region RW_m_data (Exec base: 0x1fff0000, Load base: 0x000039a8, Size: 0x00000000, Max: 0x00010000, ABSOLUTE)

    **** No section assigned to this execution region ****


    Execution Region RW_m_data_2 (Exec base: 0x20000000, Load base: 0x000039a8, Size: 0x00000138, Max: 0x0002f800, ABSOLUTE)

    Exec Addr    Load Addr    Size         Type   Attr      Idx    E Section Name        Object

    0x20000000   0x000039a8   0x00000014   Data   RW          127    .data               spitestapp.o
    0x20000014   0x000039bc   0x00000014   Data   RW          519    .data               fsl_clock.o
    0x20000028   0x000039d0   0x0000000b   Data   RW         1343    .data               fsl_dspi.o
    0x20000033   0x000039db   0x00000001   PAD
    0x20000034   0x000039dc   0x00000014   Data   RW         2122    .data               fsl_enet.o
    0x20000048   0x000039f0   0x0000000c   Data   RW         2445    .data               fsl_flexcan.o
    0x20000054   0x000039fc   0x00000008   Data   RW         3322    .data               fsl_i2c.o
    0x2000005c   0x00003a04   0x00000008   Data   RW         3844    .data               fsl_lpuart.o
    0x20000064   0x00003a0c   0x00000010   Data   RW         4533    .data               fsl_sai.o
    0x20000074   0x00003a1c   0x00000008   Data   RW         5090    .data               fsl_sdhc.o
    0x2000007c   0x00003a24   0x00000004   Data   RW         5805    .data               fsl_uart.o
    0x20000080   0x00003a28   0x00000004   Data   RW         6231    .data               system_mk66f18.o
    0x20000084   0x00003a2c   0x00000003   Data   RW         6368    .data               i2commands.o
    0x20000087   0x00003a2f   0x00000001   PAD
    0x20000088        -       0x0000000c   Zero   RW         1341    .bss                fsl_dspi.o
    0x20000094        -       0x00000080   Zero   RW         1795    .bss                fsl_edma.o
    0x20000114        -       0x00000010   Zero   RW         3320    .bss                fsl_i2c.o
    0x20000124        -       0x00000014   Zero   RW         5803    .bss                fsl_uart.o


    Execution Region ARM_LIB_HEAP (Exec base: 0x20000138, Load base: 0x00003a30, Size: 0x00000400, Max: 0x00000400, ABSOLUTE)

    Exec Addr    Load Addr    Size         Type   Attr      Idx    E Section Name        Object

    0x20000138        -       0x00000400   Zero   RW            1    ARM_LIB_HEAP.bss    anon$$obj.o


    Execution Region ARM_LIB_STACK (Exec base: 0x2002fc00, Load base: 0x00003a30, Size: 0x00000400, Max: 0x00000400, ABSOLUTE)

    Exec Addr    Load Addr    Size         Type   Attr      Idx    E Section Name        Object

    0x2002fc00        -       0x00000400   Zero   RW            2    ARM_LIB_STACK.bss   anon$$obj.o


==============================================================================

Image component sizes


      Code (inc. data)   RO Data    RW Data    ZI Data      Debug   Object Name

       124         40         28          0          0      11012   clock_config.o
       292         54          0          0          0       2192   dma.o
         0          0          0          0          0       8407   fsl_adc16.o
      2188        658         96         20          0      28463   fsl_clock.o
         0          0          0          0          0       5156   fsl_cmt.o
       180         98          8          0          0       2090   fsl_dmamux.o
      1226        410        193         11         12      19769   fsl_dspi.o
      1592        288          0          0        128      44647   fsl_edma.o
       176         48          0         20          0      16164   fsl_enet.o
       272        168          0         12          0      12256   fsl_flexcan.o
       140         60          0          0          0       2287   fsl_gpio.o
       172         50          0          8         16       7104   fsl_i2c.o
        44         12          0          8          0      10747   fsl_lpuart.o
       312        146          8          0          0       3595   fsl_pit.o
       248        144          0         16          0       8622   fsl_sai.o
       124         72          0          8          0      11456   fsl_sdhc.o
       340         60          0          4         20      10136   fsl_uart.o
      1432         98          0          3          0      10717   i2commands.o
        24          0          0          0          0     737608   mainapp.o
       134         22          2          0          0      13533   pin_mux.o
       436         78         12          0          0       3325   spicomm.o
        20          0          0         20          0       2061   spitestapp.o
       500        238       1040          0          0       3632   startup_mk66f18.o
        50          8          0          4          0       1272   system_mk66f18.o
       336         18          0          0          0       1008   testmode3.o
       572         30          0          0          0       7555   testmode4.o
       236         78          0          0          0       2719   timers.o

    ----------------------------------------------------------------------
     11176       2878       1424        136       2224     987533   Object Totals
         0          0         32          0       2048          0   (incl. Generated)
         6          0          5          2          0          0   (incl. Padding)

    ----------------------------------------------------------------------

      Code (inc. data)   RO Data    RW Data    ZI Data      Debug   Library Member Name

         8          0          0          0          0         68   __main.o
         0          0          0          0          0          0   __rtentry.o
        12          0          0          0          0          0   __rtentry2.o
         8          4          0          0          0          0   __rtentry7.o
        52          8          0          0          0          0   __scatter.o
        26          0          0          0          0          0   __scatter_copy.o
        28          0          0          0          0          0   __scatter_zi.o
        22          0          0          0          0         80   abort.o
       128         42          0          0          0         76   assert.o
        20          0          0          0          0         76   assert_puts.o
        48         34          0          0          0         76   defsig_abrt_inner.o
        14          0          0          0          0         80   defsig_abrt_outer.o
        10          0          0          0          0         68   defsig_exit.o
        50          0          0          0          0         88   defsig_general.o
        18          0          0          0          0         80   exit.o
         0          0          0          0          0          0   indicate_semi.o
         2          0          0          0          0          0   libinit.o
         6          0          0          0          0          0   libinit2.o
         2          0          0          0          0          0   libshutdown.o
         2          0          0          0          0          0   libshutdown2.o
       238          0          0          0          0        100   lludivv7m.o
        78          0          0          0          0         80   rt_memclr_w.o
         2          0          0          0          0          0   rtexit.o
        10          0          0          0          0          0   rtexit2.o
        12          4          0          0          0         68   sys_exit.o
        14          0          0          0          0         76   sys_wrch.o
         2          0          0          0          0         68   use_no_semi.o
       688        140          0          0          0        256   ddiv.o
        94          4          0          0          0        140   dfix.o
        38          0          0          0          0        116   dflt_clz.o
       340         12          0          0          0        152   dmul.o
       156          4          0          0          0        140   dnaninf.o
        12          0          0          0          0        116   dretinf.o
        10          0          0          0          0        116   fpinit.o
         0          0          0          0          0          0   usenofp.o

    ----------------------------------------------------------------------
      2160        252          0          0          0       2120   Library Totals
        10          0          0          0          0          0   (incl. Padding)

    ----------------------------------------------------------------------

      Code (inc. data)   RO Data    RW Data    ZI Data      Debug   Library Name

       812         92          0          0          0       1084   c_w.l
      1338        160          0          0          0       1036   fz_wm.l

    ----------------------------------------------------------------------
      2160        252          0          0          0       2120   Library Totals

    ----------------------------------------------------------------------

==============================================================================


      Code (inc. data)   RO Data    RW Data    ZI Data      Debug   

     13336       3130       1424        136       2224     977333   Grand Totals
     13336       3130       1424        136       2224     977333   ELF Image Totals
     13336       3130       1424        136          0          0   ROM Totals

==============================================================================

    Total RO  Size (Code + RO Data)                14760 (  14.41kB)
    Total RW  Size (RW Data + ZI Data)              2360 (   2.30kB)
    Total ROM Size (Code + RO Data + RW Data)      14896 (  14.55kB)

==============================================================================

